Component: ARM Compiler 5.06 update 3 (build 300) Tool: armlink [4d35c9]

==============================================================================

Section Cross References

    system_stm32f10x.o(.text) refers to system_stm32f10x.o(.data) for SystemCoreClock
    minibalance.o(.text) refers to delay.o(.text) for delay_init
    minibalance.o(.text) refers to usart.o(.text) for uart_init
    minibalance.o(.text) refers to sys.o(.text) for JTAG_Set
    minibalance.o(.text) refers to tongxin.o(.text) for TongXinSend_Init
    minibalance.o(.text) refers to key.o(.text) for KEY_Init
    minibalance.o(.text) refers to motor.o(.text) for MiniBalance_PWM_Init
    minibalance.o(.text) refers to usart3.o(.text) for usart3_init
    minibalance.o(.text) refers to encoder.o(.text) for Encoder_Init_TIM2
    minibalance.o(.text) refers to ioi2c.o(.text) for IIC_Init
    minibalance.o(.text) refers to mpu6050.o(.text) for MPU6050_initialize
    minibalance.o(.text) refers to oled.o(.text) for OLED_Init
    minibalance.o(.text) refers to exti.o(.text) for MiniBalance_EXTI_Init
    minibalance.o(.text) refers to noretval__2printf.o(.text) for __2printf
    minibalance.o(.text) refers to feqf.o(x$fpl$feqf) for __aeabi_cfcmpeq
    minibalance.o(.text) refers to usart3.o(.data) for pos_x
    startup_stm32f10x_md.o(STACK) refers (Special) to heapauxi.o(.text) for __use_two_region_memory
    startup_stm32f10x_md.o(HEAP) refers (Special) to heapauxi.o(.text) for __use_two_region_memory
    startup_stm32f10x_md.o(RESET) refers (Special) to heapauxi.o(.text) for __use_two_region_memory
    startup_stm32f10x_md.o(RESET) refers to startup_stm32f10x_md.o(STACK) for __initial_sp
    startup_stm32f10x_md.o(RESET) refers to startup_stm32f10x_md.o(.text) for Reset_Handler
    startup_stm32f10x_md.o(RESET) refers to stm32f10x_it.o(.text) for NMI_Handler
    startup_stm32f10x_md.o(RESET) refers to encoder.o(.text) for TIM2_IRQHandler
    startup_stm32f10x_md.o(RESET) refers to timer.o(.text) for TIM3_IRQHandler
    startup_stm32f10x_md.o(RESET) refers to usart.o(.text) for USART1_IRQHandler
    startup_stm32f10x_md.o(RESET) refers to usart3.o(.text) for USART3_IRQHandler
    startup_stm32f10x_md.o(RESET) refers to control.o(.text) for EXTI15_10_IRQHandler
    startup_stm32f10x_md.o(.text) refers (Special) to heapauxi.o(.text) for __use_two_region_memory
    startup_stm32f10x_md.o(.text) refers to system_stm32f10x.o(.text) for SystemInit
    startup_stm32f10x_md.o(.text) refers to __main.o(!!!main) for __main
    startup_stm32f10x_md.o(.text) refers to startup_stm32f10x_md.o(HEAP) for Heap_Mem
    startup_stm32f10x_md.o(.text) refers to startup_stm32f10x_md.o(STACK) for Stack_Mem
    stm32f10x_adc.o(.text) refers to stm32f10x_rcc.o(.text) for RCC_APB2PeriphResetCmd
    stm32f10x_bkp.o(.text) refers to stm32f10x_rcc.o(.text) for RCC_BackupResetCmd
    stm32f10x_can.o(.text) refers to stm32f10x_rcc.o(.text) for RCC_APB1PeriphResetCmd
    stm32f10x_cec.o(.text) refers to stm32f10x_rcc.o(.text) for RCC_APB1PeriphResetCmd
    stm32f10x_dac.o(.text) refers to stm32f10x_rcc.o(.text) for RCC_APB1PeriphResetCmd
    stm32f10x_gpio.o(.text) refers to stm32f10x_rcc.o(.text) for RCC_APB2PeriphResetCmd
    stm32f10x_i2c.o(.text) refers to stm32f10x_rcc.o(.text) for RCC_APB1PeriphResetCmd
    stm32f10x_pwr.o(.text) refers to stm32f10x_rcc.o(.text) for RCC_APB1PeriphResetCmd
    stm32f10x_rcc.o(.text) refers to stm32f10x_rcc.o(.data) for APBAHBPrescTable
    stm32f10x_spi.o(.text) refers to stm32f10x_rcc.o(.text) for RCC_APB2PeriphResetCmd
    stm32f10x_tim.o(.text) refers to stm32f10x_rcc.o(.text) for RCC_APB2PeriphResetCmd
    stm32f10x_usart.o(.text) refers to stm32f10x_rcc.o(.text) for RCC_APB2PeriphResetCmd
    stm32f10x_wwdg.o(.text) refers to stm32f10x_rcc.o(.text) for RCC_APB1PeriphResetCmd
    delay.o(.text) refers to misc.o(.text) for SysTick_CLKSourceConfig
    delay.o(.text) refers to system_stm32f10x.o(.data) for SystemCoreClock
    delay.o(.text) refers to delay.o(.data) for fac_us
    sys.o(.text) refers to sys.o(.emb_text) for WFI_SET
    usart.o(.text) refers (Special) to use_no_semi_2.o(.text) for __use_no_semihosting
    usart.o(.text) refers to stm32f10x_rcc.o(.text) for RCC_APB2PeriphClockCmd
    usart.o(.text) refers to stm32f10x_gpio.o(.text) for GPIO_Init
    usart.o(.text) refers to misc.o(.text) for NVIC_Init
    usart.o(.text) refers to stm32f10x_usart.o(.text) for USART_Init
    usart.o(.text) refers to usart.o(.data) for USART_RX_STA
    usart.o(.text) refers to usart.o(.bss) for USART_RX_BUF
    usart.o(.bss) refers (Special) to use_no_semi_2.o(.text) for __use_no_semihosting
    usart.o(.data) refers (Special) to use_no_semi_2.o(.text) for __use_no_semihosting
    key.o(.text) refers to stm32f10x_rcc.o(.text) for RCC_APB2PeriphClockCmd
    key.o(.text) refers to stm32f10x_gpio.o(.text) for GPIO_Init
    key.o(.text) refers to key.o(.data) for Forever_count
[...]
    __rt_lib_init_preinit_1                  0x080001ad   Thumb Code     0  libinit2.o(.ARM.Collect$$libinit$$00000004)
    __rt_lib_init_rand_1                     0x080001ad   Thumb Code     0  libinit2.o(.ARM.Collect$$libinit$$0000000E)
    __rt_lib_init_return                     0x080001ad   Thumb Code     0  libinit2.o(.ARM.Collect$$libinit$$00000033)
    __rt_lib_init_signal_1                   0x080001ad   Thumb Code     0  libinit2.o(.ARM.Collect$$libinit$$0000001D)
    __rt_lib_init_stdio_1                    0x080001ad   Thumb Code     0  libinit2.o(.ARM.Collect$$libinit$$00000025)
    __rt_lib_init_user_alloc_1               0x080001ad   Thumb Code     0  libinit2.o(.ARM.Collect$$libinit$$0000000C)
    __rt_lib_shutdown                        0x080001af   Thumb Code     0  libshutdown.o(.ARM.Collect$$libshutdown$$00000000)
    __rt_lib_shutdown_cpp_1                  0x080001b1   Thumb Code     0  libshutdown2.o(.ARM.Collect$$libshutdown$$00000002)
    __rt_lib_shutdown_fp_trap_1              0x080001b1   Thumb Code     0  libshutdown2.o(.ARM.Collect$$libshutdown$$00000007)
    __rt_lib_shutdown_heap_1                 0x080001b1   Thumb Code     0  libshutdown2.o(.ARM.Collect$$libshutdown$$0000000F)
    __rt_lib_shutdown_return                 0x080001b1   Thumb Code     0  libshutdown2.o(.ARM.Collect$$libshutdown$$00000010)
    __rt_lib_shutdown_signal_1               0x080001b1   Thumb Code     0  libshutdown2.o(.ARM.Collect$$libshutdown$$0000000A)
    __rt_lib_shutdown_stdio_1                0x080001b1   Thumb Code     0  libshutdown2.o(.ARM.Collect$$libshutdown$$00000004)
    __rt_lib_shutdown_user_alloc_1           0x080001b1   Thumb Code     0  libshutdown2.o(.ARM.Collect$$libshutdown$$0000000C)
    __rt_entry                               0x080001b3   Thumb Code     0  __rtentry.o(.ARM.Collect$$rtentry$$00000000)
    __rt_entry_presh_1                       0x080001b3   Thumb Code     0  __rtentry2.o(.ARM.Collect$$rtentry$$00000002)
    __rt_entry_sh                            0x080001b3   Thumb Code     0  __rtentry4.o(.ARM.Collect$$rtentry$$00000004)
    __rt_entry_li                            0x080001b9   Thumb Code     0  __rtentry2.o(.ARM.Collect$$rtentry$$0000000A)
    __rt_entry_postsh_1                      0x080001b9   Thumb Code     0  __rtentry2.o(.ARM.Collect$$rtentry$$00000009)
    __rt_entry_main                          0x080001bd   Thumb Code     0  __rtentry2.o(.ARM.Collect$$rtentry$$0000000D)
    __rt_entry_postli_1                      0x080001bd   Thumb Code     0  __rtentry2.o(.ARM.Collect$$rtentry$$0000000C)
    __rt_exit                                0x080001c5   Thumb Code     0  rtexit.o(.ARM.Collect$$rtexit$$00000000)
    __rt_exit_ls                             0x080001c7   Thumb Code     0  rtexit2.o(.ARM.Collect$$rtexit$$00000003)
    __rt_exit_prels_1                        0x080001c7   Thumb Code     0  rtexit2.o(.ARM.Collect$$rtexit$$00000002)
    __rt_exit_exit                           0x080001cb   Thumb Code     0  rtexit2.o(.ARM.Collect$$rtexit$$00000004)
    WFI_SET                                  0x080001d1   Thumb Code     2  sys.o(.emb_text)
    INTX_DISABLE                             0x080001d3   Thumb Code     2  sys.o(.emb_text)
    INTX_ENABLE                              0x080001d5   Thumb Code     2  sys.o(.emb_text)
    MSR_MSP                                  0x080001d7   Thumb Code     6  sys.o(.emb_text)
    NMI_Handler                              0x080001dd   Thumb Code     2  stm32f10x_it.o(.text)
    HardFault_Handler                        0x080001df   Thumb Code     4  stm32f10x_it.o(.text)
    MemManage_Handler                        0x080001e3   Thumb Code     4  stm32f10x_it.o(.text)
    BusFault_Handler                         0x080001e7   Thumb Code     4  stm32f10x_it.o(.text)
    UsageFault_Handler                       0x080001eb   Thumb Code     4  stm32f10x_it.o(.text)
    SVC_Handler                              0x080001ef   Thumb Code     2  stm32f10x_it.o(.text)
    DebugMon_Handler                         0x080001f1   Thumb Code     2  stm32f10x_it.o(.text)
    PendSV_Handler                           0x080001f3   Thumb Code     2  stm32f10x_it.o(.text)
    SysTick_Handler                          0x080001f5   Thumb Code     2  stm32f10x_it.o(.text)
    SystemInit                               0x080002d7   Thumb Code    78  system_stm32f10x.o(.text)
    SystemCoreClockUpdate                    0x08000325   Thumb Code   142  system_stm32f10x.o(.text)
    MAIN_Init                                0x080003d9   Thumb Code    96  minibalance.o(.text)
    main                                     0x08000439   Thumb Code    42  minibalance.o(.text)
    Reset_Handler                            0x08000475   Thumb Code     8  startup_stm32f10x_md.o(.text)
    ADC1_2_IRQHandler                        0x0800048f   Thumb Code     0  startup_stm32f10x_md.o(.text)
    CAN1_RX1_IRQHandler                      0x0800048f   Thumb Code     0  startup_stm32f10x_md.o(.text)
    CAN1_SCE_IRQHandler                      0x0800048f   Thumb Code     0  startup_stm32f10x_md.o(.text)
    DMA1_Channel1_IRQHandler                 0x0800048f   Thumb Code     0  startup_stm32f10x_md.o(.text)
    DMA1_Channel2_IRQHandler                 0x0800048f   Thumb Code     0  startup_stm32f10x_md.o(.text)
    DMA1_Channel3_IRQHandler                 0x0800048f   Thumb Code     0  startup_stm32f10x_md.o(.text)
    DMA1_Channel4_IRQHandler                 0x0800048f   Thumb Code     0  startup_stm32f10x_md.o(.text)
    DMA1_Channel5_IRQHandler                 0x0800048f   Thumb Code     0  startup_stm32f10x_md.o(.text)
    DMA1_Channel6_IRQHandler                 0x0800048f   Thumb Code     0  startup_stm32f10x_md.o(.text)
    DMA1_Channel7_IRQHandler                 0x0800048f   Thumb Code     0  startup_stm32f10x_md.o(.text)
    EXTI0_IRQHandler                         0x0800048f   Thumb Code     0  startup_stm32f10x_md.o(.text)
    EXTI1_IRQHandler                         0x0800048f   Thumb Code     0  startup_stm32f10x_md.o(.text)
    EXTI2_IRQHandler                         0x0800048f   Thumb Code     0  startup_stm32f10x_md.o(.text)
    EXTI3_IRQHandler                         0x0800048f   Thumb Code     0  startup_stm32f10x_md.o(.text)
    EXTI4_IRQHandler                         0x0800048f   Thumb Code     0  startup_stm32f10x_md.o(.text)
    EXTI9_5_IRQHandler                       0x0800048f   Thumb Code     0  startup_stm32f10x_md.o(.text)
    FLASH_IRQHandler                         0x0800048f   Thumb Code     0  startup_stm32f10x_md.o(.text)
    I2C1_ER_IRQHandler                       0x0800048f   Thumb Code     0  startup_stm32f10x_md.o(.text)
    I2C1_EV_IRQHandler                       0x0800048f   Thumb Code     0  startup_stm32f10x_md.o(.text)
    I2C2_ER_IRQHandler                       0x0800048f   Thumb Code     0  startup_stm32f10x_md.o(.text)
    I2C2_EV_IRQHandler                       0x0800048f   Thumb Code     0  startup_stm32f10x_md.o(.text)
    PVD_IRQHandler                           0x0800048f   Thumb Code     0  startup_stm32f10x_md.o(.text)
    RCC_IRQHandler                           0x0800048f   Thumb Code     0  startup_stm32f10x_md.o(.text)
    RTCAlarm_IRQHandler                      0x0800048f   Thumb Code     0  startup_stm32f10x_md.o(.text)
    RTC_IRQHandler                           0x0800048f   Thumb Code     0  startup_stm32f10x_md.o(.text)
    SPI1_IRQHandler                          0x0800048f   Thumb Code     0  startup_stm32f10x_md.o(.text)
    SPI2_IRQHandler                          0x0800048f   Thumb Code     0  startup_stm32f10x_md.o(.text)
    TAMPER_IRQHandler                        0x0800048f   Thumb Code     0  startup_stm32f10x_md.o(.text)
    TIM1_BRK_IRQHandler                      0x0800048f   Thumb Code     0  startup_stm32f10x_md.o(.text)
    TIM1_CC_IRQHandler                       0x0800048f   Thumb Code     0  startup_stm32f10x_md.o(.text)
    TIM1_TRG_COM_IRQHandler                  0x0800048f   Thumb Code     0  startup_stm32f10x_md.o(.text)
    TIM1_UP_IRQHandler                       0x0800048f   Thumb Code     0  startup_stm32f10x_md.o(.text)
    USART2_IRQHandler                        0x0800048f   Thumb Code     0  startup_stm32f10x_md.o(.text)
    USBWakeUp_IRQHandler                     0x0800048f   Thumb Code     0  startup_stm32f10x_md.o(.text)
    USB_HP_CAN1_TX_IRQHandler                0x0800048f   Thumb Code     0  startup_stm32f10x_md.o(.text)
    USB_LP_CAN1_RX0_IRQHandler               0x0800048f   Thumb Code     0  startup_stm32f10x_md.o(.text)
    WWDG_IRQHandler                          0x0800048f   Thumb Code     0  startup_stm32f10x_md.o(.text)
    __user_initial_stackheap                 0x08000491   Thumb Code     0  startup_stm32f10x_md.o(.text)
    NVIC_PriorityGroupConfig                 0x080004b5   Thumb Code    10  misc.o(.text)
    NVIC_Init                                0x080004bf   Thumb Code   100  misc.o(.text)
    NVIC_SetVectorTable                      0x08000523   Thumb Code    14  misc.o(.text)
    NVIC_SystemLPConfig                      0x08000531   Thumb Code    34  misc.o(.text)
    SysTick_CLKSourceConfig                  0x08000553   Thumb Code    40  misc.o(.text)
    BKP_DeInit                               0x08000591   Thumb Code    16  stm32f10x_bkp.o(.text)
    BKP_TamperPinLevelConfig                 0x080005a1   Thumb Code     6  stm32f10x_bkp.o(.text)
    BKP_TamperPinCmd                         0x080005a7   Thumb Code     8  stm32f10x_bkp.o(.text)
    BKP_ITConfig                             0x080005af   Thumb Code     8  stm32f10x_bkp.o(.text)
    BKP_RTCOutputConfig                      0x080005b7   Thumb Code    22  stm32f10x_bkp.o(.text)
    BKP_SetRTCCalibrationValue               0x080005cd   Thumb Code    22  stm32f10x_bkp.o(.text)
    BKP_WriteBackupRegister                  0x080005e3   Thumb Code    24  stm32f10x_bkp.o(.text)
    BKP_ReadBackupRegister                   0x080005fb   Thumb Code    26  stm32f10x_bkp.o(.text)
    BKP_GetFlagStatus                        0x08000615   Thumb Code    10  stm32f10x_bkp.o(.text)
    BKP_ClearFlag                            0x0800061f   Thumb Code    18  stm32f10x_bkp.o(.text)
    BKP_GetITStatus                          0x08000631   Thumb Code    10  stm32f10x_bkp.o(.text)
    BKP_ClearITPendingBit                    0x0800063b   Thumb Code    18  stm32f10x_bkp.o(.text)
    EXTI_DeInit                              0x08000655   Thumb Code    28  stm32f10x_exti.o(.text)
    EXTI_Init                                0x08000671   Thumb Code   142  stm32f10x_exti.o(.text)
    EXTI_StructInit                          0x080006ff   Thumb Code    16  stm32f10x_exti.o(.text)
    EXTI_GenerateSWInterrupt                 0x0800070f   Thumb Code    16  stm32f10x_exti.o(.text)
    EXTI_GetFlagStatus                       0x0800071f   Thumb Code    22  stm32f10x_exti.o(.text)
    EXTI_ClearFlag                           0x08000735   Thumb Code     8  stm32f10x_exti.o(.text)
    EXTI_GetITStatus                         0x0800073d   Thumb Code    34  stm32f10x_exti.o(.text)
    EXTI_ClearITPendingBit                   0x0800075f   Thumb Code     8  stm32f10x_exti.o(.text)
    GPIO_DeInit                              0x08000771   Thumb Code   172  stm32f10x_gpio.o(.text)
    GPIO_AFIODeInit                          0x0800081d   Thumb Code    20  stm32f10x_gpio.o(.text)
    GPIO_Init                                0x08000831   Thumb Code   278  stm32f10x_gpio.o(.text)
    GPIO_StructInit                          0x08000947   Thumb Code    16  stm32f10x_gpio.o(.text)
    GPIO_ReadInputDataBit                    0x08000957   Thumb Code    18  stm32f10x_gpio.o(.text)
    GPIO_ReadInputData                       0x08000969   Thumb Code     8  stm32f10x_gpio.o(.text)
    GPIO_ReadOutputDataBit                   0x08000971   Thumb Code    18  stm32f10x_gpio.o(.text)
    GPIO_ReadOutputData                      0x08000983   Thumb Code     8  stm32f10x_gpio.o(.text)
    GPIO_SetBits                             0x0800098b   Thumb Code     4  stm32f10x_gpio.o(.text)
    GPIO_ResetBits                           0x0800098f   Thumb Code     4  stm32f10x_gpio.o(.text)
    GPIO_WriteBit                            0x08000993   Thumb Code    10  stm32f10x_gpio.o(.text)
    GPIO_Write                               0x0800099d   Thumb Code     4  stm32f10x_gpio.o(.text)
    GPIO_PinLockConfig                       0x080009a1   Thumb Code    18  stm32f10x_gpio.o(.text)
    GPIO_EventOutputConfig                   0x080009b3   Thumb Code    26  stm32f10x_gpio.o(.text)
    GPIO_EventOutputCmd                      0x080009cd   Thumb Code     6  stm32f10x_gpio.o(.text)
    GPIO_PinRemapConfig                      0x080009d3   Thumb Code   138  stm32f10x_gpio.o(.text)
    GPIO_EXTILineConfig                      0x08000a5d   Thumb Code    66  stm32f10x_gpio.o(.text)
    GPIO_ETH_MediaInterfaceConfig            0x08000a9f   Thumb Code     8  stm32f10x_gpio.o(.text)
    PWR_DeInit                               0x08000acd   Thumb Code    22  stm32f10x_pwr.o(.text)
    PWR_BackupAccessCmd                      0x08000ae3   Thumb Code     6  stm32f10x_pwr.o(.text)
    PWR_PVDCmd                               0x08000ae9   Thumb Code     6  stm32f10x_pwr.o(.text)
    PWR_PVDLevelConfig                       0x08000aef   Thumb Code    18  stm32f10x_pwr.o(.text)
    PWR_WakeUpPinCmd                         0x08000b01   Thumb Code     8  stm32f10x_pwr.o(.text)
    PWR_EnterSTOPMode                        0x08000b09   Thumb Code    54  stm32f10x_pwr.o(.text)
    PWR_EnterSTANDBYMode                     0x08000b3f   Thumb Code    42  stm32f10x_pwr.o(.text)
    PWR_GetFlagStatus                        0x08000b69   Thumb Code    20  stm32f10x_pwr.o(.text)
    PWR_ClearFlag                            0x08000b7d   Thumb Code    14  stm32f10x_pwr.o(.text)
    RCC_DeInit                               0x08000b99   Thumb Code    64  stm32f10x_rcc.o(.text)
    RCC_HSEConfig                            0x08000bd9   Thumb Code    70  stm32f10x_rcc.o(.text)
    RCC_GetFlagStatus                        0x08000c1f   Thumb Code    56  stm32f10x_rcc.o(.text)
    RCC_WaitForHSEStartUp                    0x08000c57   Thumb Code    56  stm32f10x_rcc.o(.text)
    RCC_AdjustHSICalibrationValue            0x08000c8f   Thumb Code    20  stm32f10x_rcc.o(.text)
    RCC_HSICmd                               0x08000ca3   Thumb Code     6  stm32f10x_rcc.o(.text)
    RCC_PLLConfig                            0x08000ca9   Thumb Code    24  stm32f10x_rcc.o(.text)
    RCC_PLLCmd                               0x08000cc1   Thumb Code     6  stm32f10x_rcc.o(.text)
    RCC_SYSCLKConfig                         0x08000cc7   Thumb Code    18  stm32f10x_rcc.o(.text)
    RCC_GetSYSCLKSource                      0x08000cd9   Thumb Code    10  stm32f10x_rcc.o(.text)
    RCC_HCLKConfig                           0x08000ce3   Thumb Code    18  stm32f10x_rcc.o(.text)
    RCC_PCLK1Config                          0x08000cf5   Thumb Code    18  stm32f10x_rcc.o(.text)
    RCC_PCLK2Config                          0x08000d07   Thumb Code    20  stm32f10x_rcc.o(.text)
    RCC_ITConfig                             0x08000d1b   Thumb Code    26  stm32f10x_rcc.o(.text)
    RCC_USBCLKConfig                         0x08000d35   Thumb Code     8  stm32f10x_rcc.o(.text)
    RCC_ADCCLKConfig                         0x08000d3d   Thumb Code    18  stm32f10x_rcc.o(.text)
    RCC_LSEConfig                            0x08000d4f   Thumb Code    50  stm32f10x_rcc.o(.text)
    RCC_LSICmd                               0x08000d81   Thumb Code     6  stm32f10x_rcc.o(.text)
    RCC_RTCCLKConfig                         0x08000d87   Thumb Code    12  stm32f10x_rcc.o(.text)
    RCC_RTCCLKCmd                            0x08000d93   Thumb Code     8  stm32f10x_rcc.o(.text)
    RCC_GetClocksFreq                        0x08000d9b   Thumb Code   192  stm32f10x_rcc.o(.text)
    RCC_AHBPeriphClockCmd                    0x08000e5b   Thumb Code    26  stm32f10x_rcc.o(.text)
    RCC_APB2PeriphClockCmd                   0x08000e75   Thumb Code    26  stm32f10x_rcc.o(.text)
    RCC_APB1PeriphClockCmd                   0x08000e8f   Thumb Code    26  stm32f10x_rcc.o(.text)
    RCC_APB2PeriphResetCmd                   0x08000ea9   Thumb Code    26  stm32f10x_rcc.o(.text)
    RCC_APB1PeriphResetCmd                   0x08000ec3   Thumb Code    26  stm32f10x_rcc.o(.text)
    RCC_BackupResetCmd                       0x08000edd   Thumb Code     8  stm32f10x_rcc.o(.text)
    RCC_ClockSecuritySystemCmd               0x08000ee5   Thumb Code     6  stm32f10x_rcc.o(.text)
    RCC_MCOConfig                            0x08000eeb   Thumb Code     6  stm32f10x_rcc.o(.text)
    RCC_ClearFlag                            0x08000ef1   Thumb Code    14  stm32f10x_rcc.o(.text)
    RCC_GetITStatus                          0x08000eff   Thumb Code    20  stm32f10x_rcc.o(.text)
    RCC_ClearITPendingBit                    0x08000f13   Thumb Code     6  stm32f10x_rcc.o(.text)
    TIM_DeInit                               0x08000f3d   Thumb Code   424  stm32f10x_tim.o(.text)
    TIM_TimeBaseInit                         0x080010e5   Thumb Code   122  stm32f10x_tim.o(.text)
    TIM_OC1Init                              0x0800115f   Thumb Code   132  stm32f10x_tim.o(.text)
    TIM_OC2Init                              0x080011e3   Thumb Code   154  stm32f10x_tim.o(.text)
    TIM_OC3Init                              0x0800127d   Thumb Code   150  stm32f10x_tim.o(.text)
    TIM_OC4Init                              0x08001313   Thumb Code   182  stm32f10x_tim.o(.text)
    TIM_SetIC4Prescaler                      0x080013c9   Thumb Code    26  stm32f10x_tim.o(.text)
    TIM_SetIC3Prescaler                      0x08001465   Thumb Code    18  stm32f10x_tim.o(.text)
    TIM_SetIC2Prescaler                      0x080014f1   Thumb Code    26  stm32f10x_tim.o(.text)
    TIM_SetIC1Prescaler                      0x0800158d   Thumb Code    18  stm32f10x_tim.o(.text)
    TIM_ICInit                               0x0800160b   Thumb Code   150  stm32f10x_tim.o(.text)
    TIM_PWMIConfig                           0x080016a1   Thumb Code   124  stm32f10x_tim.o(.text)
    TIM_BDTRConfig                           0x0800171d   Thumb Code    32  stm32f10x_tim.o(.text)
    TIM_TimeBaseStructInit                   0x0800173d   Thumb Code    18  stm32f10x_tim.o(.text)
    TIM_OCStructInit                         0x0800174f   Thumb Code    20  stm32f10x_tim.o(.text)
    TIM_ICStructInit                         0x08001763   Thumb Code    18  stm32f10x_tim.o(.text)
    TIM_BDTRStructInit                       0x08001775   Thumb Code    40  stm32f10x_tim.o(.text)
    TIM_Cmd                                  0x0800179d   Thumb Code    24  stm32f10x_tim.o(.text)
    TIM_CtrlPWMOutputs                       0x080017b5   Thumb Code    30  stm32f10x_tim.o(.text)
    TIM_ITConfig                             0x080017d3   Thumb Code    18  stm32f10x_tim.o(.text)
    TIM_GenerateEvent                        0x080017e5   Thumb Code     4  stm32f10x_tim.o(.text)
    TIM_DMAConfig                            0x080017e9   Thumb Code    10  stm32f10x_tim.o(.text)
    TIM_DMACmd                               0x080017f3   Thumb Code    18  stm32f10x_tim.o(.text)
    TIM_InternalClockConfig                  0x08001805   Thumb Code    12  stm32f10x_tim.o(.text)
    TIM_SelectInputTrigger                   0x08001811   Thumb Code    18  stm32f10x_tim.o(.text)
    TIM_ITRxExternalClockConfig              0x08001823   Thumb Code    24  stm32f10x_tim.o(.text)
    TIM_TIxExternalClockConfig               0x0800183b   Thumb Code    62  stm32f10x_tim.o(.text)
    TIM_ETRConfig                            0x08001879   Thumb Code    28  stm32f10x_tim.o(.text)
    TIM_ETRClockMode1Config                  0x08001895   Thumb Code    54  stm32f10x_tim.o(.text)
    TIM_ETRClockMode2Config                  0x080018cb   Thumb Code    32  stm32f10x_tim.o(.text)
    TIM_PrescalerConfig                      0x080018eb   Thumb Code     6  stm32f10x_tim.o(.text)
    TIM_CounterModeConfig                    0x080018f1   Thumb Code    18  stm32f10x_tim.o(.text)
    TIM_EncoderInterfaceConfig               0x08001903   Thumb Code    66  stm32f10x_tim.o(.text)
    TIM_ForcedOC1Config                      0x08001945   Thumb Code    18  stm32f10x_tim.o(.text)
    TIM_ForcedOC2Config                      0x08001957   Thumb Code    26  stm32f10x_tim.o(.text)
    TIM_ForcedOC3Config                      0x08001971   Thumb Code    18  stm32f10x_tim.o(.text)
    TIM_ForcedOC4Config                      0x08001983   Thumb Code    26  stm32f10x_tim.o(.text)
    TIM_ARRPreloadConfig                     0x0800199d   Thumb Code    24  stm32f10x_tim.o(.text)
    TIM_SelectCOM                            0x080019b5   Thumb Code    24  stm32f10x_tim.o(.text)
    TIM_SelectCCDMA                          0x080019cd   Thumb Code    24  stm32f10x_tim.o(.text)
    TIM_CCPreloadControl                     0x080019e5   Thumb Code    24  stm32f10x_tim.o(.text)
    TIM_OC1PreloadConfig                     0x080019fd   Thumb Code    18  stm32f10x_tim.o(.text)
    TIM_OC2PreloadConfig                     0x08001a0f   Thumb Code    26  stm32f10x_tim.o(.text)
    TIM_OC3PreloadConfig                     0x08001a29   Thumb Code    18  stm32f10x_tim.o(.text)
    TIM_OC4PreloadConfig                     0x08001a3b   Thumb Code    26  stm32f10x_tim.o(.text)
    TIM_OC1FastConfig                        0x08001a55   Thumb Code    18  stm32f10x_tim.o(.text)
    TIM_OC2FastConfig                        0x08001a67   Thumb Code    26  stm32f10x_tim.o(.text)
    TIM_OC3FastConfig                        0x08001a81   Thumb Code    18  stm32f10x_tim.o(.text)
    TIM_OC4FastConfig                        0x08001a93   Thumb Code    26  stm32f10x_tim.o(.text)
    TIM_ClearOC1Ref                          0x08001aad   Thumb Code    18  stm32f10x_tim.o(.text)
    TIM_ClearOC2Ref                          0x08001abf   Thumb Code    24  stm32f10x_tim.o(.text)
    TIM_ClearOC3Ref                          0x08001ad7   Thumb Code    18  stm32f10x_tim.o(.text)
    TIM_ClearOC4Ref                          0x08001ae9   Thumb Code    24  stm32f10x_tim.o(.text)
    TIM_OC1PolarityConfig                    0x08001b01   Thumb Code    18  stm32f10x_tim.o(.text)
    TIM_OC1NPolarityConfig                   0x08001b13   Thumb Code    18  stm32f10x_tim.o(.text)
    TIM_OC2PolarityConfig                    0x08001b25   Thumb Code    26  stm32f10x_tim.o(.text)
    TIM_OC2NPolarityConfig                   0x08001b3f   Thumb Code    26  stm32f10x_tim.o(.text)
    TIM_OC3PolarityConfig                    0x08001b59   Thumb Code    26  stm32f10x_tim.o(.text)
    TIM_OC3NPolarityConfig                   0x08001b73   Thumb Code    26  stm32f10x_tim.o(.text)
    TIM_OC4PolarityConfig                    0x08001b8d   Thumb Code    26  stm32f10x_tim.o(.text)
    TIM_CCxCmd                               0x08001ba7   Thumb Code    30  stm32f10x_tim.o(.text)
    TIM_CCxNCmd                              0x08001bc5   Thumb Code    30  stm32f10x_tim.o(.text)
    TIM_SelectOCxM                           0x08001be3   Thumb Code    82  stm32f10x_tim.o(.text)
    TIM_UpdateDisableConfig                  0x08001c35   Thumb Code    24  stm32f10x_tim.o(.text)
    TIM_UpdateRequestConfig                  0x08001c4d   Thumb Code    24  stm32f10x_tim.o(.text)
    TIM_SelectHallSensor                     0x08001c65   Thumb Code    24  stm32f10x_tim.o(.text)
    TIM_SelectOnePulseMode                   0x08001c7d   Thumb Code    18  stm32f10x_tim.o(.text)
    TIM_SelectOutputTrigger                  0x08001c8f   Thumb Code    18  stm32f10x_tim.o(.text)
    TIM_SelectSlaveMode                      0x08001ca1   Thumb Code    18  stm32f10x_tim.o(.text)
    TIM_SelectMasterSlaveMode                0x08001cb3   Thumb Code    18  stm32f10x_tim.o(.text)
    TIM_SetCounter                           0x08001cc5   Thumb Code     4  stm32f10x_tim.o(.text)
    TIM_SetAutoreload                        0x08001cc9   Thumb Code     4  stm32f10x_tim.o(.text)
    TIM_SetCompare1                          0x08001ccd   Thumb Code     4  stm32f10x_tim.o(.text)
    TIM_SetCompare2                          0x08001cd1   Thumb Code     4  stm32f10x_tim.o(.text)
    TIM_SetCompare3                          0x08001cd5   Thumb Code     4  stm32f10x_tim.o(.text)
    TIM_SetCompare4                          0x08001cd9   Thumb Code     6  stm32f10x_tim.o(.text)
    TIM_SetClockDivision                     0x08001cdf   Thumb Code    18  stm32f10x_tim.o(.text)
    TIM_GetCapture1                          0x08001cf1   Thumb Code     6  stm32f10x_tim.o(.text)
    TIM_GetCapture2                          0x08001cf7   Thumb Code     6  stm32f10x_tim.o(.text)
    TIM_GetCapture3                          0x08001cfd   Thumb Code     6  stm32f10x_tim.o(.text)
    TIM_GetCapture4                          0x08001d03   Thumb Code     8  stm32f10x_tim.o(.text)
    TIM_GetCounter                           0x08001d0b   Thumb Code     6  stm32f10x_tim.o(.text)
    TIM_GetPrescaler                         0x08001d11   Thumb Code     6  stm32f10x_tim.o(.text)
    TIM_GetFlagStatus                        0x08001d17   Thumb Code    18  stm32f10x_tim.o(.text)
    TIM_ClearFlag                            0x08001d29   Thumb Code     6  stm32f10x_tim.o(.text)
    TIM_GetITStatus                          0x08001d2f   Thumb Code    34  stm32f10x_tim.o(.text)
    TIM_ClearITPendingBit                    0x08001d51   Thumb Code     6  stm32f10x_tim.o(.text)
    USART_DeInit                             0x08001d59   Thumb Code   134  stm32f10x_usart.o(.text)
    USART_Init                               0x08001ddf   Thumb Code   210  stm32f10x_usart.o(.text)
    USART_StructInit                         0x08001eb1   Thumb Code    24  stm32f10x_usart.o(.text)
    USART_ClockInit                          0x08001ec9   Thumb Code    34  stm32f10x_usart.o(.text)
    USART_ClockStructInit                    0x08001eeb   Thumb Code    12  stm32f10x_usart.o(.text)
    USART_Cmd                                0x08001ef7   Thumb Code    24  stm32f10x_usart.o(.text)
    USART_ITConfig                           0x08001f0f   Thumb Code    74  stm32f10x_usart.o(.text)
    USART_DMACmd                             0x08001f59   Thumb Code    18  stm32f10x_usart.o(.text)
    USART_SetAddress                         0x08001f6b   Thumb Code    18  stm32f10x_usart.o(.text)
    USART_WakeUpConfig                       0x08001f7d   Thumb Code    18  stm32f10x_usart.o(.text)
    USART_ReceiverWakeUpCmd                  0x08001f8f   Thumb Code    24  stm32f10x_usart.o(.text)
    USART_LINBreakDetectLengthConfig         0x08001fa7   Thumb Code    18  stm32f10x_usart.o(.text)
    USART_LINCmd                             0x08001fb9   Thumb Code    24  stm32f10x_usart.o(.text)
    USART_SendData                           0x08001fd1   Thumb Code     8  stm32f10x_usart.o(.text)
    USART_ReceiveData                        0x08001fd9   Thumb Code    10  stm32f10x_usart.o(.text)
    USART_SendBreak                          0x08001fe3   Thumb Code    10  stm32f10x_usart.o(.text)
    USART_SetGuardTime                       0x08001fed   Thumb Code    16  stm32f10x_usart.o(.text)
    USART_SetPrescaler                       0x08001ffd   Thumb Code    16  stm32f10x_usart.o(.text)
    USART_SmartCardCmd                       0x0800200d   Thumb Code    24  stm32f10x_usart.o(.text)
    USART_SmartCardNACKCmd                   0x08002025   Thumb Code    24  stm32f10x_usart.o(.text)
    USART_HalfDuplexCmd                      0x0800203d   Thumb Code    24  stm32f10x_usart.o(.text)
    USART_OverSampling8Cmd                   0x08002055   Thumb Code    22  stm32f10x_usart.o(.text)
    USART_OneBitMethodCmd                    0x0800206b   Thumb Code    24  stm32f10x_usart.o(.text)
    USART_IrDAConfig                         0x08002083   Thumb Code    18  stm32f10x_usart.o(.text)
    USART_IrDACmd                            0x08002095   Thumb Code    24  stm32f10x_usart.o(.text)
    USART_GetFlagStatus                      0x080020ad   Thumb Code    26  stm32f10x_usart.o(.text)
    USART_ClearFlag                          0x080020c7   Thumb Code    18  stm32f10x_usart.o(.text)
    USART_GetITStatus                        0x080020d9   Thumb Code    84  stm32f10x_usart.o(.text)
    USART_ClearITPendingBit                  0x0800212d   Thumb Code    52  stm32f10x_usart.o(.text)
    delay_init                               0x08002161   Thumb Code    50  delay.o(.text)
    delay_us                                 0x08002193   Thumb Code    72  delay.o(.text)
    delay_ms                                 0x080021db   Thumb Code    72  delay.o(.text)
    MY_NVIC_SetVectorTable                   0x08002235   Thumb Code    12  sys.o(.text)
    MY_NVIC_PriorityGroupConfig              0x08002241   Thumb Code    36  sys.o(.text)
    MY_NVIC_Init                             0x08002265   Thumb Code   116  sys.o(.text)
    Ex_NVIC_Config                           0x080022d9   Thumb Code   146  sys.o(.text)
    MYRCC_DeInit                             0x0800236b   Thumb Code    90  sys.o(.text)
    Sys_Standby                              0x080023c5   Thumb Code    68  sys.o(.text)
    Sys_Soft_Reset                           0x08002409   Thumb Code    12  sys.o(.text)
    JTAG_Set                                 0x08002415   Thumb Code    42  sys.o(.text)
    Stm32_Clock_Init                         0x0800243f   Thumb Code   134  sys.o(.text)
    _sys_exit                                0x080024f1   Thumb Code     4  usart.o(.text)
    fputc                                    0x080024f5   Thumb Code    24  usart.o(.text)
    uart_init                                0x0800250d   Thumb Code   152  usart.o(.text)
    USART1_IRQHandler                        0x080025a5   Thumb Code   122  usart.o(.text)
    KEY_Init                                 0x08002631   Thumb Code    32  key.o(.text)
    click_N_Double                           0x08002651   Thumb Code   184  key.o(.text)
    click                                    0x08002709   Thumb Code    38  key.o(.text)
    Long_Press                               0x0800272f   Thumb Code    72  key.o(.text)
    OLED_WR_Byte                             0x080027a1   Thumb Code    78  oled.o(.text)
    OLED_Refresh_Gram                        0x080027ef   Thumb Code    70  oled.o(.text)
    OLED_Display_On                          0x08002835   Thumb Code    28  oled.o(.text)
    OLED_Display_Off                         0x08002851   Thumb Code    28  oled.o(.text)
    OLED_Clear                               0x0800286d   Thumb Code    42  oled.o(.text)
    OLED_DrawPoint                           0x08002897   Thumb Code   100  oled.o(.text)
    OLED_ShowChar                            0x080028fb   Thumb Code   158  oled.o(.text)
    oled_pow                                 0x08002999   Thumb Code    22  oled.o(.text)
    OLED_ShowNumber                          0x080029af   Thumb Code   148  oled.o(.text)
    OLED_ShowString                          0x08002a43   Thumb Code    68  oled.o(.text)
    OLED_Init                                0x08002a87   Thumb Code   360  oled.o(.text)
    TIM3_Cap_Init                            0x08002bf1   Thumb Code   172  timer.o(.text)
    Read_Distane                             0x08002c9d   Thumb Code    94  timer.o(.text)
    TIM3_IRQHandler                          0x08002cfb   Thumb Code   186  timer.o(.text)
    MiniBalance_Motor_Init                   0x08002dd5   Thumb Code    40  motor.o(.text)
    MiniBalance_PWM_Init                     0x08002dfd   Thumb Code   164  motor.o(.text)
    Encoder_Init_TIM2                        0x08002ead   Thumb Code   154  encoder.o(.text)
    Encoder_Init_TIM4                        0x08002f47   Thumb Code   148  encoder.o(.text)
    Read_Encoder                             0x08002fdb   Thumb Code    74  encoder.o(.text)
    TIM4_IRQHandler                          0x08003025   Thumb Code    24  encoder.o(.text)
    TIM2_IRQHandler                          0x0800303d   Thumb Code    24  encoder.o(.text)
    IIC_Init                                 0x08003065   Thumb Code    40  ioi2c.o(.text)
    IIC_Start                                0x0800308d   Thumb Code    96  ioi2c.o(.text)
    IIC_Stop                                 0x080030ed   Thumb Code    68  ioi2c.o(.text)
    IIC_Wait_Ack                             0x08003131   Thumb Code    96  ioi2c.o(.text)
    IIC_Ack                                  0x08003191   Thumb Code    72  ioi2c.o(.text)
    IIC_NAck                                 0x080031d9   Thumb Code    70  ioi2c.o(.text)
    IIC_Send_Byte                            0x0800321f   Thumb Code    94  ioi2c.o(.text)
    i2cWrite                                 0x0800327d   Thumb Code    96  ioi2c.o(.text)
    IIC_Read_Byte                            0x080032dd   Thumb Code   104  ioi2c.o(.text)
    i2cRead                                  0x08003345   Thumb Code   118  ioi2c.o(.text)
    I2C_ReadOneByte                          0x080033bb   Thumb Code    70  ioi2c.o(.text)
    IICreadBytes                             0x08003401   Thumb Code   112  ioi2c.o(.text)
    IICwriteBytes                            0x08003471   Thumb Code    70  ioi2c.o(.text)
    IICreadByte                              0x080034b7   Thumb Code    22  ioi2c.o(.text)
    IICwriteByte                             0x080034cd   Thumb Code    20  ioi2c.o(.text)
    IICwriteBits                             0x080034e1   Thumb Code   106  ioi2c.o(.text)
    IICwriteBit                              0x0800354b   Thumb Code    64  ioi2c.o(.text)
    USART3_IRQHandler                        0x0800358d   Thumb Code   328  usart3.o(.text)
    usart3_init                              0x080036d5   Thumb Code   170  usart3.o(.text)
    MiniBalance_EXTI_Init                    0x080037c1   Thumb Code   108  exti.o(.text)
    TongXinSend_Init                         0x08003831   Thumb Code    50  tongxin.o(.text)
    TongXinReceive_Init                      0x08003863   Thumb Code    38  tongxin.o(.text)
    HongLan_Init                             0x08003889   Thumb Code    40  tongxin.o(.text)
    myabs                                    0x080038b5   Thumb Code    14  control.o(.text)
    Set_Pwm                                  0x080038c3   Thumb Code   102  control.o(.text)
    Turn_Off                                 0x08003929   Thumb Code    76  control.o(.text)
    Xianfu_Pwm                               0x08003975   Thumb Code    62  control.o(.text)
    velocity                                 0x080039b3   Thumb Code   422  control.o(.text)
    balance                                  0x08003b59   Thumb Code    64  control.o(.text)
    Key                                      0x08003b99   Thumb Code    22  control.o(.text)
    Get_Angle                                0x08003baf   Thumb Code   606  control.o(.text)
    EXTI15_10_IRQHandler                     0x08003e0d   Thumb Code   202  control.o(.text)
    turn                                     0x08003ed7   Thumb Code   348  control.o(.text)
    TWO_DIAN_PD                              0x08004033   Thumb Code  1228  control.o(.text)
    mpu_reg_dump                             0x08004617   Thumb Code    72  inv_mpu.o(.text)
    mpu_read_reg                             0x0800465f   Thumb Code    66  inv_mpu.o(.text)
    mpu_set_int_latched                      0x080046a1   Thumb Code   102  inv_mpu.o(.text)
    mpu_set_sensors                          0x08004707   Thumb Code   202  inv_mpu.o(.text)
    mpu_set_bypass                           0x080047d1   Thumb Code   328  inv_mpu.o(.text)
    mpu_reset_fifo                           0x08004919   Thumb Code   444  inv_mpu.o(.text)
    mpu_configure_fifo                       0x08004ad5   Thumb Code   106  inv_mpu.o(.text)
    mpu_set_lpf                              0x08004b3f   Thumb Code   126  inv_mpu.o(.text)
    mpu_lp_accel_mode                        0x08004bbd   Thumb Code   218  inv_mpu.o(.text)
    mpu_set_sample_rate                      0x08004c97   Thumb Code   152  inv_mpu.o(.text)
    mpu_set_accel_fsr                        0x08004d2f   Thumb Code   132  inv_mpu.o(.text)
    mpu_set_gyro_fsr                         0x08004db3   Thumb Code   132  inv_mpu.o(.text)
    mpu_init                                 0x08004e37   Thumb Code   416  inv_mpu.o(.text)
    myget_ms                                 0x08004fd7   Thumb Code     2  inv_mpu.o(.text)
    mpu_get_gyro_reg                         0x08004fd9   Thumb Code   110  inv_mpu.o(.text)
    mpu_get_accel_reg                        0x08005047   Thumb Code   110  inv_mpu.o(.text)
    mpu_get_temperature                      0x080050b5   Thumb Code   150  inv_mpu.o(.text)
    mpu_set_accel_bias                       0x0800514b   Thumb Code   468  inv_mpu.o(.text)
    mpu_get_gyro_fsr                         0x0800531f   Thumb Code    64  inv_mpu.o(.text)
    mpu_get_accel_fsr                        0x0800535f   Thumb Code    72  inv_mpu.o(.text)
    mpu_get_lpf                              0x080053a7   Thumb Code    74  inv_mpu.o(.text)
    mpu_get_sample_rate                      0x080053f1   Thumb Code    26  inv_mpu.o(.text)
    mpu_get_compass_sample_rate              0x0800540b   Thumb Code    10  inv_mpu.o(.text)
    mpu_set_compass_sample_rate              0x08005415   Thumb Code     8  inv_mpu.o(.text)
    mpu_get_gyro_sens                        0x0800541d   Thumb Code    58  inv_mpu.o(.text)
    mpu_get_accel_sens                       0x08005457   Thumb Code    78  inv_mpu.o(.text)
    mpu_get_fifo_config                      0x080054a5   Thumb Code    12  inv_mpu.o(.text)
    mpu_get_power_state                      0x080054b1   Thumb Code    22  inv_mpu.o(.text)
    mpu_get_int_status                       0x080054c7   Thumb Code    64  inv_mpu.o(.text)
    mpu_read_fifo                            0x08005507   Thumb Code   520  inv_mpu.o(.text)
    mpu_read_fifo_stream                     0x0800570f   Thumb Code   186  inv_mpu.o(.text)
    mpu_set_int_level                        0x080057c9   Thumb Code    12  inv_mpu.o(.text)
    mpu_set_dmp_state                        0x08005ea9   Thumb Code   138  inv_mpu.o(.text)
    mpu_run_self_test                        0x08005f33   Thumb Code   278  inv_mpu.o(.text)
    mpu_write_mem                            0x08006049   Thumb Code   122  inv_mpu.o(.text)
    mpu_read_mem                             0x080060c3   Thumb Code   122  inv_mpu.o(.text)
    mpu_load_firmware                        0x0800613d   Thumb Code   190  inv_mpu.o(.text)
    mpu_get_dmp_state                        0x080061fb   Thumb Code    14  inv_mpu.o(.text)
    mpu_get_compass_reg                      0x08006209   Thumb Code     8  inv_mpu.o(.text)
    mpu_get_compass_fsr                      0x08006211   Thumb Code     8  inv_mpu.o(.text)
    mpu_lp_motion_interrupt                  0x08006219   Thumb Code   512  inv_mpu.o(.text)
    dmp_load_motion_driver_firmware          0x0800641d   Thumb Code    20  inv_mpu_dmp_motion_driver.o(.text)
    dmp_set_orientation                      0x08006431   Thumb Code   290  inv_mpu_dmp_motion_driver.o(.text)
    dmp_set_gyro_bias                        0x08006553   Thumb Code   294  inv_mpu_dmp_motion_driver.o(.text)
    dmp_set_accel_bias                       0x08006679   Thumb Code   300  inv_mpu_dmp_motion_driver.o(.text)
    dmp_set_fifo_rate                        0x080067a5   Thumb Code   136  inv_mpu_dmp_motion_driver.o(.text)
    dmp_get_fifo_rate                        0x0800682d   Thumb Code    12  inv_mpu_dmp_motion_driver.o(.text)
    dmp_set_tap_thresh                       0x08006839   Thumb Code   396  inv_mpu_dmp_motion_driver.o(.text)
    dmp_set_tap_axes                         0x080069c5   Thumb Code    70  inv_mpu_dmp_motion_driver.o(.text)
    dmp_set_tap_count                        0x08006a0b   Thumb Code    38  inv_mpu_dmp_motion_driver.o(.text)
    dmp_set_tap_time                         0x08006a31   Thumb Code    38  inv_mpu_dmp_motion_driver.o(.text)
    dmp_set_tap_time_multi                   0x08006a57   Thumb Code    38  inv_mpu_dmp_motion_driver.o(.text)
    dmp_set_shake_reject_thresh              0x08006a7d   Thumb Code    56  inv_mpu_dmp_motion_driver.o(.text)
    dmp_set_shake_reject_time                0x08006ab5   Thumb Code    38  inv_mpu_dmp_motion_driver.o(.text)
    dmp_set_shake_reject_timeout             0x08006adb   Thumb Code    38  inv_mpu_dmp_motion_driver.o(.text)
    dmp_get_pedometer_step_count             0x08006b01   Thumb Code    66  inv_mpu_dmp_motion_driver.o(.text)
    dmp_set_pedometer_step_count             0x08006b43   Thumb Code    42  inv_mpu_dmp_motion_driver.o(.text)
    dmp_get_pedometer_walk_time              0x08006b6d   Thumb Code    72  inv_mpu_dmp_motion_driver.o(.text)
    dmp_set_pedometer_walk_time              0x08006bb5   Thumb Code    48  inv_mpu_dmp_motion_driver.o(.text)
    dmp_enable_6x_lp_quat                    0x08006be5   Thumb Code    84  inv_mpu_dmp_motion_driver.o(.text)
    dmp_enable_lp_quat                       0x08006c39   Thumb Code    60  inv_mpu_dmp_motion_driver.o(.text)
    dmp_enable_gyro_cal                      0x08006c75   Thumb Code    62  inv_mpu_dmp_motion_driver.o(.text)
    dmp_enable_feature                       0x08006cb3   Thumb Code   530  inv_mpu_dmp_motion_driver.o(.text)
    dmp_get_enabled_features                 0x08006ec5   Thumb Code    12  inv_mpu_dmp_motion_driver.o(.text)
    dmp_set_interrupt_mode                   0x08006f2f   Thumb Code    66  inv_mpu_dmp_motion_driver.o(.text)
    dmp_read_fifo                            0x08006f71   Thumb Code   514  inv_mpu_dmp_motion_driver.o(.text)
    dmp_register_tap_cb                      0x08007173   Thumb Code    10  inv_mpu_dmp_motion_driver.o(.text)
    dmp_register_android_orient_cb           0x0800717d   Thumb Code    10  inv_mpu_dmp_motion_driver.o(.text)
    MPU6050_newValues                        0x08007299   Thumb Code   494  mpu6050.o(.text)
    MPU6050_setClockSource                   0x08007487   Thumb Code    20  mpu6050.o(.text)
    MPU6050_setFullScaleGyroRange            0x0800749b   Thumb Code    20  mpu6050.o(.text)
    MPU6050_setFullScaleAccelRange           0x080074af   Thumb Code    20  mpu6050.o(.text)
    MPU6050_setSleepEnabled                  0x080074c3   Thumb Code    18  mpu6050.o(.text)
    MPU6050_getDeviceID                      0x080074d5   Thumb Code    20  mpu6050.o(.text)
    MPU6050_testConnection                   0x080074e9   Thumb Code    18  mpu6050.o(.text)
    MPU6050_setI2CMasterModeEnabled          0x080074fb   Thumb Code    18  mpu6050.o(.text)
    MPU6050_setI2CBypassEnabled              0x0800750d   Thumb Code    18  mpu6050.o(.text)
    MPU6050_initialize                       0x0800751f   Thumb Code    40  mpu6050.o(.text)
    DMP_Init                                 0x08007547   Thumb Code   206  mpu6050.o(.text)
    Read_DMP                                 0x08007615   Thumb Code   802  mpu6050.o(.text)
    Read_Temperature                         0x08007937   Thumb Code   110  mpu6050.o(.text)
    Kalman_Filter                            0x080079d1   Thumb Code   558  filter.o(.text)
    Yijielvbo                                0x08007bff   Thumb Code   132  filter.o(.text)
    __use_no_semihosting                     0x08007cd9   Thumb Code     2  use_no_semi_2.o(.text)
    __aeabi_ldivmod                          0x08007cdb   Thumb Code     0  llsdiv.o(.text)
    _ll_sdiv                                 0x08007cdb   Thumb Code    72  llsdiv.o(.text)
    __2printf                                0x08007d25   Thumb Code    20  noretval__2printf.o(.text)
    __printf                                 0x08007d3d   Thumb Code   104  __printf.o(.text)
    _printf_int_dec                          0x08007da5   Thumb Code   104  _printf_dec.o(.text)
    memcmp                                   0x08007e1d   Thumb Code    88  memcmp.o(.text)
    __aeabi_memset                           0x08007e75   Thumb Code    16  aeabi_memset.o(.text)
    __use_two_region_memory                  0x08007e85   Thumb Code     2  heapauxi.o(.text)
    __rt_heap_escrow$2region                 0x08007e87   Thumb Code     2  heapauxi.o(.text)
    __rt_heap_expand$2region                 0x08007e89   Thumb Code     2  heapauxi.o(.text)
    __I$use$semihosting                      0x08007e8b   Thumb Code     0  use_no_semi.o(.text)
    __use_no_semihosting_swi                 0x08007e8b   Thumb Code     2  use_no_semi.o(.text)
    __aeabi_uldivmod                         0x08007e8d   Thumb Code     0  lludivv7m.o(.text)
    _ll_udiv                                 0x08007e8d   Thumb Code   238  lludivv7m.o(.text)
    __read_errno                             0x08007f7b   Thumb Code    10  _rserrno.o(.text)
    __set_errno                              0x08007f85   Thumb Code    12  _rserrno.o(.text)
    _printf_int_common                       0x08007f91   Thumb Code   178  _printf_intcommon.o(.text)
    _printf_char_file                        0x08008045   Thumb Code    32  _printf_char_file.o(.text)
    __aeabi_memclr                           0x08008069   Thumb Code     0  rt_memclr.o(.text)
    __rt_memclr                              0x08008069   Thumb Code    68  rt_memclr.o(.text)
    _memset                                  0x0800806d   Thumb Code     0  rt_memclr.o(.text)
    __aeabi_errno_addr                       0x080080ad   Thumb Code     8  rt_errno_addr_intlibspace.o(.text)
    __errno$intlibspace                      0x080080ad   Thumb Code     0  rt_errno_addr_intlibspace.o(.text)
    __rt_errno_addr$intlibspace              0x080080ad   Thumb Code     0  rt_errno_addr_intlibspace.o(.text)
    _printf_char_common                      0x080080bf   Thumb Code    32  _printf_char_common.o(.text)
    ferror                                   0x080080e5   Thumb Code     8  ferror.o(.text)
    __aeabi_memclr4                          0x080080ed   Thumb Code     0  rt_memclr_w.o(.text)
    __aeabi_memclr8                          0x080080ed   Thumb Code     0  rt_memclr_w.o(.text)
    __rt_memclr_w                            0x080080ed   Thumb Code    78  rt_memclr_w.o(.text)
    _memset_w                                0x080080f1   Thumb Code     0  rt_memclr_w.o(.text)
    __user_libspace                          0x0800813d   Thumb Code     8  libspace.o(.text)
    __user_perproc_libspace                  0x0800813d   Thumb Code     0  libspace.o(.text)
    __user_perthread_libspace                0x0800813d   Thumb Code     0  libspace.o(.text)
    __user_setup_stackheap                   0x08008145   Thumb Code    74  sys_stackheap_outer.o(.text)
    exit                                     0x0800818f   Thumb Code    18  exit.o(.text)
    __ARM_fpclassify                         0x080081a1   Thumb Code    40  fpclassify.o(i.__ARM_fpclassify)
    __kernel_poly                            0x080081c9   Thumb Code   170  poly.o(i.__kernel_poly)
    __mathlib_dbl_infnan                     0x08008273   Thumb Code     6  dunder.o(i.__mathlib_dbl_infnan)
    __mathlib_dbl_infnan2                    0x08008279   Thumb Code     4  dunder.o(i.__mathlib_dbl_infnan2)
    __mathlib_dbl_invalid                    0x0800827d   Thumb Code    12  dunder.o(i.__mathlib_dbl_invalid)
    __mathlib_dbl_underflow                  0x08008289   Thumb Code    10  dunder.o(i.__mathlib_dbl_underflow)
    asin                                     0x08008299   Thumb Code   572  asin.o(i.asin)
    atan                                     0x08008509   Thumb Code   474  atan.o(i.atan)
    atan2                                    0x08008729   Thumb Code   346  atan2.o(i.atan2)
    sqrt                                     0x080088a9   Thumb Code    76  sqrt.o(i.sqrt)
    __aeabi_d2f                              0x080088f5   Thumb Code     0  d2f.o(x$fpl$d2f)
    _d2f                                     0x080088f5   Thumb Code    98  d2f.o(x$fpl$d2f)
    __aeabi_dadd                             0x08008959   Thumb Code     0  daddsub_clz.o(x$fpl$dadd)
    _dadd                                    0x08008959   Thumb Code   332  daddsub_clz.o(x$fpl$dadd)
    __fpl_dcheck_NaN1                        0x08008aa9   Thumb Code    10  dcheck1.o(x$fpl$dcheck1)
    __fpl_dcmp_Inf                           0x08008ab9   Thumb Code    24  dcmpi.o(x$fpl$dcmpinf)
    __aeabi_ddiv                             0x08008ad1   Thumb Code     0  ddiv.o(x$fpl$ddiv)
    _ddiv                                    0x08008ad1   Thumb Code   552  ddiv.o(x$fpl$ddiv)
    __aeabi_cdcmple                          0x08008d81   Thumb Code     0  dleqf.o(x$fpl$dleqf)
    _dcmple                                  0x08008d81   Thumb Code   120  dleqf.o(x$fpl$dleqf)
    __fpl_dcmple_InfNaN                      0x08008de3   Thumb Code     0  dleqf.o(x$fpl$dleqf)
    __aeabi_dmul                             0x08008df9   Thumb Code     0  dmul.o(x$fpl$dmul)
    _dmul                                    0x08008df9   Thumb Code   332  dmul.o(x$fpl$dmul)
    __fpl_dnaninf                            0x08008f4d   Thumb Code   156  dnaninf.o(x$fpl$dnaninf)
    __fpl_dretinf                            0x08008fe9   Thumb Code    12  dretinf.o(x$fpl$dretinf)
    __aeabi_drsub                            0x08008ff5   Thumb Code     0  daddsub_clz.o(x$fpl$drsb)
    _drsb                                    0x08008ff5   Thumb Code    22  daddsub_clz.o(x$fpl$drsb)
    _dsqrt                                   0x0800900d   Thumb Code   456  dsqrt_noumaal.o(x$fpl$dsqrt)
    __aeabi_dsub                             0x080091d9   Thumb Code     0  daddsub_clz.o(x$fpl$dsub)
    _dsub                                    0x080091d9   Thumb Code   464  daddsub_clz.o(x$fpl$dsub)
    __aeabi_f2d                              0x080093ad   Thumb Code     0  f2d.o(x$fpl$f2d)
    _f2d                                     0x080093ad   Thumb Code    86  f2d.o(x$fpl$f2d)
    __aeabi_fadd                             0x08009405   Thumb Code     0  faddsub_clz.o(x$fpl$fadd)
    _fadd                                    0x08009405   Thumb Code   196  faddsub_clz.o(x$fpl$fadd)
    __fpl_fcmp_Inf                           0x080094c9   Thumb Code    24  fcmpi.o(x$fpl$fcmpinf)
    __aeabi_fdiv                             0x080094e1   Thumb Code     0  fdiv.o(x$fpl$fdiv)
    _fdiv                                    0x080094e1   Thumb Code   384  fdiv.o(x$fpl$fdiv)
    __aeabi_cfcmpeq                          0x08009665   Thumb Code     0  feqf.o(x$fpl$feqf)
    _fcmpeq                                  0x08009665   Thumb Code   104  feqf.o(x$fpl$feqf)
    __aeabi_f2iz                             0x080096cd   Thumb Code     0  ffix.o(x$fpl$ffix)
    _ffix                                    0x080096cd   Thumb Code    54  ffix.o(x$fpl$ffix)
    __aeabi_f2uiz                            0x08009705   Thumb Code     0  ffixu.o(x$fpl$ffixu)
    _ffixu                                   0x08009705   Thumb Code    62  ffixu.o(x$fpl$ffixu)
    __aeabi_i2f                              0x08009745   Thumb Code     0  fflt_clz.o(x$fpl$fflt)
    _fflt                                    0x08009745   Thumb Code    48  fflt_clz.o(x$fpl$fflt)
    __aeabi_ui2f                             0x08009775   Thumb Code     0  fflt_clz.o(x$fpl$ffltu)
    _ffltu                                   0x08009775   Thumb Code    38  fflt_clz.o(x$fpl$ffltu)
    __aeabi_cfcmple                          0x0800979d   Thumb Code     0  fleqf.o(x$fpl$fleqf)
    _fcmple                                  0x0800979d   Thumb Code   104  fleqf.o(x$fpl$fleqf)
    __fpl_fcmple_InfNaN                      0x080097ef   Thumb Code     0  fleqf.o(x$fpl$fleqf)
    __aeabi_fmul                             0x08009805   Thumb Code     0  fmul.o(x$fpl$fmul)
    _fmul                                    0x08009805   Thumb Code   258  fmul.o(x$fpl$fmul)
    __fpl_fnaninf                            0x08009907   Thumb Code   140  fnaninf.o(x$fpl$fnaninf)
    __fpl_fretinf                            0x08009993   Thumb Code    10  fretinf.o(x$fpl$fretinf)
    __aeabi_cfrcmple                         0x0800999d   Thumb Code     0  frleqf.o(x$fpl$frleqf)
    _frcmple                                 0x0800999d   Thumb Code    98  frleqf.o(x$fpl$frleqf)
    __aeabi_frsub                            0x080099ff   Thumb Code     0  faddsub_clz.o(x$fpl$frsb)
    _frsb                                    0x080099ff   Thumb Code    20  faddsub_clz.o(x$fpl$frsb)
    __aeabi_fsub                             0x08009a15   Thumb Code     0  faddsub_clz.o(x$fpl$fsub)
    _fsub                                    0x08009a15   Thumb Code   234  faddsub_clz.o(x$fpl$fsub)
    __fpl_return_NaN                         0x08009aff   Thumb Code   100  retnan.o(x$fpl$retnan)
    __ARM_scalbn                             0x08009b63   Thumb Code    92  scalbn.o(x$fpl$scalbn)
    __fpl_cmpreturn                          0x08009bbf   Thumb Code    48  trapv.o(x$fpl$trapveneer)
    __I$use$fp                               0x08009bee   Number         0  usenofp.o(x$fpl$usenofp)
    oled_asc2_1206                           0x08009bee   Data        1140  oled.o(.constdata)
    oled_asc2_1608                           0x0800a062   Data        1520  oled.o(.constdata)
    hw                                       0x0800a654   Data          12  inv_mpu.o(.constdata)
    reg                                      0x0800a660   Data          27  inv_mpu.o(.constdata)
    test                                     0x0800a67c   Data          40  inv_mpu.o(.constdata)
    __mathlib_zero                           0x0800b388   Data           8  qnan.o(.constdata)
    Region$$Table$$Base                      0x0800b3e0   Number         0  anon$$obj.o(Region$$Table)
    Region$$Table$$Limit                     0x0800b400   Number         0  anon$$obj.o(Region$$Table)
    SystemCoreClock                          0x20000000   Data           4  system_stm32f10x.o(.data)
    AHBPrescTable                            0x20000004   Data          16  system_stm32f10x.o(.data)
    Way_Angle                                0x20000014   Data           1  minibalance.o(.data)
    Stop                                     0x20000015   Data           1  minibalance.o(.data)
    Zou                                      0x20000016   Data           1  minibalance.o(.data)
    ZuoBiao_contrary                         0x20000017   Data           1  minibalance.o(.data)
    Flag_Qian                                0x20000018   Data           1  minibalance.o(.data)
    Flag_Hou                                 0x20000019   Data           1  minibalance.o(.data)
    Flag_Left                                0x2000001a   Data           1  minibalance.o(.data)
    Flag_Right                               0x2000001b   Data           1  minibalance.o(.data)
    Flag_sudu                                0x2000001c   Data           1  minibalance.o(.data)
    Flag_Stop                                0x2000001d   Data           1  minibalance.o(.data)
    Flag_Show                                0x2000001e   Data           1  minibalance.o(.data)
    Motor_Stay                               0x2000001f   Data           1  minibalance.o(.data)
    Encoder_Left                             0x20000020   Data           4  minibalance.o(.data)
    Encoder_Right                            0x20000024   Data           4  minibalance.o(.data)
    Sudu                                     0x20000028   Data           4  minibalance.o(.data)
    t                                        0x2000002c   Data           4  minibalance.o(.data)
    Zhuan                                    0x20000030   Data           4  minibalance.o(.data)
    Moto1                                    0x20000034   Data           4  minibalance.o(.data)
    Moto2                                    0x20000038   Data           4  minibalance.o(.data)
    Temperature                              0x2000003c   Data           4  minibalance.o(.data)
    Angle_Balance                            0x20000040   Data           4  minibalance.o(.data)
    Gyro_Balance                             0x20000044   Data           4  minibalance.o(.data)
    Gyro_Turn                                0x20000048   Data           4  minibalance.o(.data)
    Show_Data_Mb                             0x2000004c   Data           4  minibalance.o(.data)
    Distance                                 0x20000050   Data           4  minibalance.o(.data)
    delay_50                                 0x20000054   Data           1  minibalance.o(.data)
    delay_flag                               0x20000055   Data           1  minibalance.o(.data)
    Bi_zhang                                 0x20000056   Data           1  minibalance.o(.data)
    PID_Send                                 0x20000057   Data           1  minibalance.o(.data)
    Flash_Send                               0x20000058   Data           1  minibalance.o(.data)
    Acceleration_Z                           0x2000005c   Data           4  minibalance.o(.data)
    Balance_Kp                               0x20000060   Data           4  minibalance.o(.data)
    Balance_Kd                               0x20000064   Data           4  minibalance.o(.data)
    Velocity_Kp                              0x20000068   Data           4  minibalance.o(.data)
    Velocity_Ki                              0x2000006c   Data           4  minibalance.o(.data)
    __stdout                                 0x20000088   Data           4  usart.o(.data)
    USART_RX_STA                             0x2000008c   Data           2  usart.o(.data)
    TIM3CH3_CAPTURE_STA                      0x2000009c   Data           2  timer.o(.data)
    TIM3CH3_CAPTURE_VAL                      0x2000009e   Data           2  timer.o(.data)
    USART3_RX_STA                            0x200000a0   Data           2  usart3.o(.data)
    pos_x                                    0x200000a4   Data           4  usart3.o(.data)
    pos_y                                    0x200000a8   Data           4  usart3.o(.data)
    zangle                                   0x200000ac   Data           4  usart3.o(.data)
    xangle                                   0x200000b0   Data           4  usart3.o(.data)
    yangle                                   0x200000b4   Data           4  usart3.o(.data)
    w_z                                      0x200000b8   Data           4  usart3.o(.data)
    pos_x_1                                  0x200000bc   Data           4  usart3.o(.data)
    pos_y_1                                  0x200000c0   Data           4  usart3.o(.data)
    zangle_1                                 0x200000c4   Data           4  usart3.o(.data)
    Balance_Pwm                              0x200000cc   Data           4  control.o(.data)
    Velocity_Pwm                             0x200000d0   Data           4  control.o(.data)
    Turn_Pwm                                 0x200000d4   Data           4  control.o(.data)
    TWO_DIAN_PWM                             0x200000d8   Data           4  control.o(.data)
    t1                                       0x200000dc   Data           4  control.o(.data)
    Flag_Target                              0x200000e0   Data           1  control.o(.data)
    Flash_R_Count                            0x200000e4   Data           4  control.o(.data)
    err_last                                 0x200000e8   Data           4  control.o(.data)
    err_x                                    0x200000ec   Data           4  control.o(.data)
    err_y                                    0x200000f0   Data           4  control.o(.data)
    err_xy                                   0x200000f4   Data           4  control.o(.data)
    err_pid                                  0x200000f8   Data           4  control.o(.data)
    left                                     0x200000fc   Data           4  control.o(.data)
    right                                    0x20000100   Data           4  control.o(.data)
    omga                                     0x20000104   Data           4  control.o(.data)
    cta                                      0x20000108   Data           4  control.o(.data)
    err_old                                  0x2000010c   Data           4  control.o(.data)
    Pi                                       0x20000110   Data           4  control.o(.data)
    left_err                                 0x20000114   Data           4  control.o(.data)
    right_err                                0x20000118   Data           4  control.o(.data)
    zangleErr                                0x2000011c   Data           4  control.o(.data)
    zangle_pid                               0x20000120   Data           4  control.o(.data)
    zangle_old                               0x20000124   Data           4  control.o(.data)
    zangle_last                              0x20000128   Data           4  control.o(.data)
    zangle_new                               0x2000012c   Data           4  control.o(.data)
    zangleErrErr                             0x20000130   Data           4  control.o(.data)
    PI_v1                                    0x20000134   Data           4  control.o(.data)
    zangleErr_v1                             0x20000138   Data           4  control.o(.data)
    zangle_old_v1                            0x2000013c   Data           4  control.o(.data)
    zangle_pid_v1                            0x20000140   Data           4  control.o(.data)
    zangle_last_v1                           0x20000144   Data           4  control.o(.data)
    zangleErrErr_v1                          0x20000148   Data           4  control.o(.data)
    PI_v2                                    0x2000014c   Data           4  control.o(.data)
    zangleErr_v2                             0x20000150   Data           4  control.o(.data)
    zangle_old_v2                            0x20000154   Data           4  control.o(.data)
    zangle_pid_v2                            0x20000158   Data           4  control.o(.data)
    zangle_last_v2                           0x2000015c   Data           4  control.o(.data)
    zangleErrErr_v2                          0x20000160   Data           4  control.o(.data)
    gyro                                     0x200001c0   Data           6  mpu6050.o(.data)
    accel                                    0x200001c6   Data           6  mpu6050.o(.data)
    sensors                                  0x200001cc   Data           2  mpu6050.o(.data)
    Pitch                                    0x200001d0   Data           4  mpu6050.o(.data)
    Roll                                     0x200001d4   Data           4  mpu6050.o(.data)
    q0                                       0x200001d8   Data           4  mpu6050.o(.data)
    q1                                       0x200001dc   Data           4  mpu6050.o(.data)
    q2                                       0x200001e0   Data           4  mpu6050.o(.data)
    q3                                       0x200001e4   Data           4  mpu6050.o(.data)
    Gx_offset                                0x200001f2   Data           2  mpu6050.o(.data)
    Gy_offset                                0x200001f4   Data           2  mpu6050.o(.data)
    Gz_offset                                0x200001f6   Data           2  mpu6050.o(.data)
    K1                                       0x200001f8   Data           4  filter.o(.data)
    angle                                    0x200001fc   Data           4  filter.o(.data)
    angle_dot                                0x20000200   Data           4  filter.o(.data)
    Q_angle                                  0x20000204   Data           4  filter.o(.data)
    Q_gyro                                   0x20000208   Data           4  filter.o(.data)
    R_angle                                  0x2000020c   Data           4  filter.o(.data)
    dt                                       0x20000210   Data           4  filter.o(.data)
    C_0                                      0x20000214   Data           1  filter.o(.data)
    Q_bias                                   0x20000218   Data           4  filter.o(.data)
    Angle_err                                0x2000021c   Data           4  filter.o(.data)
    PCt_0                                    0x20000220   Data           4  filter.o(.data)
    PCt_1                                    0x20000224   Data           4  filter.o(.data)
    E                                        0x20000228   Data           4  filter.o(.data)
    K_0                                      0x2000022c   Data           4  filter.o(.data)
    K_1                                      0x20000230   Data           4  filter.o(.data)
    t_0                                      0x20000234   Data           4  filter.o(.data)
    t_1                                      0x20000238   Data           4  filter.o(.data)
    PP                                       0x2000023c   Data          16  filter.o(.data)
    USART_RX_BUF                             0x2000024c   Data         200  usart.o(.bss)
    OLED_GRAM                                0x20000314   Data        1024  oled.o(.bss)
    TIM3_ICInitStructure                     0x20000714   Data          10  timer.o(.bss)
    USART3_RX_BUF                            0x20000720   Data        6000  usart3.o(.bss)
    USART3_TX_BUF                            0x20001e90   Data        6000  usart3.o(.bss)
    buffer                                   0x20003628   Data          14  mpu6050.o(.bss)
    MPU6050_FIFO                             0x20003636   Data         132  mpu6050.o(.bss)
    Pdot                                     0x200036bc   Data          16  filter.o(.bss)
    __libspace_start                         0x200036cc   Data          96  libspace.o(.bss)
    __temporary_stack_top$libspace           0x2000372c   Data           0  libspace.o(.bss)



==============================================================================

Memory Map of the image

  Image Entry point : 0x080000ed

  Load Region LR_IROM1 (Base: 0x08000000, Size: 0x0000b64c, Max: 0x00080000, ABSOLUTE, COMPRESSED[0x0000b468])

    Execution Region ER_IROM1 (Base: 0x08000000, Size: 0x0000b400, Max: 0x00080000, ABSOLUTE)

    Base Addr    Size         Type   Attr      Idx    E Section Name        Object

    0x08000000   0x000000ec   Data   RO          230    RESET               startup_stm32f10x_md.o
    0x080000ec   0x00000008   Code   RO          919  * !!!main             c_w.l(__main.o)
    0x080000f4   0x00000034   Code   RO         1240    !!!scatter          c_w.l(__scatter.o)
    0x08000128   0x0000005a   Code   RO         1238    !!dczerorl2         c_w.l(__dczerorl2.o)
    0x08000182   0x00000002   PAD
    0x08000184   0x0000001c   Code   RO         1242    !!handler_zi        c_w.l(__scatter_zi.o)
    0x080001a0   0x00000000   Code   RO          912    .ARM.Collect$$_printf_percent$$00000000  c_w.l(_printf_percent.o)
    0x080001a0   0x00000006   Code   RO          911    .ARM.Collect$$_printf_percent$$00000009  c_w.l(_printf_d.o)
    0x080001a6   0x00000004   Code   RO         1010    .ARM.Collect$$_printf_percent$$00000017  c_w.l(_printf_percent_end.o)
    0x080001aa   0x00000002   Code   RO         1107    .ARM.Collect$$libinit$$00000000  c_w.l(libinit.o)
    0x080001ac   0x00000000   Code   RO         1117    .ARM.Collect$$libinit$$00000002  c_w.l(libinit2.o)
    0x080001ac   0x00000000   Code   RO         1119    .ARM.Collect$$libinit$$00000004  c_w.l(libinit2.o)
    0x080001ac   0x00000000   Code   RO         1122    .ARM.Collect$$libinit$$0000000A  c_w.l(libinit2.o)
    0x080001ac   0x00000000   Code   RO         1124    .ARM.Collect$$libinit$$0000000C  c_w.l(libinit2.o)
    0x080001ac   0x00000000   Code   RO         1126    .ARM.Collect$$libinit$$0000000E  c_w.l(libinit2.o)
    0x080001ac   0x00000000   Code   RO         1129    .ARM.Collect$$libinit$$00000011  c_w.l(libinit2.o)
    0x080001ac   0x00000000   Code   RO         1131    .ARM.Collect$$libinit$$00000013  c_w.l(libinit2.o)
    0x080001ac   0x00000000   Code   RO         1133    .ARM.Collect$$libinit$$00000015  c_w.l(libinit2.o)
    0x080001ac   0x00000000   Code   RO         1135    .ARM.Collect$$libinit$$00000017  c_w.l(libinit2.o)
    0x080001ac   0x00000000   Code   RO         1137    .ARM.Collect$$libinit$$00000019  c_w.l(libinit2.o)
    0x080001ac   0x00000000   Code   RO         1139    .ARM.Collect$$libinit$$0000001B  c_w.l(libinit2.o)
    0x080001ac   0x00000000   Code   RO         1141    .ARM.Collect$$libinit$$0000001D  c_w.l(libinit2.o)
    0x080001ac   0x00000000   Code   RO         1143    .ARM.Collect$$libinit$$0000001F  c_w.l(libinit2.o)
    0x080001ac   0x00000000   Code   RO         1145    .ARM.Collect$$libinit$$00000021  c_w.l(libinit2.o)
    0x080001ac   0x00000000   Code   RO         1147    .ARM.Collect$$libinit$$00000023  c_w.l(libinit2.o)
    0x080001ac   0x00000000   Code   RO         1149    .ARM.Collect$$libinit$$00000025  c_w.l(libinit2.o)
    0x080001ac   0x00000000   Code   RO         1153    .ARM.Collect$$libinit$$0000002C  c_w.l(libinit2.o)
    0x080001ac   0x00000000   Code   RO         1155    .ARM.Collect$$libinit$$0000002E  c_w.l(libinit2.o)
    0x080001ac   0x00000000   Code   RO         1157    .ARM.Collect$$libinit$$00000030  c_w.l(libinit2.o)
    0x080001ac   0x00000000   Code   RO         1159    .ARM.Collect$$libinit$$00000032  c_w.l(libinit2.o)
    0x080001ac   0x00000002   Code   RO         1160    .ARM.Collect$$libinit$$00000033  c_w.l(libinit2.o)
    0x080001ae   0x00000002   Code   RO         1190    .ARM.Collect$$libshutdown$$00000000  c_w.l(libshutdown.o)
    0x080001b0   0x00000000   Code   RO         1204    .ARM.Collect$$libshutdown$$00000002  c_w.l(libshutdown2.o)
    0x080001b0   0x00000000   Code   RO         1206    .ARM.Collect$$libshutdown$$00000004  c_w.l(libshutdown2.o)
    0x080001b0   0x00000000   Code   RO         1209    .ARM.Collect$$libshutdown$$00000007  c_w.l(libshutdown2.o)
    0x080001b0   0x00000000   Code   RO         1212    .ARM.Collect$$libshutdown$$0000000A  c_w.l(libshutdown2.o)
    0x080001b0   0x00000000   Code   RO         1214    .ARM.Collect$$libshutdown$$0000000C  c_w.l(libshutdown2.o)
    0x080001b0   0x00000000   Code   RO         1217    .ARM.Collect$$libshutdown$$0000000F  c_w.l(libshutdown2.o)
    0x080001b0   0x00000002   Code   RO         1218    .ARM.Collect$$libshutdown$$00000010  c_w.l(libshutdown2.o)
    0x080001b2   0x00000000   Code   RO         1001    .ARM.Collect$$rtentry$$00000000  c_w.l(__rtentry.o)
    0x080001b2   0x00000000   Code   RO         1056    .ARM.Collect$$rtentry$$00000002  c_w.l(__rtentry2.o)
    0x080001b2   0x00000006   Code   RO         1068    .ARM.Collect$$rtentry$$00000004  c_w.l(__rtentry4.o)
    0x080001b8   0x00000000   Code   RO         1058    .ARM.Collect$$rtentry$$00000009  c_w.l(__rtentry2.o)
    0x080001b8   0x00000004   Code   RO         1059    .ARM.Collect$$rtentry$$0000000A  c_w.l(__rtentry2.o)
    0x080001bc   0x00000000   Code   RO         1061    .ARM.Collect$$rtentry$$0000000C  c_w.l(__rtentry2.o)
    0x080001bc   0x00000008   Code   RO         1062    .ARM.Collect$$rtentry$$0000000D  c_w.l(__rtentry2.o)
    0x080001c4   0x00000002   Code   RO         1110    .ARM.Collect$$rtexit$$00000000  c_w.l(rtexit.o)
    0x080001c6   0x00000000   Code   RO         1164    .ARM.Collect$$rtexit$$00000002  c_w.l(rtexit2.o)
    0x080001c6   0x00000004   Code   RO         1165    .ARM.Collect$$rtexit$$00000003  c_w.l(rtexit2.o)
    0x080001ca   0x00000006   Code   RO         1166    .ARM.Collect$$rtexit$$00000004  c_w.l(rtexit2.o)
    0x080001d0   0x0000000c   Code   RO          565    .emb_text           sys.o
    0x080001dc   0x0000001a   Code   RO            1    .text               stm32f10x_it.o
    0x080001f6   0x00000002   PAD
    0x080001f8   0x000001e0   Code   RO          104    .text               system_stm32f10x.o
    0x080003d8   0x0000009c   Code   RO          122    .text               minibalance.o
    0x08000474   0x00000040   Code   RO          231    .text               startup_stm32f10x_md.o
    0x080004b4   0x000000dc   Code   RO          235    .text               misc.o
    0x08000590   0x000000c4   Code   RO          285    .text               stm32f10x_bkp.o
    0x08000654   0x0000011c   Code   RO          369    .text               stm32f10x_exti.o
    0x08000770   0x0000035c   Code   RO          405    .text               stm32f10x_gpio.o
    0x08000acc   0x000000cc   Code   RO          441    .text               stm32f10x_pwr.o
    0x08000b98   0x000003a4   Code   RO          453    .text               stm32f10x_rcc.o
    0x08000f3c   0x00000e1a   Code   RO          503    .text               stm32f10x_tim.o
    0x08001d56   0x00000002   PAD
    0x08001d58   0x00000408   Code   RO          515    .text               stm32f10x_usart.o
    0x08002160   0x000000d4   Code   RO          539    .text               delay.o
    0x08002234   0x000002bc   Code   RO          566    .text               sys.o
    0x080024f0   0x00000140   Code   RO          581    .text               usart.o
    0x08002630   0x00000170   Code   RO          604    .text               key.o
    0x080027a0   0x0000044e   Code   RO          617    .text               oled.o
    0x08002bee   0x00000002   PAD
    0x08002bf0   0x000001e4   Code   RO          636    .text               timer.o
    0x08002dd4   0x000000d8   Code   RO          652    .text               motor.o
    0x08002eac   0x000001b8   Code   RO          664    .text               encoder.o
    0x08003064   0x00000526   Code   RO          676    .text               ioi2c.o
    0x0800358a   0x00000002   PAD
    0x0800358c   0x00000234   Code   RO          688    .text               usart3.o
    0x080037c0   0x00000070   Code   RO          714    .text               exti.o
    0x08003830   0x00000084   Code   RO          729    .text               tongxin.o
    0x080038b4   0x00000cd8   Code   RO          757    .text               control.o
    0x0800458c   0x00001e90   Code   RO          776    .text               inv_mpu.o
    0x0800641c   0x00000d70   Code   RO          800    .text               inv_mpu_dmp_motion_driver.o
    0x0800718c   0x00000844   Code   RO          815    .text               mpu6050.o
    0x080079d0   0x00000308   Code   RO          858    .text               filter.o
    0x08007cd8   0x00000002   Code   RO          879    .text               c_w.l(use_no_semi_2.o)
    0x08007cda   0x00000048   Code   RO          881    .text               c_w.l(llsdiv.o)
    0x08007d22   0x00000002   PAD
    0x08007d24   0x00000018   Code   RO          885    .text               c_w.l(noretval__2printf.o)
    0x08007d3c   0x00000068   Code   RO          887    .text               c_w.l(__printf.o)
    0x08007da4   0x00000078   Code   RO          889    .text               c_w.l(_printf_dec.o)
    0x08007e1c   0x00000058   Code   RO          913    .text               c_w.l(memcmp.o)
    0x08007e74   0x00000010   Code   RO          915    .text               c_w.l(aeabi_memset.o)
    0x08007e84   0x00000006   Code   RO          917    .text               c_w.l(heapauxi.o)
    0x08007e8a   0x00000002   Code   RO          999    .text               c_w.l(use_no_semi.o)
    0x08007e8c   0x000000ee   Code   RO         1002    .text               c_w.l(lludivv7m.o)
    0x08007f7a   0x00000016   Code   RO         1004    .text               c_w.l(_rserrno.o)
    0x08007f90   0x000000b2   Code   RO         1006    .text               c_w.l(_printf_intcommon.o)
    0x08008042   0x00000002   PAD
    0x08008044   0x00000024   Code   RO         1008    .text               c_w.l(_printf_char_file.o)
    0x08008068   0x00000044   Code   RO         1011    .text               c_w.l(rt_memclr.o)
    0x080080ac   0x00000008   Code   RO         1077    .text               c_w.l(rt_errno_addr_intlibspace.o)
    0x080080b4   0x00000030   Code   RO         1079    .text               c_w.l(_printf_char_common.o)
    0x080080e4   0x00000008   Code   RO         1081    .text               c_w.l(ferror.o)
    0x080080ec   0x0000004e   Code   RO         1085    .text               c_w.l(rt_memclr_w.o)
    0x0800813a   0x00000002   PAD
    0x0800813c   0x00000008   Code   RO         1091    .text               c_w.l(libspace.o)
    0x08008144   0x0000004a   Code   RO         1094    .text               c_w.l(sys_stackheap_outer.o)
    0x0800818e   0x00000012   Code   RO         1100    .text               c_w.l(exit.o)
    0x080081a0   0x00000028   Code   RO         1042    i.__ARM_fpclassify  m_ws.l(fpclassify.o)
    0x080081c8   0x000000aa   Code   RO         1044    i.__kernel_poly     m_ws.l(poly.o)
    0x08008272   0x00000006   Code   RO         1029    i.__mathlib_dbl_infnan  m_ws.l(dunder.o)
    0x08008278   0x00000004   Code   RO         1030    i.__mathlib_dbl_infnan2  m_ws.l(dunder.o)
    0x0800827c   0x0000000c   Code   RO         1031    i.__mathlib_dbl_invalid  m_ws.l(dunder.o)
    0x08008288   0x00000010   Code   RO         1034    i.__mathlib_dbl_underflow  m_ws.l(dunder.o)
    0x08008298   0x00000270   Code   RO          972    i.asin              m_ws.l(asin.o)
    0x08008508   0x00000220   Code   RO          982    i.atan              m_ws.l(atan.o)
    0x08008728   0x00000180   Code   RO          992    i.atan2             m_ws.l(atan2.o)
    0x080088a8   0x0000004c   Code   RO         1048    i.sqrt              m_ws.l(sqrt.o)
    0x080088f4   0x00000062   Code   RO          921    x$fpl$d2f           fz_ws.l(d2f.o)
    0x08008956   0x00000002   PAD
    0x08008958   0x00000150   Code   RO          923    x$fpl$dadd          fz_ws.l(daddsub_clz.o)
    0x08008aa8   0x00000010   Code   RO         1087    x$fpl$dcheck1       fz_ws.l(dcheck1.o)
    0x08008ab8   0x00000018   Code   RO         1013    x$fpl$dcmpinf       fz_ws.l(dcmpi.o)
    0x08008ad0   0x000002b0   Code   RO          930    x$fpl$ddiv          fz_ws.l(ddiv.o)
    0x08008d80   0x00000078   Code   RO          933    x$fpl$dleqf         fz_ws.l(dleqf.o)
    0x08008df8   0x00000154   Code   RO          935    x$fpl$dmul          fz_ws.l(dmul.o)
    0x08008f4c   0x0000009c   Code   RO         1015    x$fpl$dnaninf       fz_ws.l(dnaninf.o)
    0x08008fe8   0x0000000c   Code   RO         1017    x$fpl$dretinf       fz_ws.l(dretinf.o)
    0x08008ff4   0x00000016   Code   RO          924    x$fpl$drsb          fz_ws.l(daddsub_clz.o)
    0x0800900a   0x00000002   PAD
    0x0800900c   0x000001cc   Code   RO         1089    x$fpl$dsqrt         fz_ws.l(dsqrt_noumaal.o)
    0x080091d8   0x000001d4   Code   RO          925    x$fpl$dsub          fz_ws.l(daddsub_clz.o)
    0x080093ac   0x00000056   Code   RO          937    x$fpl$f2d           fz_ws.l(f2d.o)
    0x08009402   0x00000002   PAD
    0x08009404   0x000000c4   Code   RO          939    x$fpl$fadd          fz_ws.l(faddsub_clz.o)
    0x080094c8   0x00000018   Code   RO         1019    x$fpl$fcmpinf       fz_ws.l(fcmpi.o)
    0x080094e0   0x00000184   Code   RO          946    x$fpl$fdiv          fz_ws.l(fdiv.o)
    0x08009664   0x00000068   Code   RO          949    x$fpl$feqf          fz_ws.l(feqf.o)
    0x080096cc   0x00000036   Code   RO          951    x$fpl$ffix          fz_ws.l(ffix.o)
    0x08009702   0x00000002   PAD
    0x08009704   0x0000003e   Code   RO          955    x$fpl$ffixu         fz_ws.l(ffixu.o)
    0x08009742   0x00000002   PAD
    0x08009744   0x00000030   Code   RO          960    x$fpl$fflt          fz_ws.l(fflt_clz.o)
    0x08009774   0x00000026   Code   RO          959    x$fpl$ffltu         fz_ws.l(fflt_clz.o)
    0x0800979a   0x00000002   PAD
    0x0800979c   0x00000068   Code   RO          965    x$fpl$fleqf         fz_ws.l(fleqf.o)
    0x08009804   0x00000102   Code   RO          967    x$fpl$fmul          fz_ws.l(fmul.o)
    0x08009906   0x0000008c   Code   RO         1021    x$fpl$fnaninf       fz_ws.l(fnaninf.o)
    0x08009992   0x0000000a   Code   RO         1023    x$fpl$fretinf       fz_ws.l(fretinf.o)
    0x0800999c   0x00000062   Code   RO          969    x$fpl$frleqf        fz_ws.l(frleqf.o)
    0x080099fe   0x00000014   Code   RO          940    x$fpl$frsb          fz_ws.l(faddsub_clz.o)
    0x08009a12   0x00000002   PAD
    0x08009a14   0x000000ea   Code   RO          941    x$fpl$fsub          fz_ws.l(faddsub_clz.o)
    0x08009afe   0x00000064   Code   RO         1108    x$fpl$retnan        fz_ws.l(retnan.o)
    0x08009b62   0x0000005c   Code   RO         1025    x$fpl$scalbn        fz_ws.l(scalbn.o)
    0x08009bbe   0x00000030   Code   RO         1161    x$fpl$trapveneer    fz_ws.l(trapv.o)
    0x08009bee   0x00000000   Code   RO         1027    x$fpl$usenofp       fz_ws.l(usenofp.o)
    0x08009bee   0x00000a64   Data   RO          619    .constdata          oled.o
    0x0800a652   0x00000002   PAD
    0x0800a654   0x00000050   Data   RO          777    .constdata          inv_mpu.o
    0x0800a6a4   0x00000bf6   Data   RO          802    .constdata          inv_mpu_dmp_motion_driver.o
    0x0800b29a   0x00000006   PAD
    0x0800b2a0   0x00000050   Data   RO          973    .constdata          m_ws.l(asin.o)
    0x0800b2f0   0x00000098   Data   RO          983    .constdata          m_ws.l(atan.o)
    0x0800b388   0x00000008   Data   RO         1046    .constdata          m_ws.l(qnan.o)
    0x0800b390   0x0000004e   Data   RO          778    .conststring        inv_mpu.o
    0x0800b3de   0x00000002   PAD
    0x0800b3e0   0x00000020   Data   RO         1236    Region$$Table       anon$$obj.o


    Execution Region RW_IRAM1 (Base: 0x20000000, Size: 0x00003d30, Max: 0x00010000, ABSOLUTE, COMPRESSED[0x00000068])

    Base Addr    Size         Type   Attr      Idx    E Section Name        Object

    0x20000000   0x00000014   Data   RW          105    .data               system_stm32f10x.o
    0x20000014   0x0000005c   Data   RW          124    .data               minibalance.o
    0x20000070   0x00000014   Data   RW          454    .data               stm32f10x_rcc.o
    0x20000084   0x00000004   Data   RW          540    .data               delay.o
    0x20000088   0x00000006   Data   RW          583    .data               usart.o
    0x2000008e   0x0000000e   Data   RW          605    .data               key.o
    0x2000009c   0x00000004   Data   RW          638    .data               timer.o
    0x200000a0   0x0000002b   Data   RW          690    .data               usart3.o
    0x200000cb   0x00000001   PAD
    0x200000cc   0x000000c8   Data   RW          758    .data               control.o
    0x20000194   0x0000002c   Data   RW          779    .data               inv_mpu.o
    0x200001c0   0x00000038   Data   RW          817    .data               mpu6050.o
    0x200001f8   0x00000054   Data   RW          860    .data               filter.o
    0x2000024c   0x000000c8   Zero   RW          582    .bss                usart.o
    0x20000314   0x00000400   Zero   RW          618    .bss                oled.o
    0x20000714   0x0000000a   Zero   RW          637    .bss                timer.o
    0x2000071e   0x00000002   PAD
    0x20000720   0x00002ef8   Zero   RW          689    .bss                usart3.o
    0x20003618   0x00000010   Zero   RW          801    .bss                inv_mpu_dmp_motion_driver.o
    0x20003628   0x00000092   Zero   RW          816    .bss                mpu6050.o
    0x200036ba   0x00000002   PAD
    0x200036bc   0x00000010   Zero   RW          859    .bss                filter.o
    0x200036cc   0x00000060   Zero   RW         1092    .bss                c_w.l(libspace.o)
    0x2000372c   0x00000004   PAD
    0x20003730   0x00000200   Zero   RW          229    HEAP                startup_stm32f10x_md.o
    0x20003930   0x00000400   Zero   RW          228    STACK               startup_stm32f10x_md.o


==============================================================================

Image component sizes


      Code (inc. data)   RO Data    RW Data    ZI Data      Debug   Object Name

      3288        506          0        200          0       6033   control.o
         0          0          0          0          0         32   core_cm3.o
       212         18          0          4          0       1091   delay.o
       440         16          0          0          0       1583   encoder.o
       112          4          0          0          0        664   exti.o
       776         86          0         84         16       2056   filter.o
      7824        172        158         44          0      21699   inv_mpu.o
      3440        126       3062          0         16      15199   inv_mpu_dmp_motion_driver.o
      1318         12          0          0          0       5902   ioi2c.o
       368         42          0         14          0       1511   key.o
       156         18          0         92          0       2699   minibalance.o
       220         22          0          0          0     208885   misc.o
       216         12          0          0          0       1010   motor.o
      2116        450          0         56        146      21010   mpu6050.o
      1102         34       2660          0       1024       4815   oled.o
        64         26        236          0       1536        836   startup_stm32f10x_md.o
       196          8          0          0          0       3548   stm32f10x_bkp.o
       284         10          0          0          0       2303   stm32f10x_exti.o
       860         38          0          0          0       5781   stm32f10x_gpio.o
        26          0          0          0          0     252438   stm32f10x_it.o
       204         14          0          0          0       1979   stm32f10x_pwr.o
       932         36          0         20          0       8984   stm32f10x_rcc.o
      3610         88          0          0          0      22888   stm32f10x_tim.o
      1032         22          0          0          0       8508   stm32f10x_usart.o
       712         44          0          0          0       2867   sys.o
       480         38          0         20          0       1815   system_stm32f10x.o
       484         32          0          4         10       1636   timer.o
       132          4          0          0          0        896   tongxin.o
       320         18          0          6        200       3210   usart.o
       564         72          0         43      12024       2354   usart3.o

    ----------------------------------------------------------------------
     31496       1968       6158        588      14976     614232   Object Totals
         0          0         32          0          0          0   (incl. Generated)
         8          0         10          1          4          0   (incl. Padding)

    ----------------------------------------------------------------------

      Code (inc. data)   RO Data    RW Data    ZI Data      Debug   Library Member Name

        90          0          0          0          0          0   __dczerorl2.o
         8          0          0          0          0         68   __main.o
       104          0          0          0          0         84   __printf.o
         0          0          0          0          0          0   __rtentry.o
        12          0          0          0          0          0   __rtentry2.o
         6          0          0          0          0          0   __rtentry4.o
        52          8          0          0          0          0   __scatter.o
        28          0          0          0          0          0   __scatter_zi.o
        48          6          0          0          0         96   _printf_char_common.o
        36          4          0          0          0         80   _printf_char_file.o
         6          0          0          0          0          0   _printf_d.o
       120         16          0          0          0         92   _printf_dec.o
       178          0          0          0          0         88   _printf_intcommon.o
         0          0          0          0          0          0   _printf_percent.o
         4          0          0          0          0          0   _printf_percent_end.o
        22          0          0          0          0        100   _rserrno.o
        16          0          0          0          0         68   aeabi_memset.o
        18          0          0          0          0         80   exit.o
         8          0          0          0          0         68   ferror.o
         6          0          0          0          0        152   heapauxi.o
         2          0          0          0          0          0   libinit.o
         2          0          0          0          0          0   libinit2.o
         2          0          0          0          0          0   libshutdown.o
         2          0          0          0          0          0   libshutdown2.o
         8          4          0          0         96         68   libspace.o
        72          0          0          0          0         76   llsdiv.o
       238          0          0          0          0        100   lludivv7m.o
        88          0          0          0          0         76   memcmp.o
        24          4          0          0          0         84   noretval__2printf.o
         8          4          0          0          0         68   rt_errno_addr_intlibspace.o
        68          0          0          0          0         68   rt_memclr.o
        78          0          0          0          0         80   rt_memclr_w.o
         2          0          0          0          0          0   rtexit.o
        10          0          0          0          0          0   rtexit2.o
        74          0          0          0          0         80   sys_stackheap_outer.o
         2          0          0          0          0         68   use_no_semi.o
         2          0          0          0          0         68   use_no_semi_2.o
        98          4          0          0          0         92   d2f.o
       826         16          0          0          0        348   daddsub_clz.o
        16          4          0          0          0         68   dcheck1.o
        24          0          0          0          0         68   dcmpi.o
       688        140          0          0          0        208   ddiv.o
       120          4          0          0          0         92   dleqf.o
       340         12          0          0          0        104   dmul.o
       156          4          0          0          0         92   dnaninf.o
        12          0          0          0          0         68   dretinf.o
       460         56          0          0          0        120   dsqrt_noumaal.o
        86          4          0          0          0         84   f2d.o
       450          8          0          0          0        236   faddsub_clz.o
        24          0          0          0          0         68   fcmpi.o
       388         76          0          0          0         96   fdiv.o
       104          4          0          0          0         84   feqf.o
        54          4          0          0          0         84   ffix.o
        62          4          0          0          0         84   ffixu.o
        86          0          0          0          0        136   fflt_clz.o
       104          4          0          0          0         84   fleqf.o
       258          4          0          0          0         84   fmul.o
       140          4          0          0          0         84   fnaninf.o
        10          0          0          0          0         68   fretinf.o
        98          0          0          0          0         68   frleqf.o
       100          0          0          0          0         68   retnan.o
        92          0          0          0          0         68   scalbn.o
        48          0          0          0          0         68   trapv.o
         0          0          0          0          0          0   usenofp.o
       624         52         80          0          0        168   asin.o
       544         70        152          0          0        124   atan.o
       384         38          0          0          0        144   atan2.o
        38          6          0          0          0        272   dunder.o
        40          0          0          0          0         68   fpclassify.o
       170          0          0          0          0         96   poly.o
         0          0          8          0          0          0   qnan.o
        76          0          0          0          0         84   sqrt.o

    ----------------------------------------------------------------------
      8186        564        240          0        100       5492   Library Totals
        22          0          0          0          4          0   (incl. Padding)

    ----------------------------------------------------------------------

      Code (inc. data)   RO Data    RW Data    ZI Data      Debug   Library Name

      1444         46          0          0         96       1812   c_w.l
      4844        352          0          0          0       2724   fz_ws.l
      1876        166        240          0          0        956   m_ws.l

    ----------------------------------------------------------------------
      8186        564        240          0        100       5492   Library Totals

    ----------------------------------------------------------------------

==============================================================================


      Code (inc. data)   RO Data    RW Data    ZI Data      Debug   

     39682       2532       6398        588      15076     613896   Grand Totals
     39682       2532       6398        104      15076     613896   ELF Image Totals (compressed)
     39682       2532       6398        104          0          0   ROM Totals

==============================================================================

    Total RO  Size (Code + RO Data)                46080 (  45.00kB)
    Total RW  Size (RW Data + ZI Data)             15664 (  15.30kB)
    Total ROM Size (Code + RO Data + RW Data)      46184 (  45.10kB)

==============================================================================

