Component: ARM Compiler 5.06 update 3 (build 300) Tool: armlink [4d35c9]

==============================================================================

Section Cross References

    system_stm32f10x.o(.text) refers to system_stm32f10x.o(.data) for SystemCoreClock
    minibalance.o(.text) refers to delay.o(.text) for delay_init
    minibalance.o(.text) refers to usart.o(.text) for uart_init
    minibalance.o(.text) refers to sys.o(.text) for JTAG_Set
    minibalance.o(.text) refers to tongxin.o(.text) for TongXinSend_Init
    minibalance.o(.text) refers to key.o(.text) for KEY_Init
    minibalance.o(.text) refers to motor.o(.text) for MiniBalance_PWM_Init
    minibalance.o(.text) refers to usart3.o(.text) for usart3_init
    minibalance.o(.text) refers to encoder.o(.text) for Encoder_Init_TIM2
    minibalance.o(.text) refers to ioi2c.o(.text) for IIC_Init
    minibalance.o(.text) refers to mpu6050.o(.text) for MPU6050_initialize
    minibalance.o(.text) refers to oled.o(.text) for OLED_Init
    minibalance.o(.text) refers to exti.o(.text) for MiniBalance_EXTI_Init
    minibalance.o(.text) refers to noretval__2printf.o(.text) for __2printf
    minibalance.o(.text) refers to feqf.o(x$fpl$feqf) for __aeabi_cfcmpeq
    minibalance.o(.text) refers to control.o(.text) for HWalk2
    minibalance.o(.text) refers to usart3.o(.data) for pos_x
    startup_stm32f10x_md.o(STACK) refers (Special) to heapauxi.o(.text) for __use_two_region_memory
    startup_stm32f10x_md.o(HEAP) refers (Special) to heapauxi.o(.text) for __use_two_region_memory
    startup_stm32f10x_md.o(RESET) refers (Special) to heapauxi.o(.text) for __use_two_region_memory
    startup_stm32f10x_md.o(RESET) refers to startup_stm32f10x_md.o(STACK) for __initial_sp
    startup_stm32f10x_md.o(RESET) refers to startup_stm32f10x_md.o(.text) for Reset_Handler
    startup_stm32f10x_md.o(RESET) refers to stm32f10x_it.o(.text) for NMI_Handler
    startup_stm32f10x_md.o(RESET) refers to encoder.o(.text) for TIM2_IRQHandler
    startup_stm32f10x_md.o(RESET) refers to timer.o(.text) for TIM3_IRQHandler
    startup_stm32f10x_md.o(RESET) refers to usart.o(.text) for USART1_IRQHandler
    startup_stm32f10x_md.o(RESET) refers to usart3.o(.text) for USART3_IRQHandler
    startup_stm32f10x_md.o(RESET) refers to control.o(.text) for EXTI15_10_IRQHandler
    startup_stm32f10x_md.o(.text) refers (Special) to heapauxi.o(.text) for __use_two_region_memory
    startup_stm32f10x_md.o(.text) refers to system_stm32f10x.o(.text) for SystemInit
    startup_stm32f10x_md.o(.text) refers to __main.o(!!!main) for __main
    startup_stm32f10x_md.o(.text) refers to startup_stm32f10x_md.o(HEAP) for Heap_Mem
    startup_stm32f10x_md.o(.text) refers to startup_stm32f10x_md.o(STACK) for Stack_Mem
    stm32f10x_adc.o(.text) refers to stm32f10x_rcc.o(.text) for RCC_APB2PeriphResetCmd
    stm32f10x_bkp.o(.text) refers to stm32f10x_rcc.o(.text) for RCC_BackupResetCmd
    stm32f10x_can.o(.text) refers to stm32f10x_rcc.o(.text) for RCC_APB1PeriphResetCmd
    stm32f10x_cec.o(.text) refers to stm32f10x_rcc.o(.text) for RCC_APB1PeriphResetCmd
    stm32f10x_dac.o(.text) refers to stm32f10x_rcc.o(.text) for RCC_APB1PeriphResetCmd
    stm32f10x_gpio.o(.text) refers to stm32f10x_rcc.o(.text) for RCC_APB2PeriphResetCmd
    stm32f10x_i2c.o(.text) refers to stm32f10x_rcc.o(.text) for RCC_APB1PeriphResetCmd
    stm32f10x_pwr.o(.text) refers to stm32f10x_rcc.o(.text) for RCC_APB1PeriphResetCmd
    stm32f10x_rcc.o(.text) refers to stm32f10x_rcc.o(.data) for APBAHBPrescTable
    stm32f10x_spi.o(.text) refers to stm32f10x_rcc.o(.text) for RCC_APB2PeriphResetCmd
    stm32f10x_tim.o(.text) refers to stm32f10x_rcc.o(.text) for RCC_APB2PeriphResetCmd
    stm32f10x_usart.o(.text) refers to stm32f10x_rcc.o(.text) for RCC_APB2PeriphResetCmd
    stm32f10x_wwdg.o(.text) refers to stm32f10x_rcc.o(.text) for RCC_APB1PeriphResetCmd
    delay.o(.text) refers to misc.o(.text) for SysTick_CLKSourceConfig
    delay.o(.text) refers to system_stm32f10x.o(.data) for SystemCoreClock
    delay.o(.text) refers to delay.o(.data) for fac_us
    sys.o(.text) refers to sys.o(.emb_text) for WFI_SET
    usart.o(.text) refers (Special) to use_no_semi_2.o(.text) for __use_no_semihosting
    usart.o(.text) refers to stm32f10x_rcc.o(.text) for RCC_APB2PeriphClockCmd
    usart.o(.text) refers to stm32f10x_gpio.o(.text) for GPIO_Init
    usart.o(.text) refers to misc.o(.text) for NVIC_Init
    usart.o(.text) refers to stm32f10x_usart.o(.text) for USART_Init
    usart.o(.text) refers to usart.o(.data) for USART_RX_STA
    usart.o(.text) refers to usart.o(.bss) for USART_RX_BUF
    usart.o(.bss) refers (Special) to use_no_semi_2.o(.text) for __use_no_semihosting
    usart.o(.data) refers (Special) to use_no_semi_2.o(.text) for __use_no_semihosting
    key.o(.text) refers to stm32f10x_rcc.o(.text) for RCC_APB2PeriphClockCmd
    key.o(.text) refers to stm32f10x_gpio.o(.text) for GPIO_Init
    key.o(.text) refers to key.o(.data) for Forever_count
[...]
    __rt_entry                               0x080001b3   Thumb Code     0  __rtentry.o(.ARM.Collect$$rtentry$$00000000)
    __rt_entry_presh_1                       0x080001b3   Thumb Code     0  __rtentry2.o(.ARM.Collect$$rtentry$$00000002)
    __rt_entry_sh                            0x080001b3   Thumb Code     0  __rtentry4.o(.ARM.Collect$$rtentry$$00000004)
    __rt_entry_li                            0x080001b9   Thumb Code     0  __rtentry2.o(.ARM.Collect$$rtentry$$0000000A)
    __rt_entry_postsh_1                      0x080001b9   Thumb Code     0  __rtentry2.o(.ARM.Collect$$rtentry$$00000009)
    __rt_entry_main                          0x080001bd   Thumb Code     0  __rtentry2.o(.ARM.Collect$$rtentry$$0000000D)
    __rt_entry_postli_1                      0x080001bd   Thumb Code     0  __rtentry2.o(.ARM.Collect$$rtentry$$0000000C)
    __rt_exit                                0x080001c5   Thumb Code     0  rtexit.o(.ARM.Collect$$rtexit$$00000000)
    __rt_exit_ls                             0x080001c7   Thumb Code     0  rtexit2.o(.ARM.Collect$$rtexit$$00000003)
    __rt_exit_prels_1                        0x080001c7   Thumb Code     0  rtexit2.o(.ARM.Collect$$rtexit$$00000002)
    __rt_exit_exit                           0x080001cb   Thumb Code     0  rtexit2.o(.ARM.Collect$$rtexit$$00000004)
    WFI_SET                                  0x080001d1   Thumb Code     2  sys.o(.emb_text)
    INTX_DISABLE                             0x080001d3   Thumb Code     2  sys.o(.emb_text)
    INTX_ENABLE                              0x080001d5   Thumb Code     2  sys.o(.emb_text)
    MSR_MSP                                  0x080001d7   Thumb Code     6  sys.o(.emb_text)
    NMI_Handler                              0x080001dd   Thumb Code     2  stm32f10x_it.o(.text)
    HardFault_Handler                        0x080001df   Thumb Code     4  stm32f10x_it.o(.text)
    MemManage_Handler                        0x080001e3   Thumb Code     4  stm32f10x_it.o(.text)
    BusFault_Handler                         0x080001e7   Thumb Code     4  stm32f10x_it.o(.text)
    UsageFault_Handler                       0x080001eb   Thumb Code     4  stm32f10x_it.o(.text)
    SVC_Handler                              0x080001ef   Thumb Code     2  stm32f10x_it.o(.text)
    DebugMon_Handler                         0x080001f1   Thumb Code     2  stm32f10x_it.o(.text)
    PendSV_Handler                           0x080001f3   Thumb Code     2  stm32f10x_it.o(.text)
    SysTick_Handler                          0x080001f5   Thumb Code     2  stm32f10x_it.o(.text)
    SystemInit                               0x080002d7   Thumb Code    78  system_stm32f10x.o(.text)
    SystemCoreClockUpdate                    0x08000325   Thumb Code   142  system_stm32f10x.o(.text)
    main                                     0x080003d9   Thumb Code   136  minibalance.o(.text)
    Reset_Handler                            0x08000471   Thumb Code     8  startup_stm32f10x_md.o(.text)
    ADC1_2_IRQHandler                        0x0800048b   Thumb Code     0  startup_stm32f10x_md.o(.text)
    CAN1_RX1_IRQHandler                      0x0800048b   Thumb Code     0  startup_stm32f10x_md.o(.text)
    CAN1_SCE_IRQHandler                      0x0800048b   Thumb Code     0  startup_stm32f10x_md.o(.text)
    DMA1_Channel1_IRQHandler                 0x0800048b   Thumb Code     0  startup_stm32f10x_md.o(.text)
    DMA1_Channel2_IRQHandler                 0x0800048b   Thumb Code     0  startup_stm32f10x_md.o(.text)
    DMA1_Channel3_IRQHandler                 0x0800048b   Thumb Code     0  startup_stm32f10x_md.o(.text)
    DMA1_Channel4_IRQHandler                 0x0800048b   Thumb Code     0  startup_stm32f10x_md.o(.text)
    DMA1_Channel5_IRQHandler                 0x0800048b   Thumb Code     0  startup_stm32f10x_md.o(.text)
    DMA1_Channel6_IRQHandler                 0x0800048b   Thumb Code     0  startup_stm32f10x_md.o(.text)
    DMA1_Channel7_IRQHandler                 0x0800048b   Thumb Code     0  startup_stm32f10x_md.o(.text)
    EXTI0_IRQHandler                         0x0800048b   Thumb Code     0  startup_stm32f10x_md.o(.text)
    EXTI1_IRQHandler                         0x0800048b   Thumb Code     0  startup_stm32f10x_md.o(.text)
    EXTI2_IRQHandler                         0x0800048b   Thumb Code     0  startup_stm32f10x_md.o(.text)
    EXTI3_IRQHandler                         0x0800048b   Thumb Code     0  startup_stm32f10x_md.o(.text)
    EXTI4_IRQHandler                         0x0800048b   Thumb Code     0  startup_stm32f10x_md.o(.text)
    EXTI9_5_IRQHandler                       0x0800048b   Thumb Code     0  startup_stm32f10x_md.o(.text)
    FLASH_IRQHandler                         0x0800048b   Thumb Code     0  startup_stm32f10x_md.o(.text)
    I2C1_ER_IRQHandler                       0x0800048b   Thumb Code     0  startup_stm32f10x_md.o(.text)
    I2C1_EV_IRQHandler                       0x0800048b   Thumb Code     0  startup_stm32f10x_md.o(.text)
    I2C2_ER_IRQHandler                       0x0800048b   Thumb Code     0  startup_stm32f10x_md.o(.text)
    I2C2_EV_IRQHandler                       0x0800048b   Thumb Code     0  startup_stm32f10x_md.o(.text)
    PVD_IRQHandler                           0x0800048b   Thumb Code     0  startup_stm32f10x_md.o(.text)
    RCC_IRQHandler                           0x0800048b   Thumb Code     0  startup_stm32f10x_md.o(.text)
    RTCAlarm_IRQHandler                      0x0800048b   Thumb Code     0  startup_stm32f10x_md.o(.text)
    RTC_IRQHandler                           0x0800048b   Thumb Code     0  startup_stm32f10x_md.o(.text)
    SPI1_IRQHandler                          0x0800048b   Thumb Code     0  startup_stm32f10x_md.o(.text)
    SPI2_IRQHandler                          0x0800048b   Thumb Code     0  startup_stm32f10x_md.o(.text)
    TAMPER_IRQHandler                        0x0800048b   Thumb Code     0  startup_stm32f10x_md.o(.text)
    TIM1_BRK_IRQHandler                      0x0800048b   Thumb Code     0  startup_stm32f10x_md.o(.text)
    TIM1_CC_IRQHandler                       0x0800048b   Thumb Code     0  startup_stm32f10x_md.o(.text)
    TIM1_TRG_COM_IRQHandler                  0x0800048b   Thumb Code     0  startup_stm32f10x_md.o(.text)
    TIM1_UP_IRQHandler                       0x0800048b   Thumb Code     0  startup_stm32f10x_md.o(.text)
    USART2_IRQHandler                        0x0800048b   Thumb Code     0  startup_stm32f10x_md.o(.text)
    USBWakeUp_IRQHandler                     0x0800048b   Thumb Code     0  startup_stm32f10x_md.o(.text)
    USB_HP_CAN1_TX_IRQHandler                0x0800048b   Thumb Code     0  startup_stm32f10x_md.o(.text)
    USB_LP_CAN1_RX0_IRQHandler               0x0800048b   Thumb Code     0  startup_stm32f10x_md.o(.text)
    WWDG_IRQHandler                          0x0800048b   Thumb Code     0  startup_stm32f10x_md.o(.text)
    __user_initial_stackheap                 0x0800048d   Thumb Code     0  startup_stm32f10x_md.o(.text)
    NVIC_PriorityGroupConfig                 0x080004b1   Thumb Code    10  misc.o(.text)
    NVIC_Init                                0x080004bb   Thumb Code   100  misc.o(.text)
    NVIC_SetVectorTable                      0x0800051f   Thumb Code    14  misc.o(.text)
    NVIC_SystemLPConfig                      0x0800052d   Thumb Code    34  misc.o(.text)
    SysTick_CLKSourceConfig                  0x0800054f   Thumb Code    40  misc.o(.text)
    BKP_DeInit                               0x0800058d   Thumb Code    16  stm32f10x_bkp.o(.text)
    BKP_TamperPinLevelConfig                 0x0800059d   Thumb Code     6  stm32f10x_bkp.o(.text)
    BKP_TamperPinCmd                         0x080005a3   Thumb Code     8  stm32f10x_bkp.o(.text)
    BKP_ITConfig                             0x080005ab   Thumb Code     8  stm32f10x_bkp.o(.text)
    BKP_RTCOutputConfig                      0x080005b3   Thumb Code    22  stm32f10x_bkp.o(.text)
    BKP_SetRTCCalibrationValue               0x080005c9   Thumb Code    22  stm32f10x_bkp.o(.text)
    BKP_WriteBackupRegister                  0x080005df   Thumb Code    24  stm32f10x_bkp.o(.text)
    BKP_ReadBackupRegister                   0x080005f7   Thumb Code    26  stm32f10x_bkp.o(.text)
    BKP_GetFlagStatus                        0x08000611   Thumb Code    10  stm32f10x_bkp.o(.text)
    BKP_ClearFlag                            0x0800061b   Thumb Code    18  stm32f10x_bkp.o(.text)
    BKP_GetITStatus                          0x0800062d   Thumb Code    10  stm32f10x_bkp.o(.text)
    BKP_ClearITPendingBit                    0x08000637   Thumb Code    18  stm32f10x_bkp.o(.text)
    EXTI_DeInit                              0x08000651   Thumb Code    28  stm32f10x_exti.o(.text)
    EXTI_Init                                0x0800066d   Thumb Code   142  stm32f10x_exti.o(.text)
    EXTI_StructInit                          0x080006fb   Thumb Code    16  stm32f10x_exti.o(.text)
    EXTI_GenerateSWInterrupt                 0x0800070b   Thumb Code    16  stm32f10x_exti.o(.text)
    EXTI_GetFlagStatus                       0x0800071b   Thumb Code    22  stm32f10x_exti.o(.text)
    EXTI_ClearFlag                           0x08000731   Thumb Code     8  stm32f10x_exti.o(.text)
    EXTI_GetITStatus                         0x08000739   Thumb Code    34  stm32f10x_exti.o(.text)
    EXTI_ClearITPendingBit                   0x0800075b   Thumb Code     8  stm32f10x_exti.o(.text)
    GPIO_DeInit                              0x0800076d   Thumb Code   172  stm32f10x_gpio.o(.text)
    GPIO_AFIODeInit                          0x08000819   Thumb Code    20  stm32f10x_gpio.o(.text)
    GPIO_Init                                0x0800082d   Thumb Code   278  stm32f10x_gpio.o(.text)
    GPIO_StructInit                          0x08000943   Thumb Code    16  stm32f10x_gpio.o(.text)
    GPIO_ReadInputDataBit                    0x08000953   Thumb Code    18  stm32f10x_gpio.o(.text)
    GPIO_ReadInputData                       0x08000965   Thumb Code     8  stm32f10x_gpio.o(.text)
    GPIO_ReadOutputDataBit                   0x0800096d   Thumb Code    18  stm32f10x_gpio.o(.text)
    GPIO_ReadOutputData                      0x0800097f   Thumb Code     8  stm32f10x_gpio.o(.text)
    GPIO_SetBits                             0x08000987   Thumb Code     4  stm32f10x_gpio.o(.text)
    GPIO_ResetBits                           0x0800098b   Thumb Code     4  stm32f10x_gpio.o(.text)
    GPIO_WriteBit                            0x0800098f   Thumb Code    10  stm32f10x_gpio.o(.text)
    GPIO_Write                               0x08000999   Thumb Code     4  stm32f10x_gpio.o(.text)
    GPIO_PinLockConfig                       0x0800099d   Thumb Code    18  stm32f10x_gpio.o(.text)
    GPIO_EventOutputConfig                   0x080009af   Thumb Code    26  stm32f10x_gpio.o(.text)
    GPIO_EventOutputCmd                      0x080009c9   Thumb Code     6  stm32f10x_gpio.o(.text)
    GPIO_PinRemapConfig                      0x080009cf   Thumb Code   138  stm32f10x_gpio.o(.text)
    GPIO_EXTILineConfig                      0x08000a59   Thumb Code    66  stm32f10x_gpio.o(.text)
    GPIO_ETH_MediaInterfaceConfig            0x08000a9b   Thumb Code     8  stm32f10x_gpio.o(.text)
    PWR_DeInit                               0x08000ac9   Thumb Code    22  stm32f10x_pwr.o(.text)
    PWR_BackupAccessCmd                      0x08000adf   Thumb Code     6  stm32f10x_pwr.o(.text)
    PWR_PVDCmd                               0x08000ae5   Thumb Code     6  stm32f10x_pwr.o(.text)
    PWR_PVDLevelConfig                       0x08000aeb   Thumb Code    18  stm32f10x_pwr.o(.text)
    PWR_WakeUpPinCmd                         0x08000afd   Thumb Code     8  stm32f10x_pwr.o(.text)
    PWR_EnterSTOPMode                        0x08000b05   Thumb Code    54  stm32f10x_pwr.o(.text)
    PWR_EnterSTANDBYMode                     0x08000b3b   Thumb Code    42  stm32f10x_pwr.o(.text)
    PWR_GetFlagStatus                        0x08000b65   Thumb Code    20  stm32f10x_pwr.o(.text)
    PWR_ClearFlag                            0x08000b79   Thumb Code    14  stm32f10x_pwr.o(.text)
    RCC_DeInit                               0x08000b95   Thumb Code    64  stm32f10x_rcc.o(.text)
    RCC_HSEConfig                            0x08000bd5   Thumb Code    70  stm32f10x_rcc.o(.text)
    RCC_GetFlagStatus                        0x08000c1b   Thumb Code    56  stm32f10x_rcc.o(.text)
    RCC_WaitForHSEStartUp                    0x08000c53   Thumb Code    56  stm32f10x_rcc.o(.text)
    RCC_AdjustHSICalibrationValue            0x08000c8b   Thumb Code    20  stm32f10x_rcc.o(.text)
    RCC_HSICmd                               0x08000c9f   Thumb Code     6  stm32f10x_rcc.o(.text)
    RCC_PLLConfig                            0x08000ca5   Thumb Code    24  stm32f10x_rcc.o(.text)
    RCC_PLLCmd                               0x08000cbd   Thumb Code     6  stm32f10x_rcc.o(.text)
    RCC_SYSCLKConfig                         0x08000cc3   Thumb Code    18  stm32f10x_rcc.o(.text)
    RCC_GetSYSCLKSource                      0x08000cd5   Thumb Code    10  stm32f10x_rcc.o(.text)
    RCC_HCLKConfig                           0x08000cdf   Thumb Code    18  stm32f10x_rcc.o(.text)
    RCC_PCLK1Config                          0x08000cf1   Thumb Code    18  stm32f10x_rcc.o(.text)
    RCC_PCLK2Config                          0x08000d03   Thumb Code    20  stm32f10x_rcc.o(.text)
    RCC_ITConfig                             0x08000d17   Thumb Code    26  stm32f10x_rcc.o(.text)
    RCC_USBCLKConfig                         0x08000d31   Thumb Code     8  stm32f10x_rcc.o(.text)
    RCC_ADCCLKConfig                         0x08000d39   Thumb Code    18  stm32f10x_rcc.o(.text)
    RCC_LSEConfig                            0x08000d4b   Thumb Code    50  stm32f10x_rcc.o(.text)
    RCC_LSICmd                               0x08000d7d   Thumb Code     6  stm32f10x_rcc.o(.text)
    RCC_RTCCLKConfig                         0x08000d83   Thumb Code    12  stm32f10x_rcc.o(.text)
    RCC_RTCCLKCmd                            0x08000d8f   Thumb Code     8  stm32f10x_rcc.o(.text)
    RCC_GetClocksFreq                        0x08000d97   Thumb Code   192  stm32f10x_rcc.o(.text)
    RCC_AHBPeriphClockCmd                    0x08000e57   Thumb Code    26  stm32f10x_rcc.o(.text)
    RCC_APB2PeriphClockCmd                   0x08000e71   Thumb Code    26  stm32f10x_rcc.o(.text)
    RCC_APB1PeriphClockCmd                   0x08000e8b   Thumb Code    26  stm32f10x_rcc.o(.text)
    RCC_APB2PeriphResetCmd                   0x08000ea5   Thumb Code    26  stm32f10x_rcc.o(.text)
    RCC_APB1PeriphResetCmd                   0x08000ebf   Thumb Code    26  stm32f10x_rcc.o(.text)
    RCC_BackupResetCmd                       0x08000ed9   Thumb Code     8  stm32f10x_rcc.o(.text)
    RCC_ClockSecuritySystemCmd               0x08000ee1   Thumb Code     6  stm32f10x_rcc.o(.text)
    RCC_MCOConfig                            0x08000ee7   Thumb Code     6  stm32f10x_rcc.o(.text)
    RCC_ClearFlag                            0x08000eed   Thumb Code    14  stm32f10x_rcc.o(.text)
    RCC_GetITStatus                          0x08000efb   Thumb Code    20  stm32f10x_rcc.o(.text)
    RCC_ClearITPendingBit                    0x08000f0f   Thumb Code     6  stm32f10x_rcc.o(.text)
    TIM_DeInit                               0x08000f39   Thumb Code   424  stm32f10x_tim.o(.text)
    TIM_TimeBaseInit                         0x080010e1   Thumb Code   122  stm32f10x_tim.o(.text)
    TIM_OC1Init                              0x0800115b   Thumb Code   132  stm32f10x_tim.o(.text)
    TIM_OC2Init                              0x080011df   Thumb Code   154  stm32f10x_tim.o(.text)
    TIM_OC3Init                              0x08001279   Thumb Code   150  stm32f10x_tim.o(.text)
    TIM_OC4Init                              0x0800130f   Thumb Code   182  stm32f10x_tim.o(.text)
    TIM_SetIC4Prescaler                      0x080013c5   Thumb Code    26  stm32f10x_tim.o(.text)
    TIM_SetIC3Prescaler                      0x08001461   Thumb Code    18  stm32f10x_tim.o(.text)
    TIM_SetIC2Prescaler                      0x080014ed   Thumb Code    26  stm32f10x_tim.o(.text)
    TIM_SetIC1Prescaler                      0x08001589   Thumb Code    18  stm32f10x_tim.o(.text)
    TIM_ICInit                               0x08001607   Thumb Code   150  stm32f10x_tim.o(.text)
    TIM_PWMIConfig                           0x0800169d   Thumb Code   124  stm32f10x_tim.o(.text)
    TIM_BDTRConfig                           0x08001719   Thumb Code    32  stm32f10x_tim.o(.text)
    TIM_TimeBaseStructInit                   0x08001739   Thumb Code    18  stm32f10x_tim.o(.text)
    TIM_OCStructInit                         0x0800174b   Thumb Code    20  stm32f10x_tim.o(.text)
    TIM_ICStructInit                         0x0800175f   Thumb Code    18  stm32f10x_tim.o(.text)
    TIM_BDTRStructInit                       0x08001771   Thumb Code    40  stm32f10x_tim.o(.text)
    TIM_Cmd                                  0x08001799   Thumb Code    24  stm32f10x_tim.o(.text)
    TIM_CtrlPWMOutputs                       0x080017b1   Thumb Code    30  stm32f10x_tim.o(.text)
    TIM_ITConfig                             0x080017cf   Thumb Code    18  stm32f10x_tim.o(.text)
    TIM_GenerateEvent                        0x080017e1   Thumb Code     4  stm32f10x_tim.o(.text)
    TIM_DMAConfig                            0x080017e5   Thumb Code    10  stm32f10x_tim.o(.text)
    TIM_DMACmd                               0x080017ef   Thumb Code    18  stm32f10x_tim.o(.text)
    TIM_InternalClockConfig                  0x08001801   Thumb Code    12  stm32f10x_tim.o(.text)
    TIM_SelectInputTrigger                   0x0800180d   Thumb Code    18  stm32f10x_tim.o(.text)
    TIM_ITRxExternalClockConfig              0x0800181f   Thumb Code    24  stm32f10x_tim.o(.text)
    TIM_TIxExternalClockConfig               0x08001837   Thumb Code    62  stm32f10x_tim.o(.text)
    TIM_ETRConfig                            0x08001875   Thumb Code    28  stm32f10x_tim.o(.text)
    TIM_ETRClockMode1Config                  0x08001891   Thumb Code    54  stm32f10x_tim.o(.text)
    TIM_ETRClockMode2Config                  0x080018c7   Thumb Code    32  stm32f10x_tim.o(.text)
    TIM_PrescalerConfig                      0x080018e7   Thumb Code     6  stm32f10x_tim.o(.text)
    TIM_CounterModeConfig                    0x080018ed   Thumb Code    18  stm32f10x_tim.o(.text)
    TIM_EncoderInterfaceConfig               0x080018ff   Thumb Code    66  stm32f10x_tim.o(.text)
    TIM_ForcedOC1Config                      0x08001941   Thumb Code    18  stm32f10x_tim.o(.text)
    TIM_ForcedOC2Config                      0x08001953   Thumb Code    26  stm32f10x_tim.o(.text)
    TIM_ForcedOC3Config                      0x0800196d   Thumb Code    18  stm32f10x_tim.o(.text)
    TIM_ForcedOC4Config                      0x0800197f   Thumb Code    26  stm32f10x_tim.o(.text)
    TIM_ARRPreloadConfig                     0x08001999   Thumb Code    24  stm32f10x_tim.o(.text)
    TIM_SelectCOM                            0x080019b1   Thumb Code    24  stm32f10x_tim.o(.text)
    TIM_SelectCCDMA                          0x080019c9   Thumb Code    24  stm32f10x_tim.o(.text)
    TIM_CCPreloadControl                     0x080019e1   Thumb Code    24  stm32f10x_tim.o(.text)
    TIM_OC1PreloadConfig                     0x080019f9   Thumb Code    18  stm32f10x_tim.o(.text)
    TIM_OC2PreloadConfig                     0x08001a0b   Thumb Code    26  stm32f10x_tim.o(.text)
    TIM_OC3PreloadConfig                     0x08001a25   Thumb Code    18  stm32f10x_tim.o(.text)
    TIM_OC4PreloadConfig                     0x08001a37   Thumb Code    26  stm32f10x_tim.o(.text)
    TIM_OC1FastConfig                        0x08001a51   Thumb Code    18  stm32f10x_tim.o(.text)
    TIM_OC2FastConfig                        0x08001a63   Thumb Code    26  stm32f10x_tim.o(.text)
    TIM_OC3FastConfig                        0x08001a7d   Thumb Code    18  stm32f10x_tim.o(.text)
    TIM_OC4FastConfig                        0x08001a8f   Thumb Code    26  stm32f10x_tim.o(.text)
    TIM_ClearOC1Ref                          0x08001aa9   Thumb Code    18  stm32f10x_tim.o(.text)
    TIM_ClearOC2Ref                          0x08001abb   Thumb Code    24  stm32f10x_tim.o(.text)
    TIM_ClearOC3Ref                          0x08001ad3   Thumb Code    18  stm32f10x_tim.o(.text)
    TIM_ClearOC4Ref                          0x08001ae5   Thumb Code    24  stm32f10x_tim.o(.text)
    TIM_OC1PolarityConfig                    0x08001afd   Thumb Code    18  stm32f10x_tim.o(.text)
    TIM_OC1NPolarityConfig                   0x08001b0f   Thumb Code    18  stm32f10x_tim.o(.text)
    TIM_OC2PolarityConfig                    0x08001b21   Thumb Code    26  stm32f10x_tim.o(.text)
    TIM_OC2NPolarityConfig                   0x08001b3b   Thumb Code    26  stm32f10x_tim.o(.text)
    TIM_OC3PolarityConfig                    0x08001b55   Thumb Code    26  stm32f10x_tim.o(.text)
    TIM_OC3NPolarityConfig                   0x08001b6f   Thumb Code    26  stm32f10x_tim.o(.text)
    TIM_OC4PolarityConfig                    0x08001b89   Thumb Code    26  stm32f10x_tim.o(.text)
    TIM_CCxCmd                               0x08001ba3   Thumb Code    30  stm32f10x_tim.o(.text)
    TIM_CCxNCmd                              0x08001bc1   Thumb Code    30  stm32f10x_tim.o(.text)
    TIM_SelectOCxM                           0x08001bdf   Thumb Code    82  stm32f10x_tim.o(.text)
    TIM_UpdateDisableConfig                  0x08001c31   Thumb Code    24  stm32f10x_tim.o(.text)
    TIM_UpdateRequestConfig                  0x08001c49   Thumb Code    24  stm32f10x_tim.o(.text)
    TIM_SelectHallSensor                     0x08001c61   Thumb Code    24  stm32f10x_tim.o(.text)
    TIM_SelectOnePulseMode                   0x08001c79   Thumb Code    18  stm32f10x_tim.o(.text)
    TIM_SelectOutputTrigger                  0x08001c8b   Thumb Code    18  stm32f10x_tim.o(.text)
    TIM_SelectSlaveMode                      0x08001c9d   Thumb Code    18  stm32f10x_tim.o(.text)
    TIM_SelectMasterSlaveMode                0x08001caf   Thumb Code    18  stm32f10x_tim.o(.text)
    TIM_SetCounter                           0x08001cc1   Thumb Code     4  stm32f10x_tim.o(.text)
    TIM_SetAutoreload                        0x08001cc5   Thumb Code     4  stm32f10x_tim.o(.text)
    TIM_SetCompare1                          0x08001cc9   Thumb Code     4  stm32f10x_tim.o(.text)
    TIM_SetCompare2                          0x08001ccd   Thumb Code     4  stm32f10x_tim.o(.text)
    TIM_SetCompare3                          0x08001cd1   Thumb Code     4  stm32f10x_tim.o(.text)
    TIM_SetCompare4                          0x08001cd5   Thumb Code     6  stm32f10x_tim.o(.text)
    TIM_SetClockDivision                     0x08001cdb   Thumb Code    18  stm32f10x_tim.o(.text)
    TIM_GetCapture1                          0x08001ced   Thumb Code     6  stm32f10x_tim.o(.text)
    TIM_GetCapture2                          0x08001cf3   Thumb Code     6  stm32f10x_tim.o(.text)
    TIM_GetCapture3                          0x08001cf9   Thumb Code     6  stm32f10x_tim.o(.text)
    TIM_GetCapture4                          0x08001cff   Thumb Code     8  stm32f10x_tim.o(.text)
    TIM_GetCounter                           0x08001d07   Thumb Code     6  stm32f10x_tim.o(.text)
    TIM_GetPrescaler                         0x08001d0d   Thumb Code     6  stm32f10x_tim.o(.text)
    TIM_GetFlagStatus                        0x08001d13   Thumb Code    18  stm32f10x_tim.o(.text)
    TIM_ClearFlag                            0x08001d25   Thumb Code     6  stm32f10x_tim.o(.text)
    TIM_GetITStatus                          0x08001d2b   Thumb Code    34  stm32f10x_tim.o(.text)
    TIM_ClearITPendingBit                    0x08001d4d   Thumb Code     6  stm32f10x_tim.o(.text)
    USART_DeInit                             0x08001d55   Thumb Code   134  stm32f10x_usart.o(.text)
    USART_Init                               0x08001ddb   Thumb Code   210  stm32f10x_usart.o(.text)
    USART_StructInit                         0x08001ead   Thumb Code    24  stm32f10x_usart.o(.text)
    USART_ClockInit                          0x08001ec5   Thumb Code    34  stm32f10x_usart.o(.text)
    USART_ClockStructInit                    0x08001ee7   Thumb Code    12  stm32f10x_usart.o(.text)
    USART_Cmd                                0x08001ef3   Thumb Code    24  stm32f10x_usart.o(.text)
    USART_ITConfig                           0x08001f0b   Thumb Code    74  stm32f10x_usart.o(.text)
    USART_DMACmd                             0x08001f55   Thumb Code    18  stm32f10x_usart.o(.text)
    USART_SetAddress                         0x08001f67   Thumb Code    18  stm32f10x_usart.o(.text)
    USART_WakeUpConfig                       0x08001f79   Thumb Code    18  stm32f10x_usart.o(.text)
    USART_ReceiverWakeUpCmd                  0x08001f8b   Thumb Code    24  stm32f10x_usart.o(.text)
    USART_LINBreakDetectLengthConfig         0x08001fa3   Thumb Code    18  stm32f10x_usart.o(.text)
    USART_LINCmd                             0x08001fb5   Thumb Code    24  stm32f10x_usart.o(.text)
    USART_SendData                           0x08001fcd   Thumb Code     8  stm32f10x_usart.o(.text)
    USART_ReceiveData                        0x08001fd5   Thumb Code    10  stm32f10x_usart.o(.text)
    USART_SendBreak                          0x08001fdf   Thumb Code    10  stm32f10x_usart.o(.text)
    USART_SetGuardTime                       0x08001fe9   Thumb Code    16  stm32f10x_usart.o(.text)
    USART_SetPrescaler                       0x08001ff9   Thumb Code    16  stm32f10x_usart.o(.text)
    USART_SmartCardCmd                       0x08002009   Thumb Code    24  stm32f10x_usart.o(.text)
    USART_SmartCardNACKCmd                   0x08002021   Thumb Code    24  stm32f10x_usart.o(.text)
    USART_HalfDuplexCmd                      0x08002039   Thumb Code    24  stm32f10x_usart.o(.text)
    USART_OverSampling8Cmd                   0x08002051   Thumb Code    22  stm32f10x_usart.o(.text)
    USART_OneBitMethodCmd                    0x08002067   Thumb Code    24  stm32f10x_usart.o(.text)
    USART_IrDAConfig                         0x0800207f   Thumb Code    18  stm32f10x_usart.o(.text)
    USART_IrDACmd                            0x08002091   Thumb Code    24  stm32f10x_usart.o(.text)
    USART_GetFlagStatus                      0x080020a9   Thumb Code    26  stm32f10x_usart.o(.text)
    USART_ClearFlag                          0x080020c3   Thumb Code    18  stm32f10x_usart.o(.text)
    USART_GetITStatus                        0x080020d5   Thumb Code    84  stm32f10x_usart.o(.text)
    USART_ClearITPendingBit                  0x08002129   Thumb Code    52  stm32f10x_usart.o(.text)
    delay_init                               0x0800215d   Thumb Code    50  delay.o(.text)
    delay_us                                 0x0800218f   Thumb Code    72  delay.o(.text)
    delay_ms                                 0x080021d7   Thumb Code    72  delay.o(.text)
    MY_NVIC_SetVectorTable                   0x08002231   Thumb Code    12  sys.o(.text)
    MY_NVIC_PriorityGroupConfig              0x0800223d   Thumb Code    36  sys.o(.text)
    MY_NVIC_Init                             0x08002261   Thumb Code   116  sys.o(.text)
    Ex_NVIC_Config                           0x080022d5   Thumb Code   146  sys.o(.text)
    MYRCC_DeInit                             0x08002367   Thumb Code    90  sys.o(.text)
    Sys_Standby                              0x080023c1   Thumb Code    68  sys.o(.text)
    Sys_Soft_Reset                           0x08002405   Thumb Code    12  sys.o(.text)
    JTAG_Set                                 0x08002411   Thumb Code    42  sys.o(.text)
    Stm32_Clock_Init                         0x0800243b   Thumb Code   134  sys.o(.text)
    _sys_exit                                0x080024ed   Thumb Code     4  usart.o(.text)
    fputc                                    0x080024f1   Thumb Code    24  usart.o(.text)
    uart_init                                0x08002509   Thumb Code   152  usart.o(.text)
    USART1_IRQHandler                        0x080025a1   Thumb Code   122  usart.o(.text)
    KEY_Init                                 0x0800262d   Thumb Code    32  key.o(.text)
    click_N_Double                           0x0800264d   Thumb Code   184  key.o(.text)
    click                                    0x08002705   Thumb Code    38  key.o(.text)
    Long_Press                               0x0800272b   Thumb Code    72  key.o(.text)
    OLED_WR_Byte                             0x0800279d   Thumb Code    78  oled.o(.text)
    OLED_Refresh_Gram                        0x080027eb   Thumb Code    70  oled.o(.text)
    OLED_Display_On                          0x08002831   Thumb Code    28  oled.o(.text)
    OLED_Display_Off                         0x0800284d   Thumb Code    28  oled.o(.text)
    OLED_Clear                               0x08002869   Thumb Code    42  oled.o(.text)
    OLED_DrawPoint                           0x08002893   Thumb Code   100  oled.o(.text)
    OLED_ShowChar                            0x080028f7   Thumb Code   158  oled.o(.text)
    oled_pow                                 0x08002995   Thumb Code    22  oled.o(.text)
    OLED_ShowNumber                          0x080029ab   Thumb Code   148  oled.o(.text)
    OLED_ShowString                          0x08002a3f   Thumb Code    68  oled.o(.text)
    OLED_Init                                0x08002a83   Thumb Code   360  oled.o(.text)
    TIM3_Cap_Init                            0x08002bed   Thumb Code   172  timer.o(.text)
    Read_Distane                             0x08002c99   Thumb Code    94  timer.o(.text)
    TIM3_IRQHandler                          0x08002cf7   Thumb Code   186  timer.o(.text)
    MiniBalance_Motor_Init                   0x08002dd1   Thumb Code    40  motor.o(.text)
    MiniBalance_PWM_Init                     0x08002df9   Thumb Code   164  motor.o(.text)
    Encoder_Init_TIM2                        0x08002ea9   Thumb Code   154  encoder.o(.text)
    Encoder_Init_TIM4                        0x08002f43   Thumb Code   148  encoder.o(.text)
    Read_Encoder                             0x08002fd7   Thumb Code    74  encoder.o(.text)
    TIM4_IRQHandler                          0x08003021   Thumb Code    24  encoder.o(.text)
    TIM2_IRQHandler                          0x08003039   Thumb Code    24  encoder.o(.text)
    IIC_Init                                 0x08003061   Thumb Code    40  ioi2c.o(.text)
    IIC_Start                                0x08003089   Thumb Code    96  ioi2c.o(.text)
    IIC_Stop                                 0x080030e9   Thumb Code    68  ioi2c.o(.text)
    IIC_Wait_Ack                             0x0800312d   Thumb Code    96  ioi2c.o(.text)
    IIC_Ack                                  0x0800318d   Thumb Code    72  ioi2c.o(.text)
    IIC_NAck                                 0x080031d5   Thumb Code    70  ioi2c.o(.text)
    IIC_Send_Byte                            0x0800321b   Thumb Code    94  ioi2c.o(.text)
    i2cWrite                                 0x08003279   Thumb Code    96  ioi2c.o(.text)
    IIC_Read_Byte                            0x080032d9   Thumb Code   104  ioi2c.o(.text)
    i2cRead                                  0x08003341   Thumb Code   118  ioi2c.o(.text)
    I2C_ReadOneByte                          0x080033b7   Thumb Code    70  ioi2c.o(.text)
    IICreadBytes                             0x080033fd   Thumb Code   112  ioi2c.o(.text)
    IICwriteBytes                            0x0800346d   Thumb Code    70  ioi2c.o(.text)
    IICreadByte                              0x080034b3   Thumb Code    22  ioi2c.o(.text)
    IICwriteByte                             0x080034c9   Thumb Code    20  ioi2c.o(.text)
    IICwriteBits                             0x080034dd   Thumb Code   106  ioi2c.o(.text)
    IICwriteBit                              0x08003547   Thumb Code    64  ioi2c.o(.text)
    USART3_IRQHandler                        0x08003589   Thumb Code   328  usart3.o(.text)
    usart3_init                              0x080036d1   Thumb Code   170  usart3.o(.text)
    MiniBalance_EXTI_Init                    0x080037bd   Thumb Code   108  exti.o(.text)
    TongXinSend_Init                         0x0800382d   Thumb Code    50  tongxin.o(.text)
    TongXinReceive_Init                      0x0800385f   Thumb Code    38  tongxin.o(.text)
    HongLan_Init                             0x08003885   Thumb Code    40  tongxin.o(.text)
    myabs                                    0x080038b1   Thumb Code    14  control.o(.text)
    Set_Pwm                                  0x080038bf   Thumb Code   102  control.o(.text)
    Turn_Off                                 0x08003925   Thumb Code    76  control.o(.text)
    Xianfu_Pwm                               0x08003971   Thumb Code    62  control.o(.text)
    velocity                                 0x080039af   Thumb Code   422  control.o(.text)
    balance                                  0x08003b55   Thumb Code    64  control.o(.text)
    Key                                      0x08003b95   Thumb Code    22  control.o(.text)
    Get_Angle                                0x08003bab   Thumb Code   606  control.o(.text)
    EXTI15_10_IRQHandler                     0x08003e09   Thumb Code   202  control.o(.text)
    turn                                     0x08003ed3   Thumb Code   348  control.o(.text)
    TWO_DIAN_PD                              0x0800402f   Thumb Code  1290  control.o(.text)
    HWalk1                                   0x08004539   Thumb Code    38  control.o(.text)
    HWalkBack1                               0x0800455f   Thumb Code    58  control.o(.text)
    HWalk2                                   0x08004599   Thumb Code    56  control.o(.text)
    HWalkBack2                               0x080045d1   Thumb Code    58  control.o(.text)
    HWalk3                                   0x0800460b   Thumb Code   266  control.o(.text)
    HWalkBack3                               0x08004715   Thumb Code    58  control.o(.text)
    HWalk4                                   0x0800474f   Thumb Code    52  control.o(.text)
    HWalkBack4                               0x08004783   Thumb Code    58  control.o(.text)
    HWalk5                                   0x080047bd   Thumb Code    52  control.o(.text)
    HWalkBack5                               0x080047f1   Thumb Code    58  control.o(.text)
    LWalk1                                   0x0800482b   Thumb Code    52  control.o(.text)
    LWalkBack1                               0x0800485f   Thumb Code    58  control.o(.text)
    LWalk2                                   0x08004899   Thumb Code    60  control.o(.text)
    LWalkBack2                               0x080048d5   Thumb Code    58  control.o(.text)
    LWalk3                                   0x0800490f   Thumb Code    52  control.o(.text)
    LWalkBack3                               0x08004943   Thumb Code    58  control.o(.text)
    LWalk4                                   0x0800497d   Thumb Code    52  control.o(.text)
    LWalkBack4                               0x080049b1   Thumb Code    58  control.o(.text)
    LWalk5                                   0x080049eb   Thumb Code    52  control.o(.text)
    LWalkBack5                               0x08004a1f   Thumb Code    58  control.o(.text)
    mpu_reg_dump                             0x08004b4b   Thumb Code    72  inv_mpu.o(.text)
    mpu_read_reg                             0x08004b93   Thumb Code    66  inv_mpu.o(.text)
    mpu_set_int_latched                      0x08004bd5   Thumb Code   102  inv_mpu.o(.text)
    mpu_set_sensors                          0x08004c3b   Thumb Code   202  inv_mpu.o(.text)
    mpu_set_bypass                           0x08004d05   Thumb Code   328  inv_mpu.o(.text)
    mpu_reset_fifo                           0x08004e4d   Thumb Code   444  inv_mpu.o(.text)
    mpu_configure_fifo                       0x08005009   Thumb Code   106  inv_mpu.o(.text)
    mpu_set_lpf                              0x08005073   Thumb Code   126  inv_mpu.o(.text)
    mpu_lp_accel_mode                        0x080050f1   Thumb Code   218  inv_mpu.o(.text)
    mpu_set_sample_rate                      0x080051cb   Thumb Code   152  inv_mpu.o(.text)
    mpu_set_accel_fsr                        0x08005263   Thumb Code   132  inv_mpu.o(.text)
    mpu_set_gyro_fsr                         0x080052e7   Thumb Code   132  inv_mpu.o(.text)
    mpu_init                                 0x0800536b   Thumb Code   416  inv_mpu.o(.text)
    myget_ms                                 0x0800550b   Thumb Code     2  inv_mpu.o(.text)
    mpu_get_gyro_reg                         0x0800550d   Thumb Code   110  inv_mpu.o(.text)
    mpu_get_accel_reg                        0x0800557b   Thumb Code   110  inv_mpu.o(.text)
    mpu_get_temperature                      0x080055e9   Thumb Code   150  inv_mpu.o(.text)
    mpu_set_accel_bias                       0x0800567f   Thumb Code   468  inv_mpu.o(.text)
    mpu_get_gyro_fsr                         0x08005853   Thumb Code    64  inv_mpu.o(.text)
    mpu_get_accel_fsr                        0x08005893   Thumb Code    72  inv_mpu.o(.text)
    mpu_get_lpf                              0x080058db   Thumb Code    74  inv_mpu.o(.text)
    mpu_get_sample_rate                      0x08005925   Thumb Code    26  inv_mpu.o(.text)
    mpu_get_compass_sample_rate              0x0800593f   Thumb Code    10  inv_mpu.o(.text)
    mpu_set_compass_sample_rate              0x08005949   Thumb Code     8  inv_mpu.o(.text)
    mpu_get_gyro_sens                        0x08005951   Thumb Code    58  inv_mpu.o(.text)
    mpu_get_accel_sens                       0x0800598b   Thumb Code    78  inv_mpu.o(.text)
    mpu_get_fifo_config                      0x080059d9   Thumb Code    12  inv_mpu.o(.text)
    mpu_get_power_state                      0x080059e5   Thumb Code    22  inv_mpu.o(.text)
    mpu_get_int_status                       0x080059fb   Thumb Code    64  inv_mpu.o(.text)
    mpu_read_fifo                            0x08005a3b   Thumb Code   520  inv_mpu.o(.text)
    mpu_read_fifo_stream                     0x08005c43   Thumb Code   186  inv_mpu.o(.text)
    mpu_set_int_level                        0x08005cfd   Thumb Code    12  inv_mpu.o(.text)
    mpu_set_dmp_state                        0x080063dd   Thumb Code   138  inv_mpu.o(.text)
    mpu_run_self_test                        0x08006467   Thumb Code   278  inv_mpu.o(.text)
    mpu_write_mem                            0x0800657d   Thumb Code   122  inv_mpu.o(.text)
    mpu_read_mem                             0x080065f7   Thumb Code   122  inv_mpu.o(.text)
    mpu_load_firmware                        0x08006671   Thumb Code   190  inv_mpu.o(.text)
    mpu_get_dmp_state                        0x0800672f   Thumb Code    14  inv_mpu.o(.text)
    mpu_get_compass_reg                      0x0800673d   Thumb Code     8  inv_mpu.o(.text)
    mpu_get_compass_fsr                      0x08006745   Thumb Code     8  inv_mpu.o(.text)
    mpu_lp_motion_interrupt                  0x0800674d   Thumb Code   512  inv_mpu.o(.text)
    dmp_load_motion_driver_firmware          0x08006951   Thumb Code    20  inv_mpu_dmp_motion_driver.o(.text)
    dmp_set_orientation                      0x08006965   Thumb Code   290  inv_mpu_dmp_motion_driver.o(.text)
    dmp_set_gyro_bias                        0x08006a87   Thumb Code   294  inv_mpu_dmp_motion_driver.o(.text)
    dmp_set_accel_bias                       0x08006bad   Thumb Code   300  inv_mpu_dmp_motion_driver.o(.text)
    dmp_set_fifo_rate                        0x08006cd9   Thumb Code   136  inv_mpu_dmp_motion_driver.o(.text)
    dmp_get_fifo_rate                        0x08006d61   Thumb Code    12  inv_mpu_dmp_motion_driver.o(.text)
    dmp_set_tap_thresh                       0x08006d6d   Thumb Code   396  inv_mpu_dmp_motion_driver.o(.text)
    dmp_set_tap_axes                         0x08006ef9   Thumb Code    70  inv_mpu_dmp_motion_driver.o(.text)
    dmp_set_tap_count                        0x08006f3f   Thumb Code    38  inv_mpu_dmp_motion_driver.o(.text)
    dmp_set_tap_time                         0x08006f65   Thumb Code    38  inv_mpu_dmp_motion_driver.o(.text)
    dmp_set_tap_time_multi                   0x08006f8b   Thumb Code    38  inv_mpu_dmp_motion_driver.o(.text)
    dmp_set_shake_reject_thresh              0x08006fb1   Thumb Code    56  inv_mpu_dmp_motion_driver.o(.text)
    dmp_set_shake_reject_time                0x08006fe9   Thumb Code    38  inv_mpu_dmp_motion_driver.o(.text)
    dmp_set_shake_reject_timeout             0x0800700f   Thumb Code    38  inv_mpu_dmp_motion_driver.o(.text)
    dmp_get_pedometer_step_count             0x08007035   Thumb Code    66  inv_mpu_dmp_motion_driver.o(.text)
    dmp_set_pedometer_step_count             0x08007077   Thumb Code    42  inv_mpu_dmp_motion_driver.o(.text)
    dmp_get_pedometer_walk_time              0x080070a1   Thumb Code    72  inv_mpu_dmp_motion_driver.o(.text)
    dmp_set_pedometer_walk_time              0x080070e9   Thumb Code    48  inv_mpu_dmp_motion_driver.o(.text)
    dmp_enable_6x_lp_quat                    0x08007119   Thumb Code    84  inv_mpu_dmp_motion_driver.o(.text)
    dmp_enable_lp_quat                       0x0800716d   Thumb Code    60  inv_mpu_dmp_motion_driver.o(.text)
    dmp_enable_gyro_cal                      0x080071a9   Thumb Code    62  inv_mpu_dmp_motion_driver.o(.text)
    dmp_enable_feature                       0x080071e7   Thumb Code   530  inv_mpu_dmp_motion_driver.o(.text)
    dmp_get_enabled_features                 0x080073f9   Thumb Code    12  inv_mpu_dmp_motion_driver.o(.text)
    dmp_set_interrupt_mode                   0x08007463   Thumb Code    66  inv_mpu_dmp_motion_driver.o(.text)
    dmp_read_fifo                            0x080074a5   Thumb Code   514  inv_mpu_dmp_motion_driver.o(.text)
    dmp_register_tap_cb                      0x080076a7   Thumb Code    10  inv_mpu_dmp_motion_driver.o(.text)
    dmp_register_android_orient_cb           0x080076b1   Thumb Code    10  inv_mpu_dmp_motion_driver.o(.text)
    MPU6050_newValues                        0x080077cd   Thumb Code   494  mpu6050.o(.text)
    MPU6050_setClockSource                   0x080079bb   Thumb Code    20  mpu6050.o(.text)
    MPU6050_setFullScaleGyroRange            0x080079cf   Thumb Code    20  mpu6050.o(.text)
    MPU6050_setFullScaleAccelRange           0x080079e3   Thumb Code    20  mpu6050.o(.text)
    MPU6050_setSleepEnabled                  0x080079f7   Thumb Code    18  mpu6050.o(.text)
    MPU6050_getDeviceID                      0x08007a09   Thumb Code    20  mpu6050.o(.text)
    MPU6050_testConnection                   0x08007a1d   Thumb Code    18  mpu6050.o(.text)
    MPU6050_setI2CMasterModeEnabled          0x08007a2f   Thumb Code    18  mpu6050.o(.text)
    MPU6050_setI2CBypassEnabled              0x08007a41   Thumb Code    18  mpu6050.o(.text)
    MPU6050_initialize                       0x08007a53   Thumb Code    40  mpu6050.o(.text)
    DMP_Init                                 0x08007a7b   Thumb Code   206  mpu6050.o(.text)
    Read_DMP                                 0x08007b49   Thumb Code   802  mpu6050.o(.text)
    Read_Temperature                         0x08007e6b   Thumb Code   110  mpu6050.o(.text)
    Kalman_Filter                            0x08007f05   Thumb Code   558  filter.o(.text)
    Yijielvbo                                0x08008133   Thumb Code   132  filter.o(.text)
    __use_no_semihosting                     0x0800820d   Thumb Code     2  use_no_semi_2.o(.text)
    __aeabi_ldivmod                          0x0800820f   Thumb Code     0  llsdiv.o(.text)
    _ll_sdiv                                 0x0800820f   Thumb Code    72  llsdiv.o(.text)
    __2printf                                0x08008259   Thumb Code    20  noretval__2printf.o(.text)
    __printf                                 0x08008271   Thumb Code   104  __printf.o(.text)
    _printf_int_dec                          0x080082d9   Thumb Code   104  _printf_dec.o(.text)
    memcmp                                   0x08008351   Thumb Code    88  memcmp.o(.text)
    __aeabi_memset                           0x080083a9   Thumb Code    16  aeabi_memset.o(.text)
    __use_two_region_memory                  0x080083b9   Thumb Code     2  heapauxi.o(.text)
    __rt_heap_escrow$2region                 0x080083bb   Thumb Code     2  heapauxi.o(.text)
    __rt_heap_expand$2region                 0x080083bd   Thumb Code     2  heapauxi.o(.text)
    __I$use$semihosting                      0x080083bf   Thumb Code     0  use_no_semi.o(.text)
    __use_no_semihosting_swi                 0x080083bf   Thumb Code     2  use_no_semi.o(.text)
    __aeabi_uldivmod                         0x080083c1   Thumb Code     0  lludivv7m.o(.text)
    _ll_udiv                                 0x080083c1   Thumb Code   238  lludivv7m.o(.text)
    __read_errno                             0x080084af   Thumb Code    10  _rserrno.o(.text)
    __set_errno                              0x080084b9   Thumb Code    12  _rserrno.o(.text)
    _printf_int_common                       0x080084c5   Thumb Code   178  _printf_intcommon.o(.text)
    _printf_char_file                        0x08008579   Thumb Code    32  _printf_char_file.o(.text)
    __aeabi_memclr                           0x0800859d   Thumb Code     0  rt_memclr.o(.text)
    __rt_memclr                              0x0800859d   Thumb Code    68  rt_memclr.o(.text)
    _memset                                  0x080085a1   Thumb Code     0  rt_memclr.o(.text)
    __aeabi_errno_addr                       0x080085e1   Thumb Code     8  rt_errno_addr_intlibspace.o(.text)
    __errno$intlibspace                      0x080085e1   Thumb Code     0  rt_errno_addr_intlibspace.o(.text)
    __rt_errno_addr$intlibspace              0x080085e1   Thumb Code     0  rt_errno_addr_intlibspace.o(.text)
    _printf_char_common                      0x080085f3   Thumb Code    32  _printf_char_common.o(.text)
    ferror                                   0x08008619   Thumb Code     8  ferror.o(.text)
    __aeabi_memclr4                          0x08008621   Thumb Code     0  rt_memclr_w.o(.text)
    __aeabi_memclr8                          0x08008621   Thumb Code     0  rt_memclr_w.o(.text)
    __rt_memclr_w                            0x08008621   Thumb Code    78  rt_memclr_w.o(.text)
    _memset_w                                0x08008625   Thumb Code     0  rt_memclr_w.o(.text)
    __user_libspace                          0x08008671   Thumb Code     8  libspace.o(.text)
    __user_perproc_libspace                  0x08008671   Thumb Code     0  libspace.o(.text)
    __user_perthread_libspace                0x08008671   Thumb Code     0  libspace.o(.text)
    __user_setup_stackheap                   0x08008679   Thumb Code    74  sys_stackheap_outer.o(.text)
    exit                                     0x080086c3   Thumb Code    18  exit.o(.text)
    __ARM_fpclassify                         0x080086d5   Thumb Code    40  fpclassify.o(i.__ARM_fpclassify)
    __kernel_poly                            0x080086fd   Thumb Code   170  poly.o(i.__kernel_poly)
    __mathlib_dbl_infnan                     0x080087a7   Thumb Code     6  dunder.o(i.__mathlib_dbl_infnan)
    __mathlib_dbl_infnan2                    0x080087ad   Thumb Code     4  dunder.o(i.__mathlib_dbl_infnan2)
    __mathlib_dbl_invalid                    0x080087b1   Thumb Code    12  dunder.o(i.__mathlib_dbl_invalid)
    __mathlib_dbl_underflow                  0x080087bd   Thumb Code    10  dunder.o(i.__mathlib_dbl_underflow)
    asin                                     0x080087cd   Thumb Code   572  asin.o(i.asin)
    atan                                     0x08008a3d   Thumb Code   474  atan.o(i.atan)
    atan2                                    0x08008c5d   Thumb Code   346  atan2.o(i.atan2)
    sqrt                                     0x08008ddd   Thumb Code    76  sqrt.o(i.sqrt)
    __aeabi_d2f                              0x08008e29   Thumb Code     0  d2f.o(x$fpl$d2f)
    _d2f                                     0x08008e29   Thumb Code    98  d2f.o(x$fpl$d2f)
    __aeabi_dadd                             0x08008e8d   Thumb Code     0  daddsub_clz.o(x$fpl$dadd)
    _dadd                                    0x08008e8d   Thumb Code   332  daddsub_clz.o(x$fpl$dadd)
    __fpl_dcheck_NaN1                        0x08008fdd   Thumb Code    10  dcheck1.o(x$fpl$dcheck1)
    __fpl_dcmp_Inf                           0x08008fed   Thumb Code    24  dcmpi.o(x$fpl$dcmpinf)
    __aeabi_ddiv                             0x08009005   Thumb Code     0  ddiv.o(x$fpl$ddiv)
    _ddiv                                    0x08009005   Thumb Code   552  ddiv.o(x$fpl$ddiv)
    __aeabi_cdcmple                          0x080092b5   Thumb Code     0  dleqf.o(x$fpl$dleqf)
    _dcmple                                  0x080092b5   Thumb Code   120  dleqf.o(x$fpl$dleqf)
    __fpl_dcmple_InfNaN                      0x08009317   Thumb Code     0  dleqf.o(x$fpl$dleqf)
    __aeabi_dmul                             0x0800932d   Thumb Code     0  dmul.o(x$fpl$dmul)
    _dmul                                    0x0800932d   Thumb Code   332  dmul.o(x$fpl$dmul)
    __fpl_dnaninf                            0x08009481   Thumb Code   156  dnaninf.o(x$fpl$dnaninf)
    __fpl_dretinf                            0x0800951d   Thumb Code    12  dretinf.o(x$fpl$dretinf)
    __aeabi_drsub                            0x08009529   Thumb Code     0  daddsub_clz.o(x$fpl$drsb)
    _drsb                                    0x08009529   Thumb Code    22  daddsub_clz.o(x$fpl$drsb)
    _dsqrt                                   0x08009541   Thumb Code   456  dsqrt_noumaal.o(x$fpl$dsqrt)
    __aeabi_dsub                             0x0800970d   Thumb Code     0  daddsub_clz.o(x$fpl$dsub)
    _dsub                                    0x0800970d   Thumb Code   464  daddsub_clz.o(x$fpl$dsub)
    __aeabi_f2d                              0x080098e1   Thumb Code     0  f2d.o(x$fpl$f2d)
    _f2d                                     0x080098e1   Thumb Code    86  f2d.o(x$fpl$f2d)
    __aeabi_fadd                             0x08009939   Thumb Code     0  faddsub_clz.o(x$fpl$fadd)
    _fadd                                    0x08009939   Thumb Code   196  faddsub_clz.o(x$fpl$fadd)
    __fpl_fcmp_Inf                           0x080099fd   Thumb Code    24  fcmpi.o(x$fpl$fcmpinf)
    __aeabi_fdiv                             0x08009a15   Thumb Code     0  fdiv.o(x$fpl$fdiv)
    _fdiv                                    0x08009a15   Thumb Code   384  fdiv.o(x$fpl$fdiv)
    __aeabi_cfcmpeq                          0x08009b99   Thumb Code     0  feqf.o(x$fpl$feqf)
    _fcmpeq                                  0x08009b99   Thumb Code   104  feqf.o(x$fpl$feqf)
    __aeabi_f2iz                             0x08009c01   Thumb Code     0  ffix.o(x$fpl$ffix)
    _ffix                                    0x08009c01   Thumb Code    54  ffix.o(x$fpl$ffix)
    __aeabi_f2uiz                            0x08009c39   Thumb Code     0  ffixu.o(x$fpl$ffixu)
    _ffixu                                   0x08009c39   Thumb Code    62  ffixu.o(x$fpl$ffixu)
    __aeabi_i2f                              0x08009c79   Thumb Code     0  fflt_clz.o(x$fpl$fflt)
    _fflt                                    0x08009c79   Thumb Code    48  fflt_clz.o(x$fpl$fflt)
    __aeabi_ui2f                             0x08009ca9   Thumb Code     0  fflt_clz.o(x$fpl$ffltu)
    _ffltu                                   0x08009ca9   Thumb Code    38  fflt_clz.o(x$fpl$ffltu)
    __aeabi_cfcmple                          0x08009cd1   Thumb Code     0  fleqf.o(x$fpl$fleqf)
    _fcmple                                  0x08009cd1   Thumb Code   104  fleqf.o(x$fpl$fleqf)
    __fpl_fcmple_InfNaN                      0x08009d23   Thumb Code     0  fleqf.o(x$fpl$fleqf)
    __aeabi_fmul                             0x08009d39   Thumb Code     0  fmul.o(x$fpl$fmul)
    _fmul                                    0x08009d39   Thumb Code   258  fmul.o(x$fpl$fmul)
    __fpl_fnaninf                            0x08009e3b   Thumb Code   140  fnaninf.o(x$fpl$fnaninf)
    __fpl_fretinf                            0x08009ec7   Thumb Code    10  fretinf.o(x$fpl$fretinf)
    __aeabi_cfrcmple                         0x08009ed1   Thumb Code     0  frleqf.o(x$fpl$frleqf)
    _frcmple                                 0x08009ed1   Thumb Code    98  frleqf.o(x$fpl$frleqf)
    __aeabi_frsub                            0x08009f33   Thumb Code     0  faddsub_clz.o(x$fpl$frsb)
    _frsb                                    0x08009f33   Thumb Code    20  faddsub_clz.o(x$fpl$frsb)
    __aeabi_fsub                             0x08009f49   Thumb Code     0  faddsub_clz.o(x$fpl$fsub)
    _fsub                                    0x08009f49   Thumb Code   234  faddsub_clz.o(x$fpl$fsub)
    __fpl_return_NaN                         0x0800a033   Thumb Code   100  retnan.o(x$fpl$retnan)
    __ARM_scalbn                             0x0800a097   Thumb Code    92  scalbn.o(x$fpl$scalbn)
    __fpl_cmpreturn                          0x0800a0f3   Thumb Code    48  trapv.o(x$fpl$trapveneer)
    __I$use$fp                               0x0800a122   Number         0  usenofp.o(x$fpl$usenofp)
    oled_asc2_1206                           0x0800a122   Data        1140  oled.o(.constdata)
    oled_asc2_1608                           0x0800a596   Data        1520  oled.o(.constdata)
    hw                                       0x0800ab88   Data          12  inv_mpu.o(.constdata)
    reg                                      0x0800ab94   Data          27  inv_mpu.o(.constdata)
    test                                     0x0800abb0   Data          40  inv_mpu.o(.constdata)
    __mathlib_zero                           0x0800b8b8   Data           8  qnan.o(.constdata)
    Region$$Table$$Base                      0x0800b910   Number         0  anon$$obj.o(Region$$Table)
    Region$$Table$$Limit                     0x0800b930   Number         0  anon$$obj.o(Region$$Table)
    SystemCoreClock                          0x20000000   Data           4  system_stm32f10x.o(.data)
    AHBPrescTable                            0x20000004   Data          16  system_stm32f10x.o(.data)
    Way_Angle                                0x20000014   Data           1  minibalance.o(.data)
    Stop                                     0x20000015   Data           1  minibalance.o(.data)
    Zou                                      0x20000016   Data           1  minibalance.o(.data)
    ZuoBiao_contrary                         0x20000017   Data           1  minibalance.o(.data)
    Flag_Qian                                0x20000018   Data           1  minibalance.o(.data)
    Flag_Hou                                 0x20000019   Data           1  minibalance.o(.data)
    Flag_Left                                0x2000001a   Data           1  minibalance.o(.data)
    Flag_Right                               0x2000001b   Data           1  minibalance.o(.data)
    Flag_sudu                                0x2000001c   Data           1  minibalance.o(.data)
    Flag_Stop                                0x2000001d   Data           1  minibalance.o(.data)
    Flag_Show                                0x2000001e   Data           1  minibalance.o(.data)
    Zhua_Stop                                0x2000001f   Data           1  minibalance.o(.data)
    Encoder_Left                             0x20000020   Data           4  minibalance.o(.data)
    Encoder_Right                            0x20000024   Data           4  minibalance.o(.data)
    Sudu                                     0x20000028   Data           4  minibalance.o(.data)
    t                                        0x2000002c   Data           4  minibalance.o(.data)
    Zhuan                                    0x20000030   Data           4  minibalance.o(.data)
    Moto1                                    0x20000034   Data           4  minibalance.o(.data)
    Moto2                                    0x20000038   Data           4  minibalance.o(.data)
    Temperature                              0x2000003c   Data           4  minibalance.o(.data)
    Angle_Balance                            0x20000040   Data           4  minibalance.o(.data)
    Gyro_Balance                             0x20000044   Data           4  minibalance.o(.data)
    Gyro_Turn                                0x20000048   Data           4  minibalance.o(.data)
    Show_Data_Mb                             0x2000004c   Data           4  minibalance.o(.data)
    Distance                                 0x20000050   Data           4  minibalance.o(.data)
    delay_50                                 0x20000054   Data           1  minibalance.o(.data)
    delay_flag                               0x20000055   Data           1  minibalance.o(.data)
    Bi_zhang                                 0x20000056   Data           1  minibalance.o(.data)
    PID_Send                                 0x20000057   Data           1  minibalance.o(.data)
    Flash_Send                               0x20000058   Data           1  minibalance.o(.data)
    Acceleration_Z                           0x2000005c   Data           4  minibalance.o(.data)
    Balance_Kp                               0x20000060   Data           4  minibalance.o(.data)
    Balance_Kd                               0x20000064   Data           4  minibalance.o(.data)
    Velocity_Kp                              0x20000068   Data           4  minibalance.o(.data)
    Velocity_Ki                              0x2000006c   Data           4  minibalance.o(.data)
    __stdout                                 0x20000088   Data           4  usart.o(.data)
    USART_RX_STA                             0x2000008c   Data           2  usart.o(.data)
    TIM3CH3_CAPTURE_STA                      0x2000009c   Data           2  timer.o(.data)
    TIM3CH3_CAPTURE_VAL                      0x2000009e   Data           2  timer.o(.data)
    USART3_RX_STA                            0x200000a0   Data           2  usart3.o(.data)
    pos_x                                    0x200000a4   Data           4  usart3.o(.data)
    pos_y                                    0x200000a8   Data           4  usart3.o(.data)
    zangle                                   0x200000ac   Data           4  usart3.o(.data)
    xangle                                   0x200000b0   Data           4  usart3.o(.data)
    yangle                                   0x200000b4   Data           4  usart3.o(.data)
    w_z                                      0x200000b8   Data           4  usart3.o(.data)
    pos_x_1                                  0x200000bc   Data           4  usart3.o(.data)
    pos_y_1                                  0x200000c0   Data           4  usart3.o(.data)
    zangle_1                                 0x200000c4   Data           4  usart3.o(.data)
    Balance_Pwm                              0x200000cc   Data           4  control.o(.data)
    Velocity_Pwm                             0x200000d0   Data           4  control.o(.data)
    Turn_Pwm                                 0x200000d4   Data           4  control.o(.data)
    TWO_DIAN_PWM                             0x200000d8   Data           4  control.o(.data)
    t1                                       0x200000dc   Data           4  control.o(.data)
    Flag_Target                              0x200000e0   Data           1  control.o(.data)
    Flash_R_Count                            0x200000e4   Data           4  control.o(.data)
    err_last                                 0x200000e8   Data           4  control.o(.data)
    err_x                                    0x200000ec   Data           4  control.o(.data)
    err_y                                    0x200000f0   Data           4  control.o(.data)
    err_xy                                   0x200000f4   Data           4  control.o(.data)
    err_pid                                  0x200000f8   Data           4  control.o(.data)
    left                                     0x200000fc   Data           4  control.o(.data)
    right                                    0x20000100   Data           4  control.o(.data)
    omga                                     0x20000104   Data           4  control.o(.data)
    cta                                      0x20000108   Data           4  control.o(.data)
    err_old                                  0x2000010c   Data           4  control.o(.data)
    Pi                                       0x20000110   Data           4  control.o(.data)
    left_err                                 0x20000114   Data           4  control.o(.data)
    right_err                                0x20000118   Data           4  control.o(.data)
    zangleErr                                0x2000011c   Data           4  control.o(.data)
    zangle_pid                               0x20000120   Data           4  control.o(.data)
    zangle_old                               0x20000124   Data           4  control.o(.data)
    zangle_last                              0x20000128   Data           4  control.o(.data)
    zangle_new                               0x2000012c   Data           4  control.o(.data)
    zangleErrErr                             0x20000130   Data           4  control.o(.data)
    PI_v1                                    0x20000134   Data           4  control.o(.data)
    zangleErr_v1                             0x20000138   Data           4  control.o(.data)
    zangle_old_v1                            0x2000013c   Data           4  control.o(.data)
    zangle_pid_v1                            0x20000140   Data           4  control.o(.data)
    zangle_last_v1                           0x20000144   Data           4  control.o(.data)
    zangleErrErr_v1                          0x20000148   Data           4  control.o(.data)
    PI_v2                                    0x2000014c   Data           4  control.o(.data)
    zangleErr_v2                             0x20000150   Data           4  control.o(.data)
    zangle_old_v2                            0x20000154   Data           4  control.o(.data)
    zangle_pid_v2                            0x20000158   Data           4  control.o(.data)
    zangle_last_v2                           0x2000015c   Data           4  control.o(.data)
    zangleErrErr_v2                          0x20000160   Data           4  control.o(.data)
    gyro                                     0x200001c0   Data           6  mpu6050.o(.data)
    accel                                    0x200001c6   Data           6  mpu6050.o(.data)
    sensors                                  0x200001cc   Data           2  mpu6050.o(.data)
    Pitch                                    0x200001d0   Data           4  mpu6050.o(.data)
    Roll                                     0x200001d4   Data           4  mpu6050.o(.data)
    q0                                       0x200001d8   Data           4  mpu6050.o(.data)
    q1                                       0x200001dc   Data           4  mpu6050.o(.data)
    q2                                       0x200001e0   Data           4  mpu6050.o(.data)
    q3                                       0x200001e4   Data           4  mpu6050.o(.data)
    Gx_offset                                0x200001f2   Data           2  mpu6050.o(.data)
    Gy_offset                                0x200001f4   Data           2  mpu6050.o(.data)
    Gz_offset                                0x200001f6   Data           2  mpu6050.o(.data)
    K1                                       0x200001f8   Data           4  filter.o(.data)
    angle                                    0x200001fc   Data           4  filter.o(.data)
    angle_dot                                0x20000200   Data           4  filter.o(.data)
    Q_angle                                  0x20000204   Data           4  filter.o(.data)
    Q_gyro                                   0x20000208   Data           4  filter.o(.data)
    R_angle                                  0x2000020c   Data           4  filter.o(.data)
    dt                                       0x20000210   Data           4  filter.o(.data)
    C_0                                      0x20000214   Data           1  filter.o(.data)
    Q_bias                                   0x20000218   Data           4  filter.o(.data)
    Angle_err                                0x2000021c   Data           4  filter.o(.data)
    PCt_0                                    0x20000220   Data           4  filter.o(.data)
    PCt_1                                    0x20000224   Data           4  filter.o(.data)
    E                                        0x20000228   Data           4  filter.o(.data)
    K_0                                      0x2000022c   Data           4  filter.o(.data)
    K_1                                      0x20000230   Data           4  filter.o(.data)
    t_0                                      0x20000234   Data           4  filter.o(.data)
    t_1                                      0x20000238   Data           4  filter.o(.data)
    PP                                       0x2000023c   Data          16  filter.o(.data)
    USART_RX_BUF                             0x2000024c   Data         200  usart.o(.bss)
    OLED_GRAM                                0x20000314   Data        1024  oled.o(.bss)
    TIM3_ICInitStructure                     0x20000714   Data          10  timer.o(.bss)
    USART3_RX_BUF                            0x20000720   Data        6000  usart3.o(.bss)
    USART3_TX_BUF                            0x20001e90   Data        6000  usart3.o(.bss)
    buffer                                   0x20003628   Data          14  mpu6050.o(.bss)
    MPU6050_FIFO                             0x20003636   Data         132  mpu6050.o(.bss)
    Pdot                                     0x200036bc   Data          16  filter.o(.bss)
    __libspace_start                         0x200036cc   Data          96  libspace.o(.bss)
    __temporary_stack_top$libspace           0x2000372c   Data           0  libspace.o(.bss)



==============================================================================

Memory Map of the image

  Image Entry point : 0x080000ed

  Load Region LR_IROM1 (Base: 0x08000000, Size: 0x0000bb7c, Max: 0x00080000, ABSOLUTE, COMPRESSED[0x0000b99c])

    Execution Region ER_IROM1 (Base: 0x08000000, Size: 0x0000b930, Max: 0x00080000, ABSOLUTE)

    Base Addr    Size         Type   Attr      Idx    E Section Name        Object

    0x08000000   0x000000ec   Data   RO          227    RESET               startup_stm32f10x_md.o
    0x080000ec   0x00000008   Code   RO          904  * !!!main             c_w.l(__main.o)
    0x080000f4   0x00000034   Code   RO         1225    !!!scatter          c_w.l(__scatter.o)
    0x08000128   0x0000005a   Code   RO         1223    !!dczerorl2         c_w.l(__dczerorl2.o)
    0x08000182   0x00000002   PAD
    0x08000184   0x0000001c   Code   RO         1227    !!handler_zi        c_w.l(__scatter_zi.o)
    0x080001a0   0x00000000   Code   RO          897    .ARM.Collect$$_printf_percent$$00000000  c_w.l(_printf_percent.o)
    0x080001a0   0x00000006   Code   RO          896    .ARM.Collect$$_printf_percent$$00000009  c_w.l(_printf_d.o)
    0x080001a6   0x00000004   Code   RO          995    .ARM.Collect$$_printf_percent$$00000017  c_w.l(_printf_percent_end.o)
    0x080001aa   0x00000002   Code   RO         1092    .ARM.Collect$$libinit$$00000000  c_w.l(libinit.o)
    0x080001ac   0x00000000   Code   RO         1102    .ARM.Collect$$libinit$$00000002  c_w.l(libinit2.o)
    0x080001ac   0x00000000   Code   RO         1104    .ARM.Collect$$libinit$$00000004  c_w.l(libinit2.o)
    0x080001ac   0x00000000   Code   RO         1107    .ARM.Collect$$libinit$$0000000A  c_w.l(libinit2.o)
    0x080001ac   0x00000000   Code   RO         1109    .ARM.Collect$$libinit$$0000000C  c_w.l(libinit2.o)
    0x080001ac   0x00000000   Code   RO         1111    .ARM.Collect$$libinit$$0000000E  c_w.l(libinit2.o)
    0x080001ac   0x00000000   Code   RO         1114    .ARM.Collect$$libinit$$00000011  c_w.l(libinit2.o)
    0x080001ac   0x00000000   Code   RO         1116    .ARM.Collect$$libinit$$00000013  c_w.l(libinit2.o)
    0x080001ac   0x00000000   Code   RO         1118    .ARM.Collect$$libinit$$00000015  c_w.l(libinit2.o)
    0x080001ac   0x00000000   Code   RO         1120    .ARM.Collect$$libinit$$00000017  c_w.l(libinit2.o)
    0x080001ac   0x00000000   Code   RO         1122    .ARM.Collect$$libinit$$00000019  c_w.l(libinit2.o)
    0x080001ac   0x00000000   Code   RO         1124    .ARM.Collect$$libinit$$0000001B  c_w.l(libinit2.o)
    0x080001ac   0x00000000   Code   RO         1126    .ARM.Collect$$libinit$$0000001D  c_w.l(libinit2.o)
    0x080001ac   0x00000000   Code   RO         1128    .ARM.Collect$$libinit$$0000001F  c_w.l(libinit2.o)
    0x080001ac   0x00000000   Code   RO         1130    .ARM.Collect$$libinit$$00000021  c_w.l(libinit2.o)
    0x080001ac   0x00000000   Code   RO         1132    .ARM.Collect$$libinit$$00000023  c_w.l(libinit2.o)
    0x080001ac   0x00000000   Code   RO         1134    .ARM.Collect$$libinit$$00000025  c_w.l(libinit2.o)
    0x080001ac   0x00000000   Code   RO         1138    .ARM.Collect$$libinit$$0000002C  c_w.l(libinit2.o)
    0x080001ac   0x00000000   Code   RO         1140    .ARM.Collect$$libinit$$0000002E  c_w.l(libinit2.o)
    0x080001ac   0x00000000   Code   RO         1142    .ARM.Collect$$libinit$$00000030  c_w.l(libinit2.o)
    0x080001ac   0x00000000   Code   RO         1144    .ARM.Collect$$libinit$$00000032  c_w.l(libinit2.o)
    0x080001ac   0x00000002   Code   RO         1145    .ARM.Collect$$libinit$$00000033  c_w.l(libinit2.o)
    0x080001ae   0x00000002   Code   RO         1175    .ARM.Collect$$libshutdown$$00000000  c_w.l(libshutdown.o)
    0x080001b0   0x00000000   Code   RO         1189    .ARM.Collect$$libshutdown$$00000002  c_w.l(libshutdown2.o)
    0x080001b0   0x00000000   Code   RO         1191    .ARM.Collect$$libshutdown$$00000004  c_w.l(libshutdown2.o)
    0x080001b0   0x00000000   Code   RO         1194    .ARM.Collect$$libshutdown$$00000007  c_w.l(libshutdown2.o)
    0x080001b0   0x00000000   Code   RO         1197    .ARM.Collect$$libshutdown$$0000000A  c_w.l(libshutdown2.o)
    0x080001b0   0x00000000   Code   RO         1199    .ARM.Collect$$libshutdown$$0000000C  c_w.l(libshutdown2.o)
    0x080001b0   0x00000000   Code   RO         1202    .ARM.Collect$$libshutdown$$0000000F  c_w.l(libshutdown2.o)
    0x080001b0   0x00000002   Code   RO         1203    .ARM.Collect$$libshutdown$$00000010  c_w.l(libshutdown2.o)
    0x080001b2   0x00000000   Code   RO          986    .ARM.Collect$$rtentry$$00000000  c_w.l(__rtentry.o)
    0x080001b2   0x00000000   Code   RO         1041    .ARM.Collect$$rtentry$$00000002  c_w.l(__rtentry2.o)
    0x080001b2   0x00000006   Code   RO         1053    .ARM.Collect$$rtentry$$00000004  c_w.l(__rtentry4.o)
    0x080001b8   0x00000000   Code   RO         1043    .ARM.Collect$$rtentry$$00000009  c_w.l(__rtentry2.o)
    0x080001b8   0x00000004   Code   RO         1044    .ARM.Collect$$rtentry$$0000000A  c_w.l(__rtentry2.o)
    0x080001bc   0x00000000   Code   RO         1046    .ARM.Collect$$rtentry$$0000000C  c_w.l(__rtentry2.o)
    0x080001bc   0x00000008   Code   RO         1047    .ARM.Collect$$rtentry$$0000000D  c_w.l(__rtentry2.o)
    0x080001c4   0x00000002   Code   RO         1095    .ARM.Collect$$rtexit$$00000000  c_w.l(rtexit.o)
    0x080001c6   0x00000000   Code   RO         1149    .ARM.Collect$$rtexit$$00000002  c_w.l(rtexit2.o)
    0x080001c6   0x00000004   Code   RO         1150    .ARM.Collect$$rtexit$$00000003  c_w.l(rtexit2.o)
    0x080001ca   0x00000006   Code   RO         1151    .ARM.Collect$$rtexit$$00000004  c_w.l(rtexit2.o)
    0x080001d0   0x0000000c   Code   RO          562    .emb_text           sys.o
    0x080001dc   0x0000001a   Code   RO            1    .text               stm32f10x_it.o
    0x080001f6   0x00000002   PAD
    0x080001f8   0x000001e0   Code   RO          104    .text               system_stm32f10x.o
    0x080003d8   0x00000098   Code   RO          122    .text               minibalance.o
    0x08000470   0x00000040   Code   RO          228    .text               startup_stm32f10x_md.o
    0x080004b0   0x000000dc   Code   RO          232    .text               misc.o
    0x0800058c   0x000000c4   Code   RO          282    .text               stm32f10x_bkp.o
    0x08000650   0x0000011c   Code   RO          366    .text               stm32f10x_exti.o
    0x0800076c   0x0000035c   Code   RO          402    .text               stm32f10x_gpio.o
    0x08000ac8   0x000000cc   Code   RO          438    .text               stm32f10x_pwr.o
    0x08000b94   0x000003a4   Code   RO          450    .text               stm32f10x_rcc.o
    0x08000f38   0x00000e1a   Code   RO          500    .text               stm32f10x_tim.o
    0x08001d52   0x00000002   PAD
    0x08001d54   0x00000408   Code   RO          512    .text               stm32f10x_usart.o
    0x0800215c   0x000000d4   Code   RO          536    .text               delay.o
    0x08002230   0x000002bc   Code   RO          563    .text               sys.o
    0x080024ec   0x00000140   Code   RO          578    .text               usart.o
    0x0800262c   0x00000170   Code   RO          601    .text               key.o
    0x0800279c   0x0000044e   Code   RO          614    .text               oled.o
    0x08002bea   0x00000002   PAD
    0x08002bec   0x000001e4   Code   RO          633    .text               timer.o
    0x08002dd0   0x000000d8   Code   RO          649    .text               motor.o
    0x08002ea8   0x000001b8   Code   RO          661    .text               encoder.o
    0x08003060   0x00000526   Code   RO          673    .text               ioi2c.o
    0x08003586   0x00000002   PAD
    0x08003588   0x00000234   Code   RO          685    .text               usart3.o
    0x080037bc   0x00000070   Code   RO          711    .text               exti.o
    0x0800382c   0x00000084   Code   RO          726    .text               tongxin.o
    0x080038b0   0x00001210   Code   RO          738    .text               control.o
    0x08004ac0   0x00001e90   Code   RO          761    .text               inv_mpu.o
    0x08006950   0x00000d70   Code   RO          785    .text               inv_mpu_dmp_motion_driver.o
    0x080076c0   0x00000844   Code   RO          800    .text               mpu6050.o
    0x08007f04   0x00000308   Code   RO          843    .text               filter.o
    0x0800820c   0x00000002   Code   RO          864    .text               c_w.l(use_no_semi_2.o)
    0x0800820e   0x00000048   Code   RO          866    .text               c_w.l(llsdiv.o)
    0x08008256   0x00000002   PAD
    0x08008258   0x00000018   Code   RO          870    .text               c_w.l(noretval__2printf.o)
    0x08008270   0x00000068   Code   RO          872    .text               c_w.l(__printf.o)
    0x080082d8   0x00000078   Code   RO          874    .text               c_w.l(_printf_dec.o)
    0x08008350   0x00000058   Code   RO          898    .text               c_w.l(memcmp.o)
    0x080083a8   0x00000010   Code   RO          900    .text               c_w.l(aeabi_memset.o)
    0x080083b8   0x00000006   Code   RO          902    .text               c_w.l(heapauxi.o)
    0x080083be   0x00000002   Code   RO          984    .text               c_w.l(use_no_semi.o)
    0x080083c0   0x000000ee   Code   RO          987    .text               c_w.l(lludivv7m.o)
    0x080084ae   0x00000016   Code   RO          989    .text               c_w.l(_rserrno.o)
    0x080084c4   0x000000b2   Code   RO          991    .text               c_w.l(_printf_intcommon.o)
    0x08008576   0x00000002   PAD
    0x08008578   0x00000024   Code   RO          993    .text               c_w.l(_printf_char_file.o)
    0x0800859c   0x00000044   Code   RO          996    .text               c_w.l(rt_memclr.o)
    0x080085e0   0x00000008   Code   RO         1062    .text               c_w.l(rt_errno_addr_intlibspace.o)
    0x080085e8   0x00000030   Code   RO         1064    .text               c_w.l(_printf_char_common.o)
    0x08008618   0x00000008   Code   RO         1066    .text               c_w.l(ferror.o)
    0x08008620   0x0000004e   Code   RO         1070    .text               c_w.l(rt_memclr_w.o)
    0x0800866e   0x00000002   PAD
    0x08008670   0x00000008   Code   RO         1076    .text               c_w.l(libspace.o)
    0x08008678   0x0000004a   Code   RO         1079    .text               c_w.l(sys_stackheap_outer.o)
    0x080086c2   0x00000012   Code   RO         1085    .text               c_w.l(exit.o)
    0x080086d4   0x00000028   Code   RO         1027    i.__ARM_fpclassify  m_ws.l(fpclassify.o)
    0x080086fc   0x000000aa   Code   RO         1029    i.__kernel_poly     m_ws.l(poly.o)
    0x080087a6   0x00000006   Code   RO         1014    i.__mathlib_dbl_infnan  m_ws.l(dunder.o)
    0x080087ac   0x00000004   Code   RO         1015    i.__mathlib_dbl_infnan2  m_ws.l(dunder.o)
    0x080087b0   0x0000000c   Code   RO         1016    i.__mathlib_dbl_invalid  m_ws.l(dunder.o)
    0x080087bc   0x00000010   Code   RO         1019    i.__mathlib_dbl_underflow  m_ws.l(dunder.o)
    0x080087cc   0x00000270   Code   RO          957    i.asin              m_ws.l(asin.o)
    0x08008a3c   0x00000220   Code   RO          967    i.atan              m_ws.l(atan.o)
    0x08008c5c   0x00000180   Code   RO          977    i.atan2             m_ws.l(atan2.o)
    0x08008ddc   0x0000004c   Code   RO         1033    i.sqrt              m_ws.l(sqrt.o)
    0x08008e28   0x00000062   Code   RO          906    x$fpl$d2f           fz_ws.l(d2f.o)
    0x08008e8a   0x00000002   PAD
    0x08008e8c   0x00000150   Code   RO          908    x$fpl$dadd          fz_ws.l(daddsub_clz.o)
    0x08008fdc   0x00000010   Code   RO         1072    x$fpl$dcheck1       fz_ws.l(dcheck1.o)
    0x08008fec   0x00000018   Code   RO          998    x$fpl$dcmpinf       fz_ws.l(dcmpi.o)
    0x08009004   0x000002b0   Code   RO          915    x$fpl$ddiv          fz_ws.l(ddiv.o)
    0x080092b4   0x00000078   Code   RO          918    x$fpl$dleqf         fz_ws.l(dleqf.o)
    0x0800932c   0x00000154   Code   RO          920    x$fpl$dmul          fz_ws.l(dmul.o)
    0x08009480   0x0000009c   Code   RO         1000    x$fpl$dnaninf       fz_ws.l(dnaninf.o)
    0x0800951c   0x0000000c   Code   RO         1002    x$fpl$dretinf       fz_ws.l(dretinf.o)
    0x08009528   0x00000016   Code   RO          909    x$fpl$drsb          fz_ws.l(daddsub_clz.o)
    0x0800953e   0x00000002   PAD
    0x08009540   0x000001cc   Code   RO         1074    x$fpl$dsqrt         fz_ws.l(dsqrt_noumaal.o)
    0x0800970c   0x000001d4   Code   RO          910    x$fpl$dsub          fz_ws.l(daddsub_clz.o)
    0x080098e0   0x00000056   Code   RO          922    x$fpl$f2d           fz_ws.l(f2d.o)
    0x08009936   0x00000002   PAD
    0x08009938   0x000000c4   Code   RO          924    x$fpl$fadd          fz_ws.l(faddsub_clz.o)
    0x080099fc   0x00000018   Code   RO         1004    x$fpl$fcmpinf       fz_ws.l(fcmpi.o)
    0x08009a14   0x00000184   Code   RO          931    x$fpl$fdiv          fz_ws.l(fdiv.o)
    0x08009b98   0x00000068   Code   RO          934    x$fpl$feqf          fz_ws.l(feqf.o)
    0x08009c00   0x00000036   Code   RO          936    x$fpl$ffix          fz_ws.l(ffix.o)
    0x08009c36   0x00000002   PAD
    0x08009c38   0x0000003e   Code   RO          940    x$fpl$ffixu         fz_ws.l(ffixu.o)
    0x08009c76   0x00000002   PAD
    0x08009c78   0x00000030   Code   RO          945    x$fpl$fflt          fz_ws.l(fflt_clz.o)
    0x08009ca8   0x00000026   Code   RO          944    x$fpl$ffltu         fz_ws.l(fflt_clz.o)
    0x08009cce   0x00000002   PAD
    0x08009cd0   0x00000068   Code   RO          950    x$fpl$fleqf         fz_ws.l(fleqf.o)
    0x08009d38   0x00000102   Code   RO          952    x$fpl$fmul          fz_ws.l(fmul.o)
    0x08009e3a   0x0000008c   Code   RO         1006    x$fpl$fnaninf       fz_ws.l(fnaninf.o)
    0x08009ec6   0x0000000a   Code   RO         1008    x$fpl$fretinf       fz_ws.l(fretinf.o)
    0x08009ed0   0x00000062   Code   RO          954    x$fpl$frleqf        fz_ws.l(frleqf.o)
    0x08009f32   0x00000014   Code   RO          925    x$fpl$frsb          fz_ws.l(faddsub_clz.o)
    0x08009f46   0x00000002   PAD
    0x08009f48   0x000000ea   Code   RO          926    x$fpl$fsub          fz_ws.l(faddsub_clz.o)
    0x0800a032   0x00000064   Code   RO         1093    x$fpl$retnan        fz_ws.l(retnan.o)
    0x0800a096   0x0000005c   Code   RO         1010    x$fpl$scalbn        fz_ws.l(scalbn.o)
    0x0800a0f2   0x00000030   Code   RO         1146    x$fpl$trapveneer    fz_ws.l(trapv.o)
    0x0800a122   0x00000000   Code   RO         1012    x$fpl$usenofp       fz_ws.l(usenofp.o)
    0x0800a122   0x00000a64   Data   RO          616    .constdata          oled.o
    0x0800ab86   0x00000002   PAD
    0x0800ab88   0x00000050   Data   RO          762    .constdata          inv_mpu.o
    0x0800abd8   0x00000bf6   Data   RO          787    .constdata          inv_mpu_dmp_motion_driver.o
    0x0800b7ce   0x00000002   PAD
    0x0800b7d0   0x00000050   Data   RO          958    .constdata          m_ws.l(asin.o)
    0x0800b820   0x00000098   Data   RO          968    .constdata          m_ws.l(atan.o)
    0x0800b8b8   0x00000008   Data   RO         1031    .constdata          m_ws.l(qnan.o)
    0x0800b8c0   0x0000004e   Data   RO          763    .conststring        inv_mpu.o
    0x0800b90e   0x00000002   PAD
    0x0800b910   0x00000020   Data   RO         1221    Region$$Table       anon$$obj.o


    Execution Region RW_IRAM1 (Base: 0x20000000, Size: 0x00003d30, Max: 0x00010000, ABSOLUTE, COMPRESSED[0x0000006c])

    Base Addr    Size         Type   Attr      Idx    E Section Name        Object

    0x20000000   0x00000014   Data   RW          105    .data               system_stm32f10x.o
    0x20000014   0x0000005c   Data   RW          124    .data               minibalance.o
    0x20000070   0x00000014   Data   RW          451    .data               stm32f10x_rcc.o
    0x20000084   0x00000004   Data   RW          537    .data               delay.o
    0x20000088   0x00000006   Data   RW          580    .data               usart.o
    0x2000008e   0x0000000e   Data   RW          602    .data               key.o
    0x2000009c   0x00000004   Data   RW          635    .data               timer.o
    0x200000a0   0x0000002b   Data   RW          687    .data               usart3.o
    0x200000cb   0x00000001   PAD
    0x200000cc   0x000000c8   Data   RW          739    .data               control.o
    0x20000194   0x0000002c   Data   RW          764    .data               inv_mpu.o
    0x200001c0   0x00000038   Data   RW          802    .data               mpu6050.o
    0x200001f8   0x00000054   Data   RW          845    .data               filter.o
    0x2000024c   0x000000c8   Zero   RW          579    .bss                usart.o
    0x20000314   0x00000400   Zero   RW          615    .bss                oled.o
    0x20000714   0x0000000a   Zero   RW          634    .bss                timer.o
    0x2000071e   0x00000002   PAD
    0x20000720   0x00002ef8   Zero   RW          686    .bss                usart3.o
    0x20003618   0x00000010   Zero   RW          786    .bss                inv_mpu_dmp_motion_driver.o
    0x20003628   0x00000092   Zero   RW          801    .bss                mpu6050.o
    0x200036ba   0x00000002   PAD
    0x200036bc   0x00000010   Zero   RW          844    .bss                filter.o
    0x200036cc   0x00000060   Zero   RW         1077    .bss                c_w.l(libspace.o)
    0x2000372c   0x00000004   PAD
    0x20003730   0x00000200   Zero   RW          226    HEAP                startup_stm32f10x_md.o
    0x20003930   0x00000400   Zero   RW          225    STACK               startup_stm32f10x_md.o


==============================================================================

Image component sizes


      Code (inc. data)   RO Data    RW Data    ZI Data      Debug   Object Name

      4624        688          0        200          0       8777   control.o
         0          0          0          0          0         32   core_cm3.o
       212         18          0          4          0       1031   delay.o
       440         16          0          0          0       1555   encoder.o
       112          4          0          0          0        636   exti.o
       776         86          0         84         16       1968   filter.o
      7824        172        158         44          0      21611   inv_mpu.o
      3440        126       3062          0         16      15115   inv_mpu_dmp_motion_driver.o
      1318         12          0          0          0       5842   ioi2c.o
       368         42          0         14          0       1479   key.o
       152         16          0         92          0       2436   minibalance.o
       220         22          0          0          0     208741   misc.o
       216         12          0          0          0        982   motor.o
      2116        450          0         56        146      20894   mpu6050.o
      1102         34       2660          0       1024       4695   oled.o
        64         26        236          0       1536        812   startup_stm32f10x_md.o
       196          8          0          0          0       3488   stm32f10x_bkp.o
       284         10          0          0          0       2247   stm32f10x_exti.o
       860         38          0          0          0       5725   stm32f10x_gpio.o
        26          0          0          0          0     252266   stm32f10x_it.o
       204         14          0          0          0       1951   stm32f10x_pwr.o
       932         36          0         20          0       8896   stm32f10x_rcc.o
      3610         88          0          0          0      22832   stm32f10x_tim.o
      1032         22          0          0          0       8448   stm32f10x_usart.o
       712         44          0          0          0       2815   sys.o
       480         38          0         20          0       1727   system_stm32f10x.o
       484         32          0          4         10       1580   timer.o
       132          4          0          0          0        868   tongxin.o
       320         18          0          6        200       3126   usart.o
       564         72          0         43      12024       2262   usart3.o

    ----------------------------------------------------------------------
     32828       2148       6154        588      14976     614837   Object Totals
         0          0         32          0          0          0   (incl. Generated)
         8          0          6          1          4          0   (incl. Padding)

    ----------------------------------------------------------------------

      Code (inc. data)   RO Data    RW Data    ZI Data      Debug   Library Member Name

        90          0          0          0          0          0   __dczerorl2.o
         8          0          0          0          0         68   __main.o
       104          0          0          0          0         84   __printf.o
         0          0          0          0          0          0   __rtentry.o
        12          0          0          0          0          0   __rtentry2.o
         6          0          0          0          0          0   __rtentry4.o
        52          8          0          0          0          0   __scatter.o
        28          0          0          0          0          0   __scatter_zi.o
        48          6          0          0          0         96   _printf_char_common.o
        36          4          0          0          0         80   _printf_char_file.o
         6          0          0          0          0          0   _printf_d.o
       120         16          0          0          0         92   _printf_dec.o
       178          0          0          0          0         88   _printf_intcommon.o
         0          0          0          0          0          0   _printf_percent.o
         4          0          0          0          0          0   _printf_percent_end.o
        22          0          0          0          0        100   _rserrno.o
        16          0          0          0          0         68   aeabi_memset.o
        18          0          0          0          0         80   exit.o
         8          0          0          0          0         68   ferror.o
         6          0          0          0          0        152   heapauxi.o
         2          0          0          0          0          0   libinit.o
         2          0          0          0          0          0   libinit2.o
         2          0          0          0          0          0   libshutdown.o
         2          0          0          0          0          0   libshutdown2.o
         8          4          0          0         96         68   libspace.o
        72          0          0          0          0         76   llsdiv.o
       238          0          0          0          0        100   lludivv7m.o
        88          0          0          0          0         76   memcmp.o
        24          4          0          0          0         84   noretval__2printf.o
         8          4          0          0          0         68   rt_errno_addr_intlibspace.o
        68          0          0          0          0         68   rt_memclr.o
        78          0          0          0          0         80   rt_memclr_w.o
         2          0          0          0          0          0   rtexit.o
        10          0          0          0          0          0   rtexit2.o
        74          0          0          0          0         80   sys_stackheap_outer.o
         2          0          0          0          0         68   use_no_semi.o
         2          0          0          0          0         68   use_no_semi_2.o
        98          4          0          0          0         92   d2f.o
       826         16          0          0          0        348   daddsub_clz.o
        16          4          0          0          0         68   dcheck1.o
        24          0          0          0          0         68   dcmpi.o
       688        140          0          0          0        208   ddiv.o
       120          4          0          0          0         92   dleqf.o
       340         12          0          0          0        104   dmul.o
       156          4          0          0          0         92   dnaninf.o
        12          0          0          0          0         68   dretinf.o
       460         56          0          0          0        120   dsqrt_noumaal.o
        86          4          0          0          0         84   f2d.o
       450          8          0          0          0        236   faddsub_clz.o
        24          0          0          0          0         68   fcmpi.o
       388         76          0          0          0         96   fdiv.o
       104          4          0          0          0         84   feqf.o
        54          4          0          0          0         84   ffix.o
        62          4          0          0          0         84   ffixu.o
        86          0          0          0          0        136   fflt_clz.o
       104          4          0          0          0         84   fleqf.o
       258          4          0          0          0         84   fmul.o
       140          4          0          0          0         84   fnaninf.o
        10          0          0          0          0         68   fretinf.o
        98          0          0          0          0         68   frleqf.o
       100          0          0          0          0         68   retnan.o
        92          0          0          0          0         68   scalbn.o
        48          0          0          0          0         68   trapv.o
         0          0          0          0          0          0   usenofp.o
       624         52         80          0          0        168   asin.o
       544         70        152          0          0        124   atan.o
       384         38          0          0          0        144   atan2.o
        38          6          0          0          0        272   dunder.o
        40          0          0          0          0         68   fpclassify.o
       170          0          0          0          0         96   poly.o
         0          0          8          0          0          0   qnan.o
        76          0          0          0          0         84   sqrt.o

    ----------------------------------------------------------------------
      8186        564        240          0        100       5492   Library Totals
        22          0          0          0          4          0   (incl. Padding)

    ----------------------------------------------------------------------

      Code (inc. data)   RO Data    RW Data    ZI Data      Debug   Library Name

      1444         46          0          0         96       1812   c_w.l
      4844        352          0          0          0       2724   fz_ws.l
      1876        166        240          0          0        956   m_ws.l

    ----------------------------------------------------------------------
      8186        564        240          0        100       5492   Library Totals

    ----------------------------------------------------------------------

==============================================================================


      Code (inc. data)   RO Data    RW Data    ZI Data      Debug   

     41014       2712       6394        588      15076     614501   Grand Totals
     41014       2712       6394        108      15076     614501   ELF Image Totals (compressed)
     41014       2712       6394        108          0          0   ROM Totals

==============================================================================

    Total RO  Size (Code + RO Data)                47408 (  46.30kB)
    Total RW  Size (RW Data + ZI Data)             15664 (  15.30kB)
    Total ROM Size (Code + RO Data + RW Data)      47516 (  46.40kB)

==============================================================================

